v13 evolution · seed 42 · pop 16 · gens 12 · scales [2000,4000,8000] · taps 256 · fit 8000 · F = mean − 0.5·std − 0.02·syn/n/100
  gen 0 # 0 F=0.3445 acc=[34.9 35.0 34.7]% syn/n=17.2 (0.0m)
  gen 0 # 1 F=0.3435 acc=[34.8 34.8 34.8]% syn/n=22.67 (0.1m)
  gen 0 # 2 F=0.3454 acc=[34.8 35.5 34.8]% syn/n=16.51 (1.3m)
  gen 0 # 3 F=0.3469 acc=[35.6 34.8 35.3]% syn/n=19.31 (2.2m)
  gen 0 # 4 F=0.3429 acc=[35.2 34.8 34.5]% syn/n=19.18 (3.5m)
  gen 0 # 5 F=0.3423 acc=[34.8 34.8 34.8]% syn/n=28.41 (3.7m)
  gen 0 # 6 F=0.3419 acc=[34.8 35.0 34.5]% syn/n=22.7 (4.6m)
  gen 0 # 7 F=0.3363 acc=[34.8 34.8 33.9]% syn/n=32.15 (7.0m)
  gen 0 # 8 F=0.3463 acc=[35.2 34.8 35.3]% syn/n=17.79 (7.1m)
  gen 0 # 9 F=0.3464 acc=[35.2 34.9 34.9]% syn/n=12.99 (7.2m)
  gen 0 #10 F=0.3431 acc=[34.9 35.5 34.9]% syn/n=32.21 (7.3m)
  gen 0 #11 F=0.3456 acc=[35.4 35.4 34.8]% syn/n=25.03 (8.2m)
  gen 0 #12 F=0.3443 acc=[35.3 34.9 34.6]% syn/n=17.65 (9.1m)
  gen 0 #13 F=0.3369 acc=[34.1 34.9 34.6]% syn/n=34.42 (14.2m)
  gen 0 #14 F=0.3384 acc=[33.7 34.9 34.9]% syn/n=17.21 (14.5m)
  gen 0 #15 F=0.3580 acc=[34.9 37.1 37.9]% syn/n=11.17 (14.6m)
gen 0: best F=0.3580 acc=[34.9 37.1 37.9]% mean F=0.3439 · {"inhib_frac":0.26166762893553824,"ff_fan":5,"rec_fan":2,"skip_fan":8,"fb_fan":1,"inh_fan":13,"w_exc":0.5394988486543298,"w_inh":0.8979369556065648,"rec_gain":0.279278269270435,"fb_gain":0.06024192973272875,"delay_scale":0.4570521304151043}
  gen 1 # 0 F=0.4001 acc=[40.2 39.9 41.8]% syn/n=11.14 (14.7m)
  gen 1 # 1 F=0.3829 acc=[37.5 39.9 40.6]% syn/n=19.36 (15.0m)
  gen 1 # 2 F=0.3870 acc=[38.3 39.9 39.9]% syn/n=12.99 (15.2m)
  gen 1 # 3 F=0.3832 acc=[39.1 38.3 39.2]% syn/n=17.65 (15.3m)
  gen 1 # 4 F=0.3920 acc=[39.9 40.1 39.3]% syn/n=18.2 (15.4m)
  gen 1 # 5 F=0.3960 acc=[39.9 39.9 39.9]% syn/n=13.37 (15.5m)
  gen 1 # 6 F=0.3823 acc=[39.9 39.9 38.0]% syn/n=28.96 (16.1m)
  gen 1 # 7 F=0.3863 acc=[39.9 39.9 38.1]% syn/n=13.37 (16.2m)
  gen 1 # 8 F=0.3973 acc=[40.3 39.8 40.1]% syn/n=11.88 (16.2m)
  gen 1 # 9 F=0.3973 acc=[40.0 39.9 40.0]% syn/n=9.63 (16.3m)
  gen 1 #10 F=0.3977 acc=[39.9 39.9 41.3]% syn/n=12.04 (16.3m)
  gen 1 #11 F=0.3951 acc=[39.9 39.9 40.0]% syn/n=18.65 (16.4m)
  gen 1 #12 F=0.3901 acc=[39.9 38.5 40.2]% syn/n=8.31 (16.5m)
  gen 1 #13 F=0.3969 acc=[40.7 39.9 39.9]% syn/n=12.99 (16.6m)
  gen 1 #14 F=0.3952 acc=[39.9 39.9 39.6]% syn/n=9.67 (16.6m)
  gen 1 #15 F=0.3956 acc=[40.1 39.9 40.1]% syn/n=20.14 (16.7m)
gen 1: best F=0.4001 acc=[40.2 39.9 41.8]% mean F=0.3922 · {"inhib_frac":0.26166762893553824,"ff_fan":5,"rec_fan":2,"skip_fan":8,"fb_fan":1,"inh_fan":13,"w_exc":0.5394988486543298,"w_inh":0.8979369556065648,"rec_gain":0.279278269270435,"fb_gain":0.06024192973272875,"delay_scale":0.4570521304151043}
  gen 2 # 0 F=0.3584 acc=[36.0 36.1 36.3]% syn/n=11.16 (16.8m)
  gen 2 # 1 F=0.3519 acc=[35.2 35.2 37.5]% syn/n=12.01 (16.9m)
  gen 2 # 2 F=0.3539 acc=[35.3 35.6 37.0]% syn/n=9.67 (16.9m)
  gen 2 # 3 F=0.3583 acc=[36.2 35.9 36.3]% syn/n=11.9 (17.1m)
  gen 2 # 4 F=0.3578 acc=[35.5 36.8 36.3]% syn/n=9.13 (17.1m)
  gen 2 # 5 F=0.3570 acc=[35.2 36.5 37.2]% syn/n=8.98 (17.2m)
  gen 2 # 6 F=0.3537 acc=[35.7 35.3 36.8]% syn/n=12.43 (17.3m)
  gen 2 # 7 F=0.3586 acc=[35.7 37.3 36.2]% syn/n=11.16 (17.4m)
  gen 2 # 8 F=0.3586 acc=[36.2 36.7 35.9]% syn/n=11.53 (17.5m)
  gen 2 # 9 F=0.3533 acc=[35.5 35.4 36.8]% syn/n=13.17 (17.6m)
  gen 2 #10 F=0.3616 acc=[35.9 37.1 36.7]% syn/n=9.69 (17.6m)
  gen 2 #11 F=0.3543 acc=[35.3 35.9 36.5]% syn/n=11.35 (17.7m)
  gen 2 #12 F=0.3528 acc=[35.2 35.7 36.5]% syn/n=11.58 (17.7m)
  gen 2 #13 F=0.3429 acc=[34.3 34.7 35.2]% syn/n=12.42 (18.3m)
  gen 2 #14 F=0.3509 acc=[35.2 35.3 36.3]% syn/n=14.19 (18.4m)
  gen 2 #15 F=0.3492 acc=[35.2 35.1 35.9]% syn/n=14.6 (18.5m)
gen 2: best F=0.3616 acc=[35.9 37.1 36.7]% mean F=0.3546 · {"inhib_frac":0.26166762893553824,"ff_fan":5,"rec_fan":1,"skip_fan":6,"fb_fan":1,"inh_fan":13,"w_exc":0.49988024527193153,"w_inh":1.0124852738455115,"rec_gain":0.279278269270435,"fb_gain":0.06024192973272875,"delay_scale":0.4570521304151043}
  gen 3 # 0 F=0.3264 acc=[34.0 32.5 33.0]% syn/n=9.73 (18.6m)
  gen 3 # 1 F=0.3284 acc=[33.3 33.9 32.7]% syn/n=11.2 (18.7m)
  gen 3 # 2 F=0.3270 acc=[32.7 34.2 32.9]% syn/n=11.57 (18.8m)
  gen 3 # 3 F=0.3278 acc=[33.2 33.4 32.8]% syn/n=11.2 (18.9m)
  gen 3 # 4 F=0.3333 acc=[33.2 33.9 34.3]% syn/n=11.57 (18.9m)
  gen 3 # 5 F=0.3375 acc=[33.1 34.5 35.5]% syn/n=8.01 (19.0m)
  gen 3 # 6 F=0.3324 acc=[33.2 33.9 34.2]% syn/n=15.33 (19.0m)
  gen 3 # 7 F=0.3331 acc=[34.3 33.5 33.6]% syn/n=14.79 (19.1m)
  gen 3 # 8 F=0.3374 acc=[33.5 34.7 34.7]% syn/n=14.86 (19.2m)
  gen 3 # 9 F=0.3331 acc=[33.5 33.4 34.1]% syn/n=10.53 (19.2m)
  gen 3 #10 F=0.3319 acc=[33.2 33.6 34.0]% syn/n=12.35 (19.3m)
  gen 3 #11 F=0.3348 acc=[33.3 34.2 34.2]% syn/n=9.54 (19.3m)
  gen 3 #12 F=0.3295 acc=[33.9 32.7 33.5]% syn/n=9.73 (19.4m)
  gen 3 #13 F=0.3289 acc=[32.7 34.2 33.4]% syn/n=10.82 (19.4m)
  gen 3 #14 F=0.3285 acc=[32.5 33.9 33.6]% syn/n=9.58 (19.5m)
  gen 3 #15 F=0.3345 acc=[33.2 34.5 34.0]% syn/n=9.55 (19.5m)
gen 3: best F=0.3375 acc=[33.1 34.5 35.5]% mean F=0.3315 · {"inhib_frac":0.23004973741307344,"ff_fan":3,"rec_fan":1,"skip_fan":8,"fb_fan":1,"inh_fan":8,"w_exc":0.49988024527193153,"w_inh":1.0124852738455115,"rec_gain":0.279278269270435,"fb_gain":0.06024192973272875,"delay_scale":0.4570521304151043}
  gen 4 # 0 F=0.3637 acc=[35.5 37.2 38.9]% syn/n=8.01 (19.6m)
  gen 4 # 1 F=0.3613 acc=[36.8 35.7 38.7]% syn/n=14.8 (19.6m)
  gen 4 # 2 F=0.3787 acc=[40.3 37.0 38.9]% syn/n=9.51 (19.6m)
  gen 4 # 3 F=0.3847 acc=[39.7 38.2 39.0]% syn/n=9.53 (19.7m)
  gen 4 # 4 F=0.3748 acc=[40.9 35.8 39.8]% syn/n=13.38 (19.7m)
  gen 4 # 5 F=0.3687 acc=[39.3 35.5 39.0]% syn/n=10.77 (19.7m)
  gen 4 # 6 F=0.3704 acc=[39.3 36.1 38.6]% syn/n=12.54 (19.8m)
  gen 4 # 7 F=0.3584 acc=[35.6 38.1 36.1]% syn/n=10.37 (19.8m)
  gen 4 # 8 F=0.3802 acc=[39.2 37.5 39.1]% syn/n=10.29 (19.8m)
  gen 4 # 9 F=0.3580 acc=[36.3 35.5 38.2]% syn/n=15.06 (19.9m)
  gen 4 #10 F=0.3628 acc=[35.5 37.6 37.9]% syn/n=10.39 (19.9m)
  gen 4 #11 F=0.3582 acc=[36.3 35.5 38.7]% syn/n=17.16 (19.9m)
  gen 4 #12 F=0.3792 acc=[37.7 38.5 39.8]% syn/n=15.5 (20.0m)
  gen 4 #13 F=0.3656 acc=[36.9 36.5 38.3]% syn/n=12.67 (20.0m)
  gen 4 #14 F=0.3780 acc=[38.3 37.7 38.4]% syn/n=7.5 (20.1m)
  gen 4 #15 F=0.3653 acc=[36.9 36.7 38.1]% syn/n=19.98 (20.1m)
gen 4: best F=0.3847 acc=[39.7 38.2 39.0]% mean F=0.3692 · {"inhib_frac":0.2273238864530428,"ff_fan":5,"rec_fan":1,"skip_fan":6,"fb_fan":1,"inh_fan":13,"w_exc":0.49988024527193153,"w_inh":1.0857246764557549,"rec_gain":0.3553057873253497,"fb_gain":0.06024192973272875,"delay_scale":0.5856963536540651}
  gen 5 # 0 F=0.3592 acc=[35.9 36.5 36.4]% syn/n=9.54 (20.2m)
  gen 5 # 1 F=0.3674 acc=[38.7 35.9 37.9]% syn/n=10.3 (20.2m)
  gen 5 # 2 F=0.3589 acc=[36.3 36.1 36.6]% syn/n=15.51 (20.2m)
  gen 5 # 3 F=0.3566 acc=[37.2 35.3 36.3]% syn/n=9.52 (20.2m)
  gen 5 # 4 F=0.3582 acc=[36.3 36.0 36.4]% syn/n=16.84 (20.2m)
  gen 5 # 5 F=0.3603 acc=[36.3 35.8 37.5]% syn/n=7.7 (20.3m)
  gen 5 # 6 F=0.3594 acc=[36.9 35.9 37.1]% syn/n=22.27 (20.3m)
  gen 5 # 7 F=0.3573 acc=[35.5 36.3 37.6]% syn/n=14.74 (20.3m)
  gen 5 # 8 F=0.3638 acc=[36.5 36.5 37.7]% syn/n=10.7 (20.3m)
  gen 5 # 9 F=0.3577 acc=[35.9 36.0 37.0]% syn/n=13.06 (20.3m)
  gen 5 #10 F=0.3628 acc=[36.9 35.9 37.9]% syn/n=10.3 (20.4m)
  gen 5 #11 F=0.3601 acc=[35.8 36.3 37.8]% syn/n=10.56 (20.4m)
  gen 5 #12 F=0.3660 acc=[35.9 37.5 38.5]% syn/n=8.24 (20.4m)
  gen 5 #13 F=0.3568 acc=[35.7 36.4 36.4]% syn/n=15.08 (20.4m)
  gen 5 #14 F=0.3678 acc=[37.5 36.6 37.5]% syn/n=10.3 (20.5m)
  gen 5 #15 F=0.3570 acc=[36.7 35.4 36.5]% syn/n=9.84 (20.5m)
gen 5: best F=0.3678 acc=[37.5 36.6 37.5]% mean F=0.3606 · {"inhib_frac":0.3189017113575513,"ff_fan":2,"rec_fan":2,"skip_fan":8,"fb_fan":2,"inh_fan":13,"w_exc":0.55,"w_inh":0.8979369556065648,"rec_gain":0.2690393481396478,"fb_gain":0.3509286948379217,"delay_scale":0.4570521304151043}
  gen 6 # 0 F=0.4224 acc=[43.1 41.5 44.7]% syn/n=10.28 (20.5m)
  gen 6 # 1 F=0.4403 acc=[43.9 44.6 44.7]% syn/n=10.28 (20.6m)
  gen 6 # 2 F=0.4306 acc=[41.7 45.5 45.1]% syn/n=8.27 (20.6m)
  gen 6 # 3 F=0.4358 acc=[44.5 44.3 43.3]% syn/n=10.69 (20.7m)
  gen 6 # 4 F=0.4285 acc=[41.7 45.7 44.1]% syn/n=7.82 (20.7m)
  gen 6 # 5 F=0.4306 acc=[41.7 45.7 44.9]% syn/n=7.62 (20.8m)
  gen 6 # 6 F=0.4154 acc=[42.4 41.7 41.7]% syn/n=11.4 (20.8m)
  gen 6 # 7 F=0.4388 acc=[43.0 45.2 45.7]% syn/n=8 (20.8m)
  gen 6 # 8 F=0.4289 acc=[41.8 44.5 44.9]% syn/n=8.62 (20.9m)
  gen 6 # 9 F=0.4211 acc=[41.7 42.7 43.8]% syn/n=9.29 (20.9m)
  gen 6 #10 F=0.4150 acc=[42.9 41.7 41.5]% syn/n=11.09 (20.9m)
  gen 6 #11 F=0.4367 acc=[43.1 44.9 44.7]% syn/n=9.76 (21.0m)
  gen 6 #12 F=0.4257 acc=[42.0 43.0 45.5]% syn/n=9.29 (21.0m)
  gen 6 #13 F=0.4280 acc=[41.7 45.5 44.2]% syn/n=9.91 (21.1m)
  gen 6 #14 F=0.4376 acc=[44.5 43.4 45.1]% syn/n=10.28 (21.1m)
  gen 6 #15 F=0.4217 acc=[42.8 41.5 44.8]% syn/n=10.28 (21.1m)
gen 6: best F=0.4403 acc=[43.9 44.6 44.7]% mean F=0.4286 · {"inhib_frac":0.3189017113575513,"ff_fan":2,"rec_fan":2,"skip_fan":8,"fb_fan":2,"inh_fan":13,"w_exc":0.5394988486543298,"w_inh":0.6384516123757852,"rec_gain":0.3997468295136454,"fb_gain":0.05,"delay_scale":0.4570521304151043}
  gen 7 # 0 F=0.3581 acc=[36.0 35.8 37.1]% syn/n=10.25 (21.1m)
  gen 7 # 1 F=0.3659 acc=[36.7 36.7 37.5]% syn/n=7.97 (21.2m)
  gen 7 # 2 F=0.3634 acc=[36.7 36.5 36.5]% syn/n=10.25 (21.2m)
  gen 7 # 3 F=0.3654 acc=[37.3 36.2 37.7]% syn/n=9.73 (21.2m)
  gen 7 # 4 F=0.3652 acc=[36.9 36.4 37.7]% syn/n=9.73 (21.3m)
  gen 7 # 5 F=0.3616 acc=[37.3 36.8 35.8]% syn/n=8.33 (21.3m)
  gen 7 # 6 F=0.3641 acc=[36.6 36.3 38.1]% syn/n=9.19 (21.3m)
  gen 7 # 7 F=0.3643 acc=[36.5 38.3 36.3]% syn/n=7.52 (21.4m)
  gen 7 # 8 F=0.3494 acc=[35.3 34.9 37.3]% syn/n=16.98 (21.4m)
  gen 7 # 9 F=0.3596 acc=[37.3 35.8 36.4]% syn/n=11.59 (21.4m)
  gen 7 #10 F=0.3599 acc=[36.1 36.0 37.3]% syn/n=9.7 (21.5m)
  gen 7 #11 F=0.3636 acc=[37.1 37.5 36.1]% syn/n=12.66 (21.5m)
  gen 7 #12 F=0.3584 acc=[36.5 35.3 37.7]% syn/n=8 (21.5m)
  gen 7 #13 F=0.3628 acc=[36.7 36.4 36.9]% syn/n=13.46 (21.6m)
  gen 7 #14 F=0.3630 acc=[36.5 36.6 36.5]% syn/n=12.18 (21.6m)
  gen 7 #15 F=0.3590 acc=[36.7 35.6 36.9]% syn/n=9.89 (21.6m)
gen 7: best F=0.3659 acc=[36.7 36.7 37.5]% mean F=0.3615 · {"inhib_frac":0.2857516601035226,"ff_fan":2,"rec_fan":1,"skip_fan":8,"fb_fan":3,"inh_fan":6,"w_exc":0.55,"w_inh":0.8220932215452612,"rec_gain":0.45053033772232487,"fb_gain":0.05,"delay_scale":0.4570521304151043}
  gen 8 # 0 F=0.3691 acc=[36.7 37.6 37.6]% syn/n=7.98 (21.7m)
  gen 8 # 1 F=0.3652 acc=[36.6 36.7 37.2]% syn/n=9.81 (21.7m)
  gen 8 # 2 F=0.3615 acc=[36.7 35.9 37.3]% syn/n=9.81 (21.8m)
  gen 8 # 3 F=0.3678 acc=[36.6 37.5 37.3]% syn/n=7.53 (21.8m)
  gen 8 # 4 F=0.3560 acc=[36.0 36.0 35.7]% syn/n=12.32 (21.9m)
  gen 8 # 5 F=0.3603 acc=[36.0 36.5 36.7]% syn/n=10.22 (21.9m)
  gen 8 # 6 F=0.3550 acc=[36.0 35.7 35.7]% syn/n=11.63 (22.0m)
  gen 8 # 7 F=0.3548 acc=[35.8 35.5 36.4]% syn/n=12.66 (22.1m)
  gen 8 # 8 F=0.3665 acc=[36.7 36.9 37.3]% syn/n=9.62 (22.1m)
  gen 8 # 9 F=0.3581 acc=[35.9 35.7 37.5]% syn/n=7.61 (22.1m)
  gen 8 #10 F=0.3567 acc=[36.0 35.9 35.7]% syn/n=8.22 (22.1m)
  gen 8 #11 F=0.3606 acc=[36.1 36.0 37.6]% syn/n=7.53 (22.2m)
  gen 8 #12 F=0.3594 acc=[36.0 38.2 35.7]% syn/n=7.35 (22.2m)
  gen 8 #13 F=0.3577 acc=[36.8 35.0 38.1]% syn/n=11.77 (22.2m)
  gen 8 #14 F=0.3523 acc=[35.8 34.7 37.9]% syn/n=12.5 (22.2m)
  gen 8 #15 F=0.3575 acc=[36.0 35.9 36.1]% syn/n=10 (22.3m)
gen 8: best F=0.3691 acc=[36.7 37.6 37.6]% mean F=0.3599 · {"inhib_frac":0.2857516601035226,"ff_fan":2,"rec_fan":1,"skip_fan":8,"fb_fan":3,"inh_fan":6,"w_exc":0.55,"w_inh":0.8220932215452612,"rec_gain":0.45053033772232487,"fb_gain":0.05,"delay_scale":0.4570521304151043}
  gen 9 # 0 F=0.3060 acc=[30.3 30.5 33.8]% syn/n=7.93 (22.3m)
  gen 9 # 1 F=0.3093 acc=[30.7 30.9 33.3]% syn/n=7.47 (22.4m)
  gen 9 # 2 F=0.3045 acc=[30.3 30.7 31.8]% syn/n=9.58 (22.4m)
  gen 9 # 3 F=0.3071 acc=[30.1 31.5 32.7]% syn/n=9.76 (22.4m)
  gen 9 # 4 F=0.3005 acc=[30.3 29.8 32.2]% syn/n=10.57 (22.4m)
  gen 9 # 5 F=0.3064 acc=[30.2 31.1 32.8]% syn/n=9.82 (22.4m)
  gen 9 # 6 F=0.3038 acc=[30.4 30.2 32.5]% syn/n=6.65 (22.5m)
  gen 9 # 7 F=0.3035 acc=[30.2 30.8 31.1]% syn/n=8.12 (22.5m)
  gen 9 # 8 F=0.3016 acc=[30.1 29.9 33.3]% syn/n=8.22 (22.5m)
  gen 9 # 9 F=0.3088 acc=[29.9 31.9 33.9]% syn/n=8.63 (22.5m)
  gen 9 #10 F=0.3033 acc=[30.1 30.5 32.5]% syn/n=9.19 (22.6m)
  gen 9 #11 F=0.3040 acc=[30.5 30.1 32.9]% syn/n=9.17 (22.6m)
  gen 9 #12 F=0.3014 acc=[30.1 29.9 32.9]% syn/n=7.4 (22.6m)
  gen 9 #13 F=0.3028 acc=[30.1 30.3 32.7]% syn/n=7.87 (22.6m)
  gen 9 #14 F=0.3094 acc=[30.3 31.9 32.4]% syn/n=6.13 (22.6m)
  gen 9 #15 F=0.3024 acc=[30.6 29.9 31.7]% syn/n=6.79 (22.6m)
gen 9: best F=0.3094 acc=[30.3 31.9 32.4]% mean F=0.3047 · {"inhib_frac":0.3311927747592929,"ff_fan":2,"rec_fan":1,"skip_fan":8,"fb_fan":1,"inh_fan":4,"w_exc":0.55,"w_inh":1.1568318110359803,"rec_gain":0.42685574638138823,"fb_gain":0.05,"delay_scale":0.4570521304151043}
  gen 10 # 0 F=0.3273 acc=[32.3 32.8 35.5]% syn/n=6.15 (22.7m)
  gen 10 # 1 F=0.3323 acc=[32.0 35.9 34.7]% syn/n=7.49 (22.7m)
  gen 10 # 2 F=0.3324 acc=[32.2 34.2 36.4]% syn/n=8.62 (22.8m)
  gen 10 # 3 F=0.3390 acc=[34.1 35.3 33.9]% syn/n=9.78 (22.8m)
  gen 10 # 4 F=0.3234 acc=[32.2 33.1 33.3]% syn/n=14.62 (22.9m)
  gen 10 # 5 F=0.3295 acc=[33.3 32.8 34.1]% syn/n=10.08 (22.9m)
  gen 10 # 6 F=0.3185 acc=[32.3 31.5 33.9]% syn/n=9.46 (22.9m)
  gen 10 # 7 F=0.3229 acc=[32.3 32.2 34.6]% syn/n=8.62 (23.0m)
  gen 10 # 8 F=0.3273 acc=[33.1 32.3 35.2]% syn/n=9.62 (23.0m)
  gen 10 # 9 F=0.3241 acc=[32.2 32.2 36.1]% syn/n=8.46 (23.0m)
  gen 10 #10 F=0.3197 acc=[32.3 31.7 33.7]% syn/n=8.33 (23.0m)
  gen 10 #11 F=0.3242 acc=[32.0 32.9 33.9]% syn/n=6.69 (23.0m)
  gen 10 #12 F=0.3250 acc=[32.2 34.5 32.9]% syn/n=10.6 (23.1m)
  gen 10 #13 F=0.3247 acc=[32.3 32.7 34.4]% syn/n=10.52 (23.1m)
  gen 10 #14 F=0.3248 acc=[32.3 33.0 33.5]% syn/n=9.78 (23.1m)
  gen 10 #15 F=0.3238 acc=[32.3 32.5 33.9]% syn/n=7.8 (23.1m)
gen 10: best F=0.3390 acc=[34.1 35.3 33.9]% mean F=0.3262 · {"inhib_frac":0.24125451885114058,"ff_fan":2,"rec_fan":1,"skip_fan":8,"fb_fan":3,"inh_fan":13,"w_exc":0.46960993069791745,"w_inh":0.8220932215452612,"rec_gain":0.4639080553496785,"fb_gain":0.05,"delay_scale":0.4570521304151043}
  gen 11 # 0 F=0.3108 acc=[31.4 31.0 32.1]% syn/n=9.82 (23.2m)
  gen 11 # 1 F=0.3126 acc=[31.2 31.3 33.0]% syn/n=8.65 (23.2m)
  gen 11 # 2 F=0.3123 acc=[31.3 31.3 32.1]% syn/n=7.51 (23.2m)
  gen 11 # 3 F=0.3098 acc=[32.3 30.3 32.3]% syn/n=10.16 (23.2m)
  gen 11 # 4 F=0.3076 acc=[31.3 30.9 30.9]% syn/n=8.63 (23.3m)
  gen 11 # 5 F=0.3108 acc=[31.3 31.7 31.1]% syn/n=8.1 (23.3m)
  gen 11 # 6 F=0.3052 acc=[30.6 31.2 31.6]% syn/n=20.17 (23.3m)
  gen 11 # 7 F=0.3087 acc=[31.3 31.3 31.0]% syn/n=12.29 (23.3m)
  gen 11 # 8 F=0.3117 acc=[31.3 31.1 32.8]% syn/n=9.25 (23.4m)
  gen 11 # 9 F=0.3068 acc=[31.3 31.3 30.5]% syn/n=6.51 (23.4m)
  gen 11 #10 F=0.3164 acc=[32.3 31.7 32.0]% syn/n=10.68 (23.4m)
  gen 11 #11 F=0.3077 acc=[31.6 30.2 32.6]% syn/n=10.16 (23.4m)
  gen 11 #12 F=0.3132 acc=[31.3 31.5 32.4]% syn/n=8.44 (23.4m)
  gen 11 #13 F=0.3127 acc=[31.6 31.5 31.8]% syn/n=14.01 (23.5m)
  gen 11 #14 F=0.3093 acc=[31.3 30.9 31.8]% syn/n=11.15 (23.5m)
  gen 11 #15 F=0.3114 acc=[32.6 30.7 31.9]% syn/n=10.52 (23.5m)
gen 11: best F=0.3164 acc=[32.3 31.7 32.0]% mean F=0.3104 · {"inhib_frac":0.35,"ff_fan":2,"rec_fan":1,"skip_fan":7,"fb_fan":3,"inh_fan":15,"w_exc":0.46960993069791745,"w_inh":0.5946916850787645,"rec_gain":0.32221858281167426,"fb_gain":0.19385471167032192,"delay_scale":0.3}
v12-hand      F=0.3634 acc=[36.3 37.3 37.4]% syn/n=19.94
gen0-best     F=0.3628 acc=[36.0 37.7 36.9]% syn/n=11.19
evolved-best  F=0.3670 acc=[36.6 37.3 37.3]% syn/n=10.65

checkpoint: /Users/marycarrigan/coding/morpho-snn/snn/experiments/results/evolve-seed42.json
next: npm run experiment:evolve -- transfer /Users/marycarrigan/coding/morpho-snn/snn/experiments/results/evolve-seed42.json
