v14 structural evolution · seed 7 · pop 24 · gens 20 · scales [2000,4000,8000] · 12 genes (incl n_layers) · test 3000
  gen 0 # 0 F=0.3260 acc=[33.1 32.7 33.3]% L=4 syn/n=15.71 (0.2m)
  gen 0 # 1 F=0.3263 acc=[33.0 33.0 33.0]% L=4 syn/n=16.71 (0.3m)
  gen 0 # 2 F=0.3248 acc=[33.0 33.0 32.9]% L=6 syn/n=21.85 (2.5m)
  gen 0 # 3 F=0.3266 acc=[33.1 33.3 33.6]% L=3 syn/n=28.48 (2.6m)
  gen 0 # 4 F=0.3228 acc=[32.8 32.8 32.8]% L=3 syn/n=25.37 (10.5m)
  gen 0 # 5 F=0.3307 acc=[33.0 33.7 34.1]% L=4 syn/n=13.93 (10.6m)
  gen 0 # 6 F=0.3293 acc=[34.5 33.0 33.4]% L=2 syn/n=17.75 (10.8m)
  gen 0 # 7 F=0.3292 acc=[33.6 33.0 34.1]% L=6 syn/n=21.59 (10.8m)
  gen 0 # 8 F=0.3291 acc=[33.9 32.8 33.8]% L=6 syn/n=18.29 (10.9m)
  gen 0 # 9 F=0.3204 acc=[32.7 32.6 32.7]% L=4 syn/n=29.26 (17.2m)
  gen 0 #10 F=0.3307 acc=[33.5 32.9 34.5]% L=4 syn/n=11.04 (17.3m)
  gen 0 #11 F=0.3259 acc=[33.0 33.0 34.6]% L=3 syn/n=27.03 (17.5m)
  gen 0 #12 F=0.3271 acc=[33.2 33.2 33.8]% L=4 syn/n=26.76 (17.7m)
  gen 0 #13 F=0.3239 acc=[33.0 33.0 32.9]% L=4 syn/n=28.02 (20.4m)
  gen 0 #14 F=0.3339 acc=[32.9 34.3 35.3]% L=3 syn/n=14.26 (20.5m)
  gen 0 #15 F=0.3235 acc=[32.9 33.0 32.9]% L=4 syn/n=27.21 (20.7m)
  gen 0 #16 F=0.3277 acc=[33.0 33.0 35.3]% L=4 syn/n=21.29 (20.9m)
  gen 0 #17 F=0.2691 acc=[33.0 23.4 33.2]% L=5 syn/n=32.01 (24.1m)
  gen 0 #18 F=0.3261 acc=[32.9 33.2 33.7]% L=3 syn/n=25.72 (24.2m)
  gen 0 #19 F=0.3330 acc=[32.9 34.5 34.3]% L=3 syn/n=13.74 (24.4m)
  gen 0 #20 F=0.3275 acc=[33.0 32.9 33.5]% L=4 syn/n=12.27 (24.4m)
  gen 0 #21 F=0.3244 acc=[33.7 33.3 32.5]% L=6 syn/n=22.97 (24.9m)
  gen 0 #22 F=0.3269 acc=[33.0 33.3 33.2]% L=6 syn/n=19.75 (25.1m)
  gen 0 #23 F=0.3208 acc=[33.0 32.8 32.6]% L=5 syn/n=31.47 (26.4m)
gen 0: best F=0.3339 acc=[32.9 34.3 35.3]% mean F=0.3244 · {"n_layers":3,"inhib_frac":0.10490344564896077,"ff_fan":11,"rec_fan":2,"skip_fan":8,"fb_fan":1,"inh_fan":28,"w_exc":0.5484433000907302,"w_inh":1.1426654000300915,"rec_gain":0.1976068434072658,"fb_gain":0.10295699171256274,"delay_scale":0.3990717399399728}
  gen 1 # 0 F=0.3761 acc=[37.9 37.7 38.8]% L=3 syn/n=14.2 (26.5m)
  gen 1 # 1 F=0.3742 acc=[38.1 37.3 38.3]% L=3 syn/n=13.74 (26.6m)
  gen 1 # 2 F=0.3741 acc=[37.6 37.9 37.7]% L=4 syn/n=13.71 (26.7m)
  gen 1 # 3 F=0.3720 acc=[38.5 37.6 37.1]% L=4 syn/n=10.96 (26.9m)
  gen 1 # 4 F=0.3724 acc=[37.6 37.6 37.6]% L=2 syn/n=17.65 (27.0m)
  gen 1 # 5 F=0.3659 acc=[36.9 37.1 37.4]% L=6 syn/n=21.67 (27.1m)
  gen 1 # 6 F=0.3675 acc=[37.6 37.6 36.5]% L=4 syn/n=10.85 (28.2m)
  gen 1 # 7 F=0.3787 acc=[38.3 38.0 38.3]% L=3 syn/n=13.74 (28.2m)
  gen 1 # 8 F=0.3766 acc=[37.6 38.3 38.1]% L=4 syn/n=10.37 (28.3m)
  gen 1 # 9 F=0.3742 acc=[37.6 37.6 37.5]% L=6 syn/n=8.07 (28.3m)
  gen 1 #10 F=0.3755 acc=[37.6 38.5 38.2]% L=2 syn/n=18.36 (28.5m)
  gen 1 #11 F=0.3747 acc=[37.6 37.9 37.8]% L=3 syn/n=12.34 (28.5m)
  gen 1 #12 F=0.3664 acc=[37.4 37.8 36.7]% L=5 syn/n=21.83 (28.7m)
  gen 1 #13 F=0.3650 acc=[37.6 37.6 36.1]% L=4 syn/n=13.51 (28.8m)
  gen 1 #14 F=0.3760 acc=[37.9 37.8 38.4]% L=3 syn/n=14.45 (28.8m)
  gen 1 #15 F=0.3724 acc=[37.5 37.5 38.2]% L=3 syn/n=18.13 (28.9m)
  gen 1 #16 F=0.3743 acc=[37.5 38.6 37.5]% L=2 syn/n=7.98 (28.9m)
  gen 1 #17 F=0.3739 acc=[37.6 37.8 37.7]% L=4 syn/n=14.04 (29.1m)
  gen 1 #18 F=0.3698 acc=[37.5 36.9 38.4]% L=3 syn/n=17.27 (29.1m)
  gen 1 #19 F=0.3669 acc=[38.0 36.4 37.7]% L=3 syn/n=16.99 (29.2m)
  gen 1 #20 F=0.3739 acc=[37.6 38.5 37.5]% L=4 syn/n=14.38 (29.3m)
  gen 1 #21 F=0.3750 acc=[37.7 37.8 38.3]% L=3 syn/n=16.14 (29.4m)
  gen 1 #22 F=0.3759 acc=[37.9 38.6 37.4]% L=2 syn/n=6.46 (29.5m)
  gen 1 #23 F=0.3711 acc=[37.6 37.1 37.6]% L=4 syn/n=10.84 (29.6m)
gen 1: best F=0.3787 acc=[38.3 38.0 38.3]% mean F=0.3726 · {"n_layers":3,"inhib_frac":0.17932685844134538,"ff_fan":6,"rec_fan":2,"skip_fan":12,"fb_fan":3,"inh_fan":22,"w_exc":0.20126776239823838,"w_inh":1.0889934218064585,"rec_gain":0.05,"fb_gain":0.23386233538608298,"delay_scale":0.7713850595755503}
  gen 2 # 0 F=0.3621 acc=[35.9 36.9 37.8]% L=3 syn/n=13.77 (29.6m)
  gen 2 # 1 F=0.3567 acc=[35.9 35.8 35.9]% L=4 syn/n=10.44 (29.7m)
  gen 2 # 2 F=0.3565 acc=[35.9 35.7 37.5]% L=3 syn/n=14.36 (29.8m)
  gen 2 # 3 F=0.3613 acc=[35.9 36.7 38.1]% L=3 syn/n=14.58 (29.9m)
  gen 2 # 4 F=0.3696 acc=[37.5 37.1 37.0]% L=2 syn/n=6.51 (29.9m)
  gen 2 # 5 F=0.3493 acc=[34.7 35.8 36.6]% L=2 syn/n=18.44 (30.5m)
  gen 2 # 6 F=0.3716 acc=[38.1 37.3 37.3]% L=2 syn/n=12.39 (30.6m)
  gen 2 # 7 F=0.3540 acc=[35.9 38.1 34.8]% L=3 syn/n=9.5 (31.0m)
  gen 2 # 8 F=0.3621 acc=[35.7 37.5 37.8]% L=3 syn/n=16.42 (31.1m)
  gen 2 # 9 F=0.3572 acc=[35.9 36.0 35.8]% L=4 syn/n=8.28 (31.1m)
  gen 2 #10 F=0.3612 acc=[35.9 36.7 38.3]% L=3 syn/n=18.63 (31.2m)
  gen 2 #11 F=0.3528 acc=[35.2 35.7 36.7]% L=4 syn/n=15.01 (31.4m)
  gen 2 #12 F=0.3570 acc=[35.9 36.3 35.9]% L=3 syn/n=12.29 (31.4m)
resuming from /Users/marycarrigan/coding/morpho-snn/snn/experiments/results/evolve2-seed7.json at generation 2
v14 structural evolution · seed 7 · pop 24 · gens 20 · scales [2000,4000,8000] · 12 genes (incl n_layers) · test 3000
  gen 2 # 0 F=0.3621 acc=[35.9 36.9 37.8]% L=3 syn/n=13.77 (0.0m)
  gen 2 # 1 F=0.3567 acc=[35.9 35.8 35.9]% L=4 syn/n=10.44 (0.1m)
  gen 2 # 2 F=0.3565 acc=[35.9 35.7 37.5]% L=3 syn/n=14.36 (0.1m)
  gen 2 # 3 F=0.3613 acc=[35.9 36.7 38.1]% L=3 syn/n=14.58 (0.1m)
  gen 2 # 4 F=0.3696 acc=[37.5 37.1 37.0]% L=2 syn/n=6.51 (0.2m)
  gen 2 # 5 F=0.3493 acc=[34.7 35.8 36.6]% L=2 syn/n=18.44 (0.4m)
  gen 2 # 6 F=0.3716 acc=[38.1 37.3 37.3]% L=2 syn/n=12.39 (0.4m)
  gen 2 # 7 F=0.3540 acc=[35.9 38.1 34.8]% L=3 syn/n=9.5 (0.6m)
  gen 2 # 8 F=0.3621 acc=[35.7 37.5 37.8]% L=3 syn/n=16.42 (0.7m)
  gen 2 # 9 F=0.3572 acc=[35.9 36.0 35.8]% L=4 syn/n=8.28 (0.7m)
  gen 2 #10 F=0.3612 acc=[35.9 36.7 38.3]% L=3 syn/n=18.63 (0.7m)
  gen 2 #11 F=0.3528 acc=[35.2 35.7 36.7]% L=4 syn/n=15.01 (0.8m)
  gen 2 #12 F=0.3570 acc=[35.9 36.3 35.9]% L=3 syn/n=12.29 (0.8m)
  gen 2 #13 F=0.3520 acc=[35.9 35.9 35.0]% L=4 syn/n=10.03 (1.1m)
  gen 2 #14 F=0.3557 acc=[35.9 36.7 35.5]% L=2 syn/n=11.76 (1.1m)
  gen 2 #15 F=0.3577 acc=[35.9 35.9 37.4]% L=2 syn/n=15.19 (1.1m)
  gen 2 #16 F=0.3662 acc=[36.3 37.8 37.1]% L=2 syn/n=7.76 (1.1m)
  gen 2 #17 F=0.3550 acc=[35.8 35.3 37.9]% L=3 syn/n=14.36 (1.2m)
  gen 2 #18 F=0.3648 acc=[36.3 37.1 37.0]% L=2 syn/n=8.06 (1.2m)
  gen 2 #19 F=0.3640 acc=[38.7 37.2 35.9]% L=2 syn/n=15.58 (1.2m)
  gen 2 #20 F=0.3591 acc=[35.8 36.3 37.6]% L=3 syn/n=14.68 (1.3m)
  gen 2 #21 F=0.3740 acc=[36.8 38.5 38.8]% L=2 syn/n=8.74 (1.3m)
  gen 2 #22 F=0.3652 acc=[36.0 37.5 37.4]% L=2 syn/n=4.92 (1.3m)
  gen 2 #23 F=0.3638 acc=[35.7 37.9 37.8]% L=2 syn/n=11.35 (1.3m)
gen 2: best F=0.3740 acc=[36.8 38.5 38.8]% mean F=0.3604 · {"n_layers":2,"inhib_frac":0.08738913360893062,"ff_fan":10,"rec_fan":2,"skip_fan":8,"fb_fan":0,"inh_fan":26,"w_exc":0.5372167777294328,"w_inh":1.1426654000300915,"rec_gain":0.1976068434072658,"fb_gain":0.05,"delay_scale":0.15}
  gen 3 # 0 F=0.3669 acc=[36.9 36.7 37.5]% L=2 syn/n=8.72 (1.4m)
  gen 3 # 1 F=0.3702 acc=[37.2 37.5 37.3]% L=2 syn/n=12.39 (1.4m)
  gen 3 # 2 F=0.3638 acc=[36.4 36.6 36.6]% L=2 syn/n=6.57 (1.4m)
  gen 3 # 3 F=0.3649 acc=[36.6 36.7 36.7]% L=2 syn/n=7.77 (1.4m)
  gen 3 # 4 F=0.3652 acc=[36.6 36.8 36.6]% L=2 syn/n=4.93 (1.5m)
  gen 3 # 5 F=0.3561 acc=[35.1 36.2 37.3]% L=2 syn/n=8.18 (1.5m)
  gen 3 # 6 F=0.3552 acc=[35.7 35.5 36.6]% L=2 syn/n=9.88 (1.5m)
  gen 3 # 7 F=0.3637 acc=[36.6 36.4 36.9]% L=2 syn/n=9.26 (1.5m)
  gen 3 # 8 F=0.3577 acc=[36.3 36.3 35.8]% L=3 syn/n=11.16 (1.6m)
  gen 3 # 9 F=0.3561 acc=[36.0 35.6 36.0]% L=2 syn/n=8.29 (1.6m)
  gen 3 #10 F=0.3594 acc=[35.6 37.1 36.8]% L=2 syn/n=13.48 (1.6m)
  gen 3 #11 F=0.3560 acc=[35.3 36.9 36.0]% L=2 syn/n=5.7 (1.7m)
  gen 3 #12 F=0.3641 acc=[36.9 36.8 36.4]% L=2 syn/n=10.09 (1.7m)
  gen 3 #13 F=0.3624 acc=[36.4 36.3 36.4]% L=2 syn/n=4.88 (1.7m)
  gen 3 #14 F=0.3650 acc=[36.7 36.7 36.6]% L=2 syn/n=7.44 (1.7m)
  gen 3 #15 F=0.3646 acc=[36.4 36.9 36.7]% L=2 syn/n=6.57 (1.8m)
  gen 3 #16 F=0.3577 acc=[35.8 36.7 36.3]% L=3 syn/n=15.05 (1.8m)
  gen 3 #17 F=0.3660 acc=[36.9 36.6 37.0]% L=2 syn/n=8.02 (1.8m)
  gen 3 #18 F=0.3679 acc=[36.6 37.4 37.3]% L=2 syn/n=7.96 (1.8m)
  gen 3 #19 F=0.3633 acc=[36.2 37.8 36.4]% L=2 syn/n=6.38 (1.8m)
  gen 3 #20 F=0.3601 acc=[36.6 35.9 36.4]% L=2 syn/n=7.57 (1.9m)
  gen 3 #21 F=0.3616 acc=[36.9 36.5 36.1]% L=2 syn/n=7.39 (1.9m)
  gen 3 #22 F=0.3531 acc=[35.1 35.7 37.4]% L=2 syn/n=12.75 (1.9m)
  gen 3 #23 F=0.3576 acc=[36.0 35.8 36.1]% L=2 syn/n=7.99 (2.0m)
gen 3: best F=0.3702 acc=[37.2 37.5 37.3]% mean F=0.3616 · {"n_layers":2,"inhib_frac":0.08198118651510258,"ff_fan":6,"rec_fan":7,"skip_fan":12,"fb_fan":3,"inh_fan":22,"w_exc":0.20126776239823838,"w_inh":1.5,"rec_gain":0.05,"fb_gain":0.16975027394956588,"delay_scale":0.8075637168817459}
  gen 4 # 0 F=0.3584 acc=[37.4 36.1 35.8]% L=2 syn/n=12.36 (2.0m)
  gen 4 # 1 F=0.3641 acc=[35.8 37.1 38.5]% L=2 syn/n=7.93 (2.0m)
  gen 4 # 2 F=0.3825 acc=[38.8 37.8 40.1]% L=2 syn/n=8.67 (2.0m)
  gen 4 # 3 F=0.3604 acc=[34.3 39.5 38.0]% L=2 syn/n=7.99 (2.1m)
  gen 4 # 4 F=0.3590 acc=[34.3 38.7 37.8]% L=2 syn/n=4.91 (2.1m)
  gen 4 # 5 F=0.3633 acc=[35.7 38.2 37.1]% L=2 syn/n=7.45 (2.1m)
  gen 4 # 6 F=0.3584 acc=[34.4 38.0 38.3]% L=2 syn/n=7.41 (2.1m)
  gen 4 # 7 F=0.3566 acc=[34.9 37.9 36.9]% L=2 syn/n=14.76 (2.2m)
  gen 4 # 8 F=0.3547 acc=[36.1 35.1 36.8]% L=2 syn/n=9.94 (2.2m)
  gen 4 # 9 F=0.3636 acc=[35.7 39.1 37.1]% L=2 syn/n=13.11 (2.2m)
  gen 4 #10 F=0.3470 acc=[36.0 34.3 35.6]% L=2 syn/n=12.2 (2.2m)
  gen 4 #11 F=0.3541 acc=[34.0 37.7 38.2]% L=2 syn/n=14.9 (2.3m)
  gen 4 #12 F=0.3628 acc=[35.3 37.5 38.5]% L=2 syn/n=8.34 (2.3m)
  gen 4 #13 F=0.3473 acc=[35.6 37.5 34.0]% L=2 syn/n=13.75 (2.3m)
  gen 4 #14 F=0.3642 acc=[35.7 36.8 39.8]% L=2 syn/n=8.93 (2.3m)
  gen 4 #15 F=0.3557 acc=[34.2 36.8 39.6]% L=3 syn/n=10.99 (2.4m)
  gen 4 #16 F=0.3733 acc=[36.5 39.4 38.3]% L=2 syn/n=7.04 (2.4m)
  gen 4 #17 F=0.3676 acc=[35.6 38.8 38.5]% L=2 syn/n=5.78 (2.4m)
  gen 4 #18 F=0.3530 acc=[36.3 34.1 39.0]% L=2 syn/n=9.74 (2.4m)
  gen 4 #19 F=0.3600 acc=[35.5 36.5 38.0]% L=2 syn/n=8.11 (2.5m)
  gen 4 #20 F=0.3753 acc=[37.5 37.7 38.8]% L=2 syn/n=8.34 (2.5m)
  gen 4 #21 F=0.3547 acc=[34.5 37.0 37.5]% L=2 syn/n=11.37 (2.5m)
  gen 4 #22 F=0.3666 acc=[36.3 37.9 37.7]% L=2 syn/n=12.41 (2.5m)
  gen 4 #23 F=0.3687 acc=[37.2 36.8 38.1]% L=2 syn/n=12.31 (2.6m)
gen 4: best F=0.3825 acc=[38.8 37.8 40.1]% mean F=0.3613 · {"n_layers":2,"inhib_frac":0.08738913360893062,"ff_fan":10,"rec_fan":2,"skip_fan":8,"fb_fan":0,"inh_fan":26,"w_exc":0.5372167777294328,"w_inh":1.1426654000300915,"rec_gain":0.1976068434072658,"fb_gain":0.05,"delay_scale":0.15}
  gen 5 # 0 F=0.3745 acc=[37.8 37.9 37.4]% L=2 syn/n=8.56 (2.6m)
  gen 5 # 1 F=0.3662 acc=[36.5 36.7 38.5]% L=2 syn/n=8.29 (2.6m)
  gen 5 # 2 F=0.3726 acc=[36.5 39.4 38.1]% L=2 syn/n=6.95 (2.6m)
  gen 5 # 3 F=0.3708 acc=[36.6 38.8 37.9]% L=2 syn/n=12.23 (2.7m)
  gen 5 # 4 F=0.3642 acc=[36.3 36.5 37.7]% L=2 syn/n=5.73 (2.7m)
  gen 5 # 5 F=0.3699 acc=[36.3 39.0 38.1]% L=2 syn/n=12.38 (2.7m)
  gen 5 # 6 F=0.3657 acc=[36.3 37.1 37.9]% L=3 syn/n=9.95 (2.7m)
  gen 5 # 7 F=0.3589 acc=[36.6 35.5 37.2]% L=2 syn/n=8.95 (2.7m)
  gen 5 # 8 F=0.3592 acc=[35.9 36.6 37.4]% L=3 syn/n=19.65 (2.8m)
  gen 5 # 9 F=0.3677 acc=[36.3 37.3 39.0]% L=3 syn/n=10.59 (2.8m)
  gen 5 #10 F=0.3727 acc=[36.6 38.1 39.1]% L=2 syn/n=7.52 (2.9m)
  gen 5 #11 F=0.3660 acc=[35.8 37.3 39.4]% L=2 syn/n=8.38 (2.9m)
  gen 5 #12 F=0.3701 acc=[36.7 37.4 38.5]% L=3 syn/n=8.58 (2.9m)
  gen 5 #13 F=0.3660 acc=[35.9 37.9 38.7]% L=2 syn/n=14.09 (2.9m)
  gen 5 #14 F=0.3651 acc=[36.6 36.9 38.4]% L=3 syn/n=20.19 (3.0m)
  gen 5 #15 F=0.3706 acc=[36.4 38.2 38.4]% L=2 syn/n=7.57 (3.0m)
  gen 5 #16 F=0.3698 acc=[36.4 38.5 37.8]% L=2 syn/n=7.42 (3.0m)
  gen 5 #17 F=0.3717 acc=[36.4 38.1 38.7]% L=2 syn/n=5.33 (3.0m)
  gen 5 #18 F=0.3663 acc=[36.8 38.5 36.6]% L=2 syn/n=10.77 (3.1m)
  gen 5 #19 F=0.3766 acc=[37.8 39.7 37.6]% L=2 syn/n=11.4 (3.1m)
  gen 5 #20 F=0.3722 acc=[37.0 38.4 37.7]% L=2 syn/n=10.58 (3.1m)
  gen 5 #21 F=0.3688 acc=[36.4 38.7 37.8]% L=2 syn/n=13.53 (3.1m)
  gen 5 #22 F=0.3701 acc=[36.3 39.3 38.1]% L=2 syn/n=12.38 (3.1m)
  gen 5 #23 F=0.3656 acc=[35.8 37.7 38.5]% L=3 syn/n=10.85 (3.2m)
gen 5: best F=0.3766 acc=[37.8 39.7 37.6]% mean F=0.3684 · {"n_layers":2,"inhib_frac":0.1842219981506057,"ff_fan":6,"rec_fan":7,"skip_fan":8,"fb_fan":0,"inh_fan":18,"w_exc":0.24029717896130612,"w_inh":1.5,"rec_gain":0.05,"fb_gain":0.16975027394956588,"delay_scale":0.8075637168817459}
  gen 6 # 0 F=0.3949 acc=[39.5 40.2 39.8]% L=2 syn/n=11.47 (3.2m)
  gen 6 # 1 F=0.4031 acc=[40.0 41.0 41.4]% L=2 syn/n=8.64 (3.2m)
  gen 6 # 2 F=0.3971 acc=[41.7 38.6 41.3]% L=2 syn/n=7.54 (3.3m)
  gen 6 # 3 F=0.3898 acc=[38.3 40.2 40.3]% L=2 syn/n=7.04 (3.3m)
  gen 6 # 4 F=0.3935 acc=[39.4 39.7 40.1]% L=2 syn/n=10.65 (3.3m)
  gen 6 # 5 F=0.3975 acc=[39.4 41.1 40.1]% L=2 syn/n=5.41 (3.4m)
  gen 6 # 6 F=0.3914 acc=[38.4 40.0 41.0]% L=2 syn/n=5.58 (3.4m)
  gen 6 # 7 F=0.3907 acc=[38.7 39.7 39.8]% L=2 syn/n=5.9 (3.4m)
  gen 6 # 8 F=0.4040 acc=[40.5 40.4 41.1]% L=2 syn/n=4.97 (3.4m)
  gen 6 # 9 F=0.3944 acc=[39.9 40.3 39.2]% L=2 syn/n=7.22 (3.5m)
  gen 6 #10 F=0.3959 acc=[39.2 40.4 40.7]% L=2 syn/n=10.01 (3.5m)
  gen 6 #11 F=0.3927 acc=[39.9 39.6 39.3]% L=2 syn/n=10.48 (3.5m)
  gen 6 #12 F=0.3922 acc=[38.8 39.8 40.6]% L=2 syn/n=8.77 (3.5m)
  gen 6 #13 F=0.3910 acc=[40.1 39.6 39.1]% L=2 syn/n=14.57 (3.6m)
  gen 6 #14 F=0.3951 acc=[39.4 40.7 40.1]% L=2 syn/n=15.13 (3.6m)
  gen 6 #15 F=0.3983 acc=[41.1 39.0 41.5]% L=2 syn/n=7.54 (3.6m)
  gen 6 #16 F=0.4040 acc=[40.9 40.2 41.2]% L=2 syn/n=8.37 (3.7m)
  gen 6 #17 F=0.3999 acc=[42.1 38.8 41.8]% L=2 syn/n=7.54 (3.7m)
  gen 6 #18 F=0.3988 acc=[41.1 39.0 41.7]% L=2 syn/n=7.54 (3.7m)
  gen 6 #19 F=0.3858 acc=[38.0 39.6 40.5]% L=3 syn/n=13.51 (3.8m)
  gen 6 #20 F=0.3855 acc=[37.9 40.1 39.7]% L=2 syn/n=11.03 (3.8m)
  gen 6 #21 F=0.4060 acc=[40.2 41.6 41.0]% L=2 syn/n=4.02 (3.8m)
  gen 6 #22 F=0.3910 acc=[39.3 39.2 39.3]% L=2 syn/n=8.34 (3.8m)
  gen 6 #23 F=0.3992 acc=[41.2 39.2 41.2]% L=2 syn/n=8.27 (3.9m)
gen 6: best F=0.4060 acc=[40.2 41.6 41.0]% mean F=0.3955 · {"n_layers":2,"inhib_frac":0.05,"ff_fan":7,"rec_fan":0,"skip_fan":8,"fb_fan":0,"inh_fan":14,"w_exc":0.6,"w_inh":1.1983636121475492,"rec_gain":0.1466343160982727,"fb_gain":0.20115297605201438,"delay_scale":0.8075637168817459}
  gen 7 # 0 F=0.3390 acc=[33.9 33.9 34.4]% L=2 syn/n=4 (3.9m)
  gen 7 # 1 F=0.3439 acc=[34.5 34.5 35.0]% L=2 syn/n=8.41 (3.9m)
  gen 7 # 2 F=0.3406 acc=[33.8 36.0 34.1]% L=2 syn/n=4.96 (3.9m)
  gen 7 # 3 F=0.3363 acc=[33.9 33.6 34.6]% L=2 syn/n=8.71 (4.0m)
  gen 7 # 4 F=0.3422 acc=[34.0 34.5 35.8]% L=2 syn/n=7.52 (4.0m)
  gen 7 # 5 F=0.3436 acc=[34.9 34.2 35.0]% L=2 syn/n=8.24 (4.0m)
  gen 7 # 6 F=0.3358 acc=[34.2 33.2 35.4]% L=2 syn/n=10.6 (4.1m)
  gen 7 # 7 F=0.3441 acc=[34.8 35.0 34.2]% L=2 syn/n=4.92 (4.1m)
  gen 7 # 8 F=0.3385 acc=[33.5 34.5 34.8]% L=2 syn/n=6.02 (4.1m)
  gen 7 # 9 F=0.3459 acc=[36.4 35.1 33.9]% L=2 syn/n=2.01 (4.1m)
  gen 7 #10 F=0.3364 acc=[32.8 34.7 36.0]% L=2 syn/n=9.64 (4.2m)
  gen 7 #11 F=0.3325 acc=[32.8 33.9 34.5]% L=2 syn/n=7 (4.2m)
  gen 7 #12 F=0.3380 acc=[33.9 34.0 34.7]% L=2 syn/n=9.71 (4.2m)
  gen 7 #13 F=0.3492 acc=[34.6 35.5 35.5]% L=2 syn/n=4.92 (4.2m)
  gen 7 #14 F=0.3290 acc=[32.7 33.7 33.7]% L=3 syn/n=11.99 (4.3m)
  gen 7 #15 F=0.3415 acc=[34.0 34.6 34.5]% L=2 syn/n=4 (4.3m)
  gen 7 #16 F=0.3379 acc=[33.1 34.8 34.9]% L=2 syn/n=4.68 (4.3m)
  gen 7 #17 F=0.3314 acc=[34.1 32.5 34.4]% L=2 syn/n=6.57 (4.3m)
  gen 7 #18 F=0.3265 acc=[32.7 32.9 33.6]% L=3 syn/n=10.38 (4.3m)
  gen 7 #19 F=0.3368 acc=[33.2 34.0 35.8]% L=2 syn/n=6 (4.4m)
  gen 7 #20 F=0.3432 acc=[34.0 34.9 35.1]% L=2 syn/n=5.13 (4.4m)
  gen 7 #21 F=0.3410 acc=[34.0 34.5 34.4]% L=2 syn/n=4.48 (4.4m)
  gen 7 #22 F=0.3369 acc=[33.5 35.6 33.7]% L=2 syn/n=5.45 (4.4m)
  gen 7 #23 F=0.3438 acc=[34.5 35.5 34.2]% L=2 syn/n=3.81 (4.5m)
gen 7: best F=0.3492 acc=[34.6 35.5 35.5]% mean F=0.3389 · {"n_layers":2,"inhib_frac":0.05,"ff_fan":7,"rec_fan":0,"skip_fan":8,"fb_fan":1,"inh_fan":23,"w_exc":0.6,"w_inh":1.1983636121475492,"rec_gain":0.1466343160982727,"fb_gain":0.16217394513895192,"delay_scale":0.22160807284614886}
  gen 8 # 0 F=0.3556 acc=[35.5 36.5 35.7]% L=2 syn/n=4.97 (4.5m)
  gen 8 # 1 F=0.3487 acc=[36.1 34.2 35.7]% L=2 syn/n=2.04 (4.5m)
  gen 8 # 2 F=0.3517 acc=[35.0 37.1 35.2]% L=2 syn/n=4.97 (4.5m)
  gen 8 # 3 F=0.3542 acc=[34.8 36.6 36.6]% L=2 syn/n=8.31 (4.5m)
  gen 8 # 4 F=0.3577 acc=[35.5 36.6 36.2]% L=2 syn/n=3.83 (4.6m)
  gen 8 # 5 F=0.3646 acc=[36.5 36.6 37.0]% L=2 syn/n=8.29 (4.6m)
  gen 8 # 6 F=0.3498 acc=[36.3 34.3 36.1]% L=2 syn/n=7.82 (4.6m)
  gen 8 # 7 F=0.3553 acc=[35.0 36.9 36.2]% L=2 syn/n=5.09 (4.6m)
  gen 8 # 8 F=0.3632 acc=[36.6 36.2 37.5]% L=2 syn/n=7.19 (4.7m)
  gen 8 # 9 F=0.3492 acc=[34.9 35.1 35.9]% L=3 syn/n=9.08 (4.7m)
  gen 8 #10 F=0.3468 acc=[34.7 35.0 35.7]% L=3 syn/n=12.4 (4.7m)
  gen 8 #11 F=0.3613 acc=[36.0 36.7 36.3]% L=2 syn/n=3.83 (4.7m)
  gen 8 #12 F=0.3490 acc=[35.1 35.7 34.7]% L=2 syn/n=4.5 (4.8m)
  gen 8 #13 F=0.3533 acc=[35.5 36.1 35.2]% L=2 syn/n=3.55 (4.8m)
  gen 8 #14 F=0.3565 acc=[35.8 35.9 35.7]% L=2 syn/n=6.16 (4.8m)
  gen 8 #15 F=0.3503 acc=[36.3 34.4 35.9]% L=2 syn/n=4.72 (4.8m)
  gen 8 #16 F=0.3482 acc=[35.0 34.9 35.1]% L=3 syn/n=8.29 (4.9m)
  gen 8 #17 F=0.3513 acc=[35.5 34.9 35.7]% L=2 syn/n=2.51 (4.9m)
  gen 8 #18 F=0.3518 acc=[36.7 35.2 35.0]% L=2 syn/n=3.56 (4.9m)
  gen 8 #19 F=0.3490 acc=[34.9 35.0 36.2]% L=3 syn/n=7.61 (4.9m)
  gen 8 #20 F=0.3478 acc=[34.3 36.6 35.2]% L=2 syn/n=4.97 (4.9m)
  gen 8 #21 F=0.3571 acc=[35.5 36.3 36.7]% L=2 syn/n=9.31 (5.0m)
  gen 8 #22 F=0.3591 acc=[35.3 36.6 37.3]% L=2 syn/n=4.61 (5.0m)
  gen 8 #23 F=0.3488 acc=[34.6 36.4 35.1]% L=2 syn/n=5.35 (5.0m)
gen 8: best F=0.3646 acc=[36.5 36.6 37.0]% mean F=0.3534 · {"n_layers":2,"inhib_frac":0.05,"ff_fan":10,"rec_fan":2,"skip_fan":7,"fb_fan":1,"inh_fan":23,"w_exc":0.5878305278459957,"w_inh":1.5,"rec_gain":0.09293284475522917,"fb_gain":0.17217845622595213,"delay_scale":0.8075637168817459}
  gen 9 # 0 F=0.3264 acc=[31.2 34.9 34.9]% L=2 syn/n=8.25 (5.0m)
  gen 9 # 1 F=0.3276 acc=[31.4 34.6 35.4]% L=2 syn/n=7.15 (5.1m)
  gen 9 # 2 F=0.3216 acc=[31.3 33.4 33.6]% L=2 syn/n=3.81 (5.1m)
  gen 9 # 3 F=0.3273 acc=[31.2 34.5 35.5]% L=2 syn/n=4.57 (5.1m)
  gen 9 # 4 F=0.3212 acc=[31.3 33.3 33.5]% L=2 syn/n=3.81 (5.1m)
  gen 9 # 5 F=0.3220 acc=[31.2 33.8 34.1]% L=2 syn/n=9.25 (5.2m)
  gen 9 # 6 F=0.3199 acc=[31.2 33.3 33.1]% L=2 syn/n=2.76 (5.2m)
  gen 9 # 7 F=0.3188 acc=[31.5 32.2 34.7]% L=3 syn/n=12.47 (5.2m)
  gen 9 # 8 F=0.3229 acc=[30.9 33.4 36.1]% L=2 syn/n=5.88 (5.2m)
  gen 9 # 9 F=0.3152 acc=[31.1 32.0 33.6]% L=2 syn/n=8.87 (5.2m)
  gen 9 #10 F=0.3243 acc=[32.0 33.0 33.8]% L=2 syn/n=8.58 (5.3m)
  gen 9 #11 F=0.3261 acc=[31.7 33.6 35.2]% L=2 syn/n=9.67 (5.3m)
  gen 9 #12 F=0.3278 acc=[31.4 34.8 35.0]% L=2 syn/n=7.09 (5.3m)
  gen 9 #13 F=0.3157 acc=[30.9 34.6 32.1]% L=3 syn/n=10.33 (5.4m)
  gen 9 #14 F=0.3309 acc=[32.0 34.6 35.2]% L=2 syn/n=8.01 (5.4m)
  gen 9 #15 F=0.3184 acc=[31.0 33.0 33.6]% L=3 syn/n=7.61 (5.4m)
  gen 9 #16 F=0.3248 acc=[31.1 33.7 36.2]% L=2 syn/n=7.3 (5.4m)
  gen 9 #17 F=0.3193 acc=[31.6 32.2 33.9]% L=2 syn/n=6.67 (5.4m)
  gen 9 #18 F=0.3206 acc=[31.4 33.0 33.2]% L=2 syn/n=3.81 (5.5m)
  gen 9 #19 F=0.3216 acc=[31.8 33.2 32.7]% L=2 syn/n=6.91 (5.5m)
  gen 9 #20 F=0.3220 acc=[31.0 33.8 34.6]% L=2 syn/n=6.46 (5.5m)
  gen 9 #21 F=0.3151 acc=[30.9 33.4 32.3]% L=3 syn/n=10.09 (5.5m)
  gen 9 #22 F=0.3286 acc=[32.9 34.3 32.7]% L=2 syn/n=4.29 (5.6m)
  gen 9 #23 F=0.3248 acc=[31.2 34.0 35.0]% L=2 syn/n=5.3 (5.6m)
gen 9: best F=0.3309 acc=[32.0 34.6 35.2]% mean F=0.3226 · {"n_layers":2,"inhib_frac":0.0788502242073727,"ff_fan":11,"rec_fan":2,"skip_fan":7,"fb_fan":1,"inh_fan":8,"w_exc":0.587992912189507,"w_inh":1.1672400792516842,"rec_gain":0.05432610577539042,"fb_gain":0.20115297605201438,"delay_scale":1.7082327334163554}
  gen 10 # 0 F=0.3393 acc=[33.2 34.9 35.7]% L=2 syn/n=8 (5.6m)
  gen 10 # 1 F=0.3393 acc=[33.0 35.3 35.4]% L=2 syn/n=4.34 (5.6m)
  gen 10 # 2 F=0.3426 acc=[33.8 35.1 35.3]% L=2 syn/n=7.2 (5.7m)
  gen 10 # 3 F=0.3362 acc=[33.3 33.9 35.3]% L=2 syn/n=7.19 (5.7m)
  gen 10 # 4 F=0.3348 acc=[32.7 34.0 36.2]% L=2 syn/n=4.61 (5.7m)
  gen 10 # 5 F=0.3424 acc=[33.7 35.1 35.7]% L=2 syn/n=8.29 (5.7m)
  gen 10 # 6 F=0.3275 acc=[32.7 33.5 33.1]% L=3 syn/n=8.4 (5.7m)
  gen 10 # 7 F=0.3384 acc=[33.0 35.3 35.0]% L=2 syn/n=5.12 (5.8m)
  gen 10 # 8 F=0.3352 acc=[32.9 34.1 35.8]% L=2 syn/n=7.54 (5.8m)
  gen 10 # 9 F=0.3300 acc=[32.7 33.1 35.7]% L=3 syn/n=8.6 (5.8m)
  gen 10 #10 F=0.3442 acc=[35.2 34.8 34.4]% L=2 syn/n=10.11 (5.8m)
  gen 10 #11 F=0.3305 acc=[32.6 34.5 33.7]% L=2 syn/n=6.74 (5.9m)
  gen 10 #12 F=0.3558 acc=[36.1 35.4 36.0]% L=2 syn/n=5.94 (5.9m)
  gen 10 #13 F=0.3429 acc=[35.3 34.0 35.1]% L=2 syn/n=11.62 (5.9m)
  gen 10 #14 F=0.3294 acc=[32.2 34.0 35.1]% L=2 syn/n=10.09 (5.9m)
  gen 10 #15 F=0.3354 acc=[32.6 35.5 35.2]% L=2 syn/n=10.24 (6.0m)
  gen 10 #16 F=0.3418 acc=[34.0 34.5 35.5]% L=2 syn/n=6.86 (6.0m)
  gen 10 #17 F=0.3310 acc=[32.5 33.7 35.1]% L=2 syn/n=8.02 (6.0m)
  gen 10 #18 F=0.3322 acc=[32.7 33.8 35.1]% L=2 syn/n=7.19 (6.0m)
  gen 10 #19 F=0.3372 acc=[33.7 33.9 34.9]% L=2 syn/n=9.78 (6.1m)
  gen 10 #20 F=0.3349 acc=[32.7 34.5 35.6]% L=3 syn/n=7.97 (6.1m)
  gen 10 #21 F=0.3281 acc=[32.7 33.0 34.9]% L=3 syn/n=12.98 (6.1m)
  gen 10 #22 F=0.3437 acc=[34.1 34.4 36.3]% L=2 syn/n=4.61 (6.1m)
  gen 10 #23 F=0.3453 acc=[34.3 35.0 35.6]% L=2 syn/n=9.27 (6.2m)
gen 10: best F=0.3558 acc=[36.1 35.4 36.0]% mean F=0.3374 · {"n_layers":2,"inhib_frac":0.05,"ff_fan":11,"rec_fan":0,"skip_fan":7,"fb_fan":0,"inh_fan":14,"w_exc":0.6,"w_inh":1.2127702459717187,"rec_gain":0.31773547157360593,"fb_gain":0.1771246709730434,"delay_scale":0.22160807284614886}
  gen 11 # 0 F=0.3225 acc=[32.1 32.4 33.9]% L=2 syn/n=5.93 (6.2m)
  gen 11 # 1 F=0.3206 acc=[31.9 32.5 32.9]% L=2 syn/n=9.26 (6.2m)
  gen 11 # 2 F=0.3200 acc=[32.0 32.3 32.8]% L=2 syn/n=10.1 (6.2m)
  gen 11 # 3 F=0.3226 acc=[31.6 33.0 34.0]% L=2 syn/n=4.61 (6.3m)
  gen 11 # 4 F=0.3268 acc=[32.5 33.3 33.7]% L=2 syn/n=11.61 (6.3m)
  gen 11 # 5 F=0.3270 acc=[32.3 33.5 33.5]% L=2 syn/n=7.19 (6.3m)
  gen 11 # 6 F=0.3208 acc=[31.9 32.2 33.4]% L=2 syn/n=6.33 (6.3m)
  gen 11 # 7 F=0.3323 acc=[33.3 34.2 33.5]% L=2 syn/n=12.05 (6.4m)
  gen 11 # 8 F=0.3185 acc=[32.0 32.7 32.3]% L=3 syn/n=16.61 (6.4m)
  gen 11 # 9 F=0.3198 acc=[32.1 33.1 32.0]% L=2 syn/n=7.79 (6.5m)
  gen 11 #10 F=0.3113 acc=[32.0 33.1 30.6]% L=2 syn/n=11.64 (6.8m)
  gen 11 #11 F=0.3271 acc=[31.9 33.7 34.5]% L=2 syn/n=7.36 (6.8m)
  gen 11 #12 F=0.3241 acc=[32.0 33.0 33.8]% L=2 syn/n=6.69 (6.8m)
  gen 11 #13 F=0.3225 acc=[32.0 33.0 33.1]% L=2 syn/n=9.68 (6.8m)
  gen 11 #14 F=0.3269 acc=[32.9 33.1 32.7]% L=2 syn/n=6.98 (6.9m)
  gen 11 #15 F=0.3263 acc=[32.0 33.9 34.0]% L=2 syn/n=9.9 (6.9m)
  gen 11 #16 F=0.3257 acc=[32.0 33.5 34.0]% L=2 syn/n=7.25 (6.9m)
  gen 11 #17 F=0.3226 acc=[32.3 32.6 32.9]% L=2 syn/n=9.39 (6.9m)
  gen 11 #18 F=0.3219 acc=[31.9 34.0 32.7]% L=2 syn/n=12.99 (7.0m)
  gen 11 #19 F=0.3161 acc=[32.0 31.7 31.9]% L=2 syn/n=9.47 (7.0m)
  gen 11 #20 F=0.3211 acc=[32.1 32.1 33.8]% L=2 syn/n=6.76 (7.0m)
  gen 11 #21 F=0.3219 acc=[32.0 32.7 33.1]% L=2 syn/n=9.26 (7.0m)
  gen 11 #22 F=0.3193 acc=[32.0 34.1 32.0]% L=2 syn/n=12.98 (7.1m)
  gen 11 #23 F=0.3194 acc=[32.0 32.4 32.6]% L=2 syn/n=13 (7.1m)
gen 11: best F=0.3323 acc=[33.3 34.2 33.5]% mean F=0.3224 · {"n_layers":2,"inhib_frac":0.05,"ff_fan":18,"rec_fan":2,"skip_fan":8,"fb_fan":2,"inh_fan":13,"w_exc":0.5878305278459957,"w_inh":1.1672400792516842,"rec_gain":0.2813064853322506,"fb_gain":0.2743335109609279,"delay_scale":0.8075637168817459}
  gen 12 # 0 F=0.3558 acc=[35.7 37.2 35.7]% L=2 syn/n=12.02 (7.1m)
  gen 12 # 1 F=0.3651 acc=[35.7 37.2 39.4]% L=2 syn/n=7.32 (7.1m)
  gen 12 # 2 F=0.3793 acc=[37.9 38.1 39.1]% L=2 syn/n=7.16 (7.2m)
  gen 12 # 3 F=0.3659 acc=[35.5 38.4 38.4]% L=2 syn/n=6.95 (7.2m)
  gen 12 # 4 F=0.3653 acc=[35.7 38.1 38.3]% L=2 syn/n=11.59 (7.2m)
  gen 12 # 5 F=0.3745 acc=[35.7 39.8 40.9]% L=2 syn/n=9.89 (7.2m)
  gen 12 # 6 F=0.3811 acc=[38.5 37.8 39.8]% L=2 syn/n=10.04 (7.3m)
  gen 12 # 7 F=0.3656 acc=[35.7 37.7 39.0]% L=3 syn/n=10.05 (7.3m)
  gen 12 # 8 F=0.3754 acc=[37.7 37.6 38.0]% L=2 syn/n=6.03 (7.3m)
  gen 12 # 9 F=0.3710 acc=[35.7 39.6 39.3]% L=2 syn/n=9.99 (7.3m)
  gen 12 #10 F=0.3652 acc=[35.7 38.1 38.3]% L=2 syn/n=11.59 (7.3m)
  gen 12 #11 F=0.3637 acc=[35.7 37.8 37.8]% L=3 syn/n=10.64 (7.4m)
  gen 12 #12 F=0.3823 acc=[38.0 38.9 38.7]% L=2 syn/n=5.17 (7.4m)
  gen 12 #13 F=0.3668 acc=[35.6 37.6 39.9]% L=2 syn/n=7.32 (7.4m)
  gen 12 #14 F=0.3667 acc=[35.9 37.7 39.0]% L=2 syn/n=9.75 (7.4m)
  gen 12 #15 F=0.3682 acc=[35.7 38.0 39.5]% L=2 syn/n=6.85 (7.4m)
  gen 12 #16 F=0.3673 acc=[35.7 39.3 38.2]% L=2 syn/n=11.55 (7.5m)
  gen 12 #17 F=0.3687 acc=[36.9 37.3 37.9]% L=2 syn/n=14.52 (7.5m)
  gen 12 #18 F=0.3508 acc=[34.8 35.7 38.2]% L=3 syn/n=20.97 (7.8m)
  gen 12 #19 F=0.3719 acc=[35.7 39.3 39.6]% L=2 syn/n=5.13 (7.8m)
  gen 12 #20 F=0.3532 acc=[35.7 35.7 36.1]% L=4 syn/n=19.4 (7.8m)
  gen 12 #21 F=0.3652 acc=[35.6 37.4 39.0]% L=2 syn/n=6.85 (7.8m)
  gen 12 #22 F=0.3693 acc=[35.8 38.0 39.8]% L=2 syn/n=4.95 (7.8m)
  gen 12 #23 F=0.3844 acc=[39.3 38.5 38.5]% L=2 syn/n=7.28 (7.9m)
gen 12: best F=0.3844 acc=[39.3 38.5 38.5]% mean F=0.3685 · {"n_layers":2,"inhib_frac":0.05,"ff_fan":7,"rec_fan":3,"skip_fan":8,"fb_fan":1,"inh_fan":13,"w_exc":0.587992912189507,"w_inh":1.1358124356267445,"rec_gain":0.330963253661348,"fb_gain":0.05,"delay_scale":0.17051143761766918}
  gen 13 # 0 F=0.3218 acc=[32.0 32.6 32.8]% L=2 syn/n=7.32 (7.9m)
  gen 13 # 1 F=0.3244 acc=[33.3 33.5 31.9]% L=2 syn/n=5.11 (7.9m)
  gen 13 # 2 F=0.3227 acc=[31.9 32.4 35.6]% L=2 syn/n=10.07 (7.9m)
  gen 13 # 3 F=0.3291 acc=[33.0 32.9 33.9]% L=2 syn/n=7.15 (7.9m)
  gen 13 # 4 F=0.3260 acc=[33.3 33.3 32.3]% L=2 syn/n=6 (8.0m)
  gen 13 # 5 F=0.3422 acc=[34.7 33.9 35.8]% L=2 syn/n=9.94 (8.0m)
  gen 13 # 6 F=0.3195 acc=[32.1 32.0 32.1]% L=2 syn/n=5.32 (8.0m)
  gen 13 # 7 F=0.3208 acc=[32.1 33.1 32.3]% L=2 syn/n=9.25 (8.1m)
  gen 13 # 8 F=0.3209 acc=[31.7 32.8 33.3]% L=3 syn/n=9.3 (8.1m)
  gen 13 # 9 F=0.3199 acc=[32.9 31.2 34.1]% L=2 syn/n=7.76 (8.1m)
  gen 13 #10 F=0.3241 acc=[31.9 33.3 33.2]% L=3 syn/n=5.27 (8.1m)
  gen 13 #11 F=0.3291 acc=[33.7 33.3 32.6]% L=2 syn/n=4.63 (8.1m)
  gen 13 #12 F=0.3260 acc=[32.9 33.4 32.5]% L=2 syn/n=6.78 (8.2m)
  gen 13 #13 F=0.3210 acc=[32.0 32.4 32.3]% L=2 syn/n=2.49 (8.2m)
  gen 13 #14 F=0.3167 acc=[31.7 32.1 31.9]% L=2 syn/n=8.04 (8.2m)
  gen 13 #15 F=0.3271 acc=[32.6 32.6 35.5]% L=2 syn/n=8.51 (8.2m)
  gen 13 #16 F=0.3219 acc=[31.8 33.4 32.9]% L=3 syn/n=8.68 (8.3m)
  gen 13 #17 F=0.3223 acc=[32.4 33.5 32.0]% L=2 syn/n=4.92 (8.3m)
  gen 13 #18 F=0.3184 acc=[32.7 31.4 33.2]% L=3 syn/n=10.57 (8.3m)
  gen 13 #19 F=0.3214 acc=[32.3 32.5 32.1]% L=2 syn/n=4.47 (8.3m)
  gen 13 #20 F=0.3316 acc=[34.6 34.2 32.5]% L=2 syn/n=8.53 (8.4m)
  gen 13 #21 F=0.3214 acc=[32.0 34.3 31.9]% L=2 syn/n=3.42 (8.4m)
  gen 13 #22 F=0.3245 acc=[32.9 33.4 32.1]% L=2 syn/n=4.14 (8.4m)
  gen 13 #23 F=0.3171 acc=[31.7 32.3 32.3]% L=3 syn/n=13.17 (8.4m)
gen 13: best F=0.3422 acc=[34.7 33.9 35.8]% mean F=0.3238 · {"n_layers":2,"inhib_frac":0.05,"ff_fan":11,"rec_fan":4,"skip_fan":5,"fb_fan":1,"inh_fan":8,"w_exc":0.6,"w_inh":1.1672400792516842,"rec_gain":0.05,"fb_gain":0.05,"delay_scale":0.5901705414769857}
  gen 14 # 0 F=0.3389 acc=[34.1 34.0 34.5]% L=2 syn/n=9.9 (8.5m)
  gen 14 # 1 F=0.3393 acc=[35.3 33.9 34.0]% L=2 syn/n=8.5 (8.5m)
  gen 14 # 2 F=0.3349 acc=[33.8 33.4 34.2]% L=2 syn/n=7.19 (8.5m)
  gen 14 # 3 F=0.3327 acc=[33.9 33.1 33.7]% L=2 syn/n=4.7 (8.6m)
  gen 14 # 4 F=0.3447 acc=[35.0 34.2 35.5]% L=2 syn/n=8.49 (8.6m)
  gen 14 # 5 F=0.3347 acc=[34.5 34.8 32.8]% L=2 syn/n=6.78 (8.6m)
  gen 14 # 6 F=0.3346 acc=[33.8 34.6 33.2]% L=2 syn/n=6.78 (8.7m)
  gen 14 # 7 F=0.3375 acc=[34.2 33.4 35.3]% L=2 syn/n=7.38 (8.7m)
  gen 14 # 8 F=0.3384 acc=[35.3 35.3 33.2]% L=2 syn/n=12.75 (8.7m)
  gen 14 # 9 F=0.3245 acc=[32.2 33.1 33.8]% L=3 syn/n=11.78 (8.7m)
  gen 14 #10 F=0.3374 acc=[33.8 33.8 34.4]% L=2 syn/n=6.12 (8.8m)
  gen 14 #11 F=0.3355 acc=[33.8 33.5 33.9]% L=2 syn/n=5.64 (8.8m)
  gen 14 #12 F=0.3357 acc=[34.3 33.3 34.5]% L=2 syn/n=9.22 (8.8m)
  gen 14 #13 F=0.3325 acc=[34.4 35.0 32.6]% L=2 syn/n=11.8 (8.9m)
  gen 14 #14 F=0.3355 acc=[34.3 35.0 32.9]% L=2 syn/n=4.79 (8.9m)
  gen 14 #15 F=0.3476 acc=[35.4 35.6 34.4]% L=2 syn/n=6.06 (8.9m)
  gen 14 #16 F=0.3366 acc=[34.0 34.6 33.4]% L=2 syn/n=3.85 (9.0m)
  gen 14 #17 F=0.3445 acc=[34.6 35.2 34.5]% L=2 syn/n=9.01 (9.0m)
  gen 14 #18 F=0.3296 acc=[33.0 33.0 33.9]% L=2 syn/n=6.11 (9.0m)
  gen 14 #19 F=0.3386 acc=[34.1 34.8 33.8]% L=2 syn/n=6.49 (9.1m)
  gen 14 #20 F=0.3352 acc=[34.6 33.6 33.4]% L=2 syn/n=3.75 (9.1m)
  gen 14 #21 F=0.3380 acc=[35.1 34.3 33.6]% L=2 syn/n=11.61 (9.1m)
  gen 14 #22 F=0.3265 acc=[32.1 33.3 34.8]% L=2 syn/n=9.61 (9.2m)
  gen 14 #23 F=0.3287 acc=[33.0 33.0 33.4]% L=3 syn/n=9.98 (9.2m)
gen 14: best F=0.3476 acc=[35.4 35.6 34.4]% mean F=0.3359 · {"n_layers":2,"inhib_frac":0.05,"ff_fan":11,"rec_fan":0,"skip_fan":5,"fb_fan":1,"inh_fan":7,"w_exc":0.6,"w_inh":1.1672400792516842,"rec_gain":0.05,"fb_gain":0.05,"delay_scale":0.5177383323612728}
  gen 15 # 0 F=0.3850 acc=[38.2 38.8 39.9]% L=2 syn/n=6.04 (9.2m)
  gen 15 # 1 F=0.3872 acc=[38.6 39.2 39.4]% L=2 syn/n=8.45 (9.2m)
  gen 15 # 2 F=0.3834 acc=[37.5 39.9 39.7]% L=2 syn/n=8.99 (9.3m)
  gen 15 # 3 F=0.3808 acc=[38.0 38.3 39.1]% L=2 syn/n=8.44 (9.3m)
  gen 15 # 4 F=0.3825 acc=[38.5 39.2 38.3]% L=2 syn/n=9.88 (9.3m)
  gen 15 # 5 F=0.3836 acc=[38.0 38.7 40.0]% L=2 syn/n=6.45 (9.3m)
  gen 15 # 6 F=0.3816 acc=[37.8 38.2 40.7]% L=2 syn/n=5.77 (9.4m)
  gen 15 # 7 F=0.3800 acc=[37.3 38.7 40.1]% L=2 syn/n=5.88 (9.4m)
  gen 15 # 8 F=0.3845 acc=[38.3 38.9 39.1]% L=2 syn/n=8.05 (9.4m)
  gen 15 # 9 F=0.3870 acc=[38.4 38.9 40.5]% L=2 syn/n=6.32 (9.4m)
  gen 15 #10 F=0.3783 acc=[37.7 37.9 39.4]% L=2 syn/n=5.3 (9.4m)
  gen 15 #11 F=0.3866 acc=[38.7 39.2 38.9]% L=2 syn/n=9.41 (9.5m)
  gen 15 #12 F=0.3802 acc=[38.1 38.0 39.7]% L=2 syn/n=7.9 (9.5m)
  gen 15 #13 F=0.3902 acc=[40.2 39.7 38.6]% L=2 syn/n=7.67 (9.5m)
  gen 15 #14 F=0.3745 acc=[37.6 37.5 38.8]% L=3 syn/n=12.23 (9.5m)
  gen 15 #15 F=0.3730 acc=[37.7 36.6 40.4]% L=2 syn/n=7.3 (9.6m)
  gen 15 #16 F=0.3798 acc=[38.1 38.2 38.1]% L=2 syn/n=7.98 (9.6m)
  gen 15 #17 F=0.3771 acc=[37.2 38.6 38.9]% L=2 syn/n=8.62 (9.6m)
  gen 15 #18 F=0.3808 acc=[39.0 38.1 38.2]% L=2 syn/n=8.19 (9.7m)
  gen 15 #19 F=0.3802 acc=[37.8 38.9 38.7]% L=2 syn/n=10.01 (9.7m)
  gen 15 #20 F=0.3780 acc=[37.9 37.8 38.1]% L=2 syn/n=3.59 (9.7m)
  gen 15 #21 F=0.3790 acc=[38.9 37.8 38.3]% L=2 syn/n=9.46 (9.7m)
  gen 15 #22 F=0.3872 acc=[38.3 39.6 39.6]% L=2 syn/n=6.04 (9.8m)
  gen 15 #23 F=0.3794 acc=[37.9 39.0 37.9]% L=2 syn/n=3.2 (9.8m)
gen 15: best F=0.3902 acc=[40.2 39.7 38.6]% mean F=0.3817 · {"n_layers":2,"inhib_frac":0.05,"ff_fan":8,"rec_fan":3,"skip_fan":7,"fb_fan":2,"inh_fan":2,"w_exc":0.4978574541683315,"w_inh":1.1066430015056679,"rec_gain":0.20851641938346438,"fb_gain":0.0856526295872885,"delay_scale":1.0633276031691765}
  gen 16 # 0 F=0.3614 acc=[35.5 38.3 36.9]% L=2 syn/n=7.7 (9.8m)
  gen 16 # 1 F=0.3727 acc=[38.7 36.5 38.7]% L=2 syn/n=8.48 (9.8m)
  gen 16 # 2 F=0.3643 acc=[35.6 37.3 38.7]% L=2 syn/n=6.06 (9.9m)
  gen 16 # 3 F=0.3620 acc=[38.5 35.0 37.7]% L=2 syn/n=6.3 (9.9m)
  gen 16 # 4 F=0.3703 acc=[37.8 37.0 37.3]% L=2 syn/n=9.43 (9.9m)
  gen 16 # 5 F=0.3668 acc=[35.5 38.3 38.7]% L=2 syn/n=6.06 (9.9m)
  gen 16 # 6 F=0.3622 acc=[37.1 37.4 35.7]% L=2 syn/n=6.8 (10.0m)
  gen 16 # 7 F=0.3617 acc=[36.0 37.7 36.3]% L=2 syn/n=6.75 (10.0m)
  gen 16 # 8 F=0.3589 acc=[35.5 39.0 36.1]% L=3 syn/n=8.91 (10.0m)
  gen 16 # 9 F=0.3515 acc=[35.1 36.0 35.5]% L=2 syn/n=8.37 (10.0m)
  gen 16 #10 F=0.3575 acc=[35.5 38.1 36.2]% L=3 syn/n=14.4 (10.1m)
  gen 16 #11 F=0.3719 acc=[38.0 37.9 36.9]% L=2 syn/n=8.11 (10.1m)
  gen 16 #12 F=0.3595 acc=[35.5 36.6 37.4]% L=2 syn/n=7.7 (10.1m)
  gen 16 #13 F=0.3593 acc=[35.5 37.1 36.7]% L=2 syn/n=6.75 (10.1m)
  gen 16 #14 F=0.3524 acc=[35.5 35.5 35.5]% L=3 syn/n=11.39 (10.2m)
  gen 16 #15 F=0.3703 acc=[37.0 37.3 38.5]% L=2 syn/n=11.07 (10.2m)
  gen 16 #16 F=0.3624 acc=[35.1 37.5 38.5]% L=2 syn/n=4.63 (10.2m)
  gen 16 #17 F=0.3708 acc=[35.9 38.6 39.4]% L=2 syn/n=5.79 (10.2m)
  gen 16 #18 F=0.3666 acc=[37.9 37.0 36.4]% L=2 syn/n=6.58 (10.3m)
  gen 16 #19 F=0.3631 acc=[35.5 39.1 37.1]% L=3 syn/n=8.91 (10.3m)
  gen 16 #20 F=0.3597 acc=[35.5 37.1 37.4]% L=3 syn/n=13.71 (10.4m)
  gen 16 #21 F=0.3778 acc=[38.1 38.6 37.7]% L=2 syn/n=8.48 (10.4m)
  gen 16 #22 F=0.3599 acc=[38.2 35.2 36.9]% L=2 syn/n=7.22 (10.4m)
  gen 16 #23 F=0.3567 acc=[35.5 35.4 39.0]% L=3 syn/n=6.11 (10.5m)
gen 16: best F=0.3778 acc=[38.1 38.6 37.7]% mean F=0.3633 · {"n_layers":2,"inhib_frac":0.05,"ff_fan":11,"rec_fan":3,"skip_fan":9,"fb_fan":0,"inh_fan":8,"w_exc":0.4075358176733618,"w_inh":1.0263383287750536,"rec_gain":0.3659793456968707,"fb_gain":0.05,"delay_scale":1.0791484249492997}
  gen 17 # 0 F=0.3701 acc=[35.9 39.6 38.4]% L=2 syn/n=8.48 (10.5m)
  gen 17 # 1 F=0.3666 acc=[36.4 36.6 39.7]% L=2 syn/n=8.48 (10.5m)
  gen 17 # 2 F=0.3705 acc=[37.5 37.6 37.0]% L=2 syn/n=8.1 (10.6m)
  gen 17 # 3 F=0.3663 acc=[35.9 37.7 38.1]% L=2 syn/n=5.78 (10.6m)
  gen 17 # 4 F=0.3645 acc=[35.7 38.3 37.7]% L=2 syn/n=11.08 (10.6m)
  gen 17 # 5 F=0.3582 acc=[35.7 35.8 38.4]% L=2 syn/n=9.43 (10.6m)
  gen 17 # 6 F=0.3761 acc=[38.1 37.7 37.8]% L=2 syn/n=9.12 (10.6m)
  gen 17 # 7 F=0.3615 acc=[35.8 36.2 39.6]% L=2 syn/n=9.86 (10.7m)
  gen 17 # 8 F=0.3657 acc=[35.8 37.6 38.2]% L=2 syn/n=6.25 (10.7m)
  gen 17 # 9 F=0.3669 acc=[35.8 37.4 39.8]% L=2 syn/n=8.48 (10.7m)
  gen 17 #10 F=0.3703 acc=[36.8 37.4 38.4]% L=2 syn/n=8.33 (10.7m)
  gen 17 #11 F=0.3729 acc=[37.5 37.1 38.6]% L=2 syn/n=6.58 (10.8m)
  gen 17 #12 F=0.3632 acc=[35.6 37.9 37.2]% L=2 syn/n=5.64 (10.8m)
  gen 17 #13 F=0.3657 acc=[35.8 38.7 37.5]% L=2 syn/n=8 (10.8m)
  gen 17 #14 F=0.3772 acc=[38.5 37.2 39.0]% L=2 syn/n=7.91 (10.8m)
  gen 17 #15 F=0.3780 acc=[39.6 36.8 39.4]% L=2 syn/n=7.96 (10.9m)
  gen 17 #16 F=0.3784 acc=[38.9 37.9 37.9]% L=2 syn/n=9.35 (10.9m)
  gen 17 #17 F=0.3622 acc=[36.0 36.2 38.8]% L=2 syn/n=6.25 (10.9m)
  gen 17 #18 F=0.3628 acc=[37.8 36.4 36.2]% L=2 syn/n=8.1 (11.0m)
  gen 17 #19 F=0.3617 acc=[35.7 36.7 37.9]% L=2 syn/n=8.1 (11.0m)
  gen 17 #20 F=0.3632 acc=[36.0 37.4 36.9]% L=2 syn/n=7.53 (11.0m)
  gen 17 #21 F=0.3663 acc=[35.8 37.5 38.8]% L=2 syn/n=6.58 (11.0m)
  gen 17 #22 F=0.3572 acc=[35.8 37.9 35.8]% L=2 syn/n=12.76 (11.1m)
  gen 17 #23 F=0.3584 acc=[35.8 35.9 38.3]% L=2 syn/n=11.52 (11.1m)
gen 17: best F=0.3784 acc=[38.9 37.9 37.9]% mean F=0.3668 · {"n_layers":2,"inhib_frac":0.05,"ff_fan":7,"rec_fan":5,"skip_fan":9,"fb_fan":1,"inh_fan":16,"w_exc":0.5886781168649414,"w_inh":1.0100569520913214,"rec_gain":0.05,"fb_gain":0.05,"delay_scale":0.888082687886987}
  gen 18 # 0 F=0.3067 acc=[30.3 32.5 31.2]% L=2 syn/n=9.32 (11.1m)
  gen 18 # 1 F=0.3101 acc=[30.3 32.4 32.3]% L=2 syn/n=7.95 (11.1m)
  gen 18 # 2 F=0.3090 acc=[30.3 32.4 31.9]% L=2 syn/n=7.9 (11.2m)
  gen 18 # 3 F=0.3025 acc=[30.4 30.4 30.8]% L=2 syn/n=9.11 (11.2m)
  gen 18 # 4 F=0.3079 acc=[30.2 31.8 31.9]% L=2 syn/n=6.57 (11.2m)
  gen 18 # 5 F=0.3097 acc=[30.5 32.4 31.6]% L=2 syn/n=8.09 (11.2m)
  gen 18 # 6 F=0.3082 acc=[30.4 31.1 33.0]% L=2 syn/n=5.7 (11.3m)
  gen 18 # 7 F=0.3134 acc=[30.7 32.1 33.2]% L=2 syn/n=7 (11.3m)
  gen 18 # 8 F=0.2969 acc=[30.3 29.5 31.3]% L=3 syn/n=13.75 (11.3m)
  gen 18 # 9 F=0.2988 acc=[30.3 29.5 31.5]% L=2 syn/n=8.66 (11.3m)
  gen 18 #10 F=0.3099 acc=[30.3 32.0 32.9]% L=2 syn/n=10.14 (11.4m)
  gen 18 #11 F=0.3056 acc=[31.5 30.8 30.4]% L=2 syn/n=5.06 (11.4m)
  gen 18 #12 F=0.3072 acc=[30.3 32.8 31.2]% L=2 syn/n=9.32 (11.4m)
  gen 18 #13 F=0.3111 acc=[30.5 32.6 32.3]% L=2 syn/n=11.46 (11.4m)
  gen 18 #14 F=0.3085 acc=[30.9 31.2 31.0]% L=2 syn/n=6.18 (11.5m)
  gen 18 #15 F=0.3055 acc=[30.4 31.5 31.1]% L=2 syn/n=9.43 (11.5m)
  gen 18 #16 F=0.3063 acc=[30.5 31.3 31.2]% L=2 syn/n=7.75 (11.5m)
  gen 18 #17 F=0.3093 acc=[30.6 31.8 31.5]% L=2 syn/n=4.75 (11.6m)
  gen 18 #18 F=0.3037 acc=[30.3 30.5 32.0]% L=2 syn/n=7.86 (11.6m)
  gen 18 #19 F=0.3080 acc=[30.3 32.7 31.5]% L=2 syn/n=9.32 (11.6m)
  gen 18 #20 F=0.3056 acc=[30.4 31.6 30.9]% L=2 syn/n=7.61 (11.6m)
  gen 18 #21 F=0.3080 acc=[30.4 32.0 31.5]% L=2 syn/n=8.38 (11.7m)
  gen 18 #22 F=0.3099 acc=[30.4 32.2 32.1]% L=2 syn/n=7.71 (11.7m)
  gen 18 #23 F=0.3066 acc=[30.3 32.0 31.3]% L=2 syn/n=8.45 (11.7m)
gen 18: best F=0.3134 acc=[30.7 32.1 33.2]% mean F=0.307 · {"n_layers":2,"inhib_frac":0.126502266259572,"ff_fan":12,"rec_fan":1,"skip_fan":9,"fb_fan":0,"inh_fan":7,"w_exc":0.4978569836214457,"w_inh":1.5,"rec_gain":0.37497016754186413,"fb_gain":0.10122410273885095,"delay_scale":1.205995003317743}
  gen 19 # 0 F=0.3545 acc=[35.2 35.6 37.3]% L=2 syn/n=6.98 (11.8m)
  gen 19 # 1 F=0.3635 acc=[38.0 35.8 37.4]% L=2 syn/n=11.47 (11.8m)
  gen 19 # 2 F=0.3566 acc=[35.3 35.9 38.0]% L=2 syn/n=7.95 (11.8m)
  gen 19 # 3 F=0.3599 acc=[35.2 37.1 37.7]% L=2 syn/n=7.71 (11.8m)
  gen 19 # 4 F=0.3551 acc=[35.3 35.8 37.5]% L=2 syn/n=10.14 (11.9m)
  gen 19 # 5 F=0.3568 acc=[35.1 37.2 36.5]% L=2 syn/n=8.09 (11.9m)
  gen 19 # 6 F=0.3536 acc=[35.3 35.8 36.3]% L=2 syn/n=11.58 (11.9m)
  gen 19 # 7 F=0.3512 acc=[35.3 35.3 35.9]% L=3 syn/n=10.73 (11.9m)
  gen 19 # 8 F=0.3531 acc=[35.3 37.2 35.7]% L=3 syn/n=15.77 (12.0m)
  gen 19 # 9 F=0.3617 acc=[36.5 36.3 36.7]% L=2 syn/n=12.74 (12.1m)
  gen 19 #10 F=0.3484 acc=[35.3 34.8 35.8]% L=3 syn/n=12.7 (12.2m)
  gen 19 #11 F=0.3635 acc=[35.4 38.3 37.9]% L=2 syn/n=9.66 (12.3m)
  gen 19 #12 F=0.3566 acc=[35.5 35.7 37.9]% L=2 syn/n=8.29 (12.3m)
  gen 19 #13 F=0.3537 acc=[35.3 37.5 35.5]% L=2 syn/n=11.99 (12.3m)
  gen 19 #14 F=0.3646 acc=[36.5 37.0 36.4]% L=2 syn/n=2.91 (12.3m)
  gen 19 #15 F=0.3548 acc=[35.3 35.5 37.7]% L=2 syn/n=6.04 (12.3m)
  gen 19 #16 F=0.3578 acc=[35.3 36.8 37.1]% L=2 syn/n=11.94 (12.4m)
  gen 19 #17 F=0.3565 acc=[35.1 36.2 38.1]% L=2 syn/n=10.37 (12.4m)
  gen 19 #18 F=0.3481 acc=[35.3 35.3 35.0]% L=4 syn/n=15.18 (12.4m)
  gen 19 #19 F=0.3561 acc=[35.1 37.2 36.3]% L=2 syn/n=9.24 (12.5m)
  gen 19 #20 F=0.3571 acc=[35.0 36.2 38.4]% L=2 syn/n=6.99 (12.5m)
  gen 19 #21 F=0.3588 acc=[35.4 37.1 36.6]% L=2 syn/n=5.95 (12.5m)
  gen 19 #22 F=0.3602 acc=[35.4 36.6 38.3]% L=2 syn/n=8.04 (12.5m)
  gen 19 #23 F=0.3594 acc=[35.3 36.4 38.8]% L=2 syn/n=7.9 (12.5m)
gen 19: best F=0.3646 acc=[36.5 37.0 36.4]% mean F=0.3567 · {"n_layers":2,"inhib_frac":0.0840639598957911,"ff_fan":5,"rec_fan":0,"skip_fan":11,"fb_fan":1,"inh_fan":2,"w_exc":0.525578118757958,"w_inh":1.3078002879966597,"rec_gain":0.05,"fb_gain":0.05,"delay_scale":0.9634500254362909}
v12-hand       F=0.3192 acc=[32.1 32.1 34.0]% L=4 syn/n=19.85
v13-winner     F=0.3312 acc=[32.6 33.9 35.1]% L=4 syn/n=11.15
v14-gen0-best  F=0.3268 acc=[32.0 33.8 34.9]% L=3 syn/n=14.28
v14-evolved    F=0.3301 acc=[32.3 34.1 34.1]% L=2 syn/n=2.91

checkpoint: /Users/marycarrigan/coding/morpho-snn/snn/experiments/results/evolve2-seed7.json
