v13 evolution · seed 99 · pop 16 · gens 12 · scales [2000,4000,8000] · taps 256 · fit 8000 · F = mean − 0.5·std − 0.02·syn/n/100
  gen 0 # 0 F=0.3426 acc=[34.9 34.8 34.9]% syn/n=28.77 (0.1m)
  gen 0 # 1 F=0.3458 acc=[34.8 36.7 35.3]% syn/n=30.15 (1.3m)
  gen 0 # 2 F=0.3455 acc=[35.1 34.8 36.0]% syn/n=25.6 (1.9m)
  gen 0 # 3 F=0.3454 acc=[34.9 34.9 34.7]% syn/n=12.59 (2.1m)
  gen 0 # 4 F=0.3406 acc=[35.3 34.3 35.0]% syn/n=29.05 (2.2m)
  gen 0 # 5 F=0.3448 acc=[35.3 34.9 34.7]% syn/n=18.45 (4.2m)
  gen 0 # 6 F=0.3437 acc=[34.5 34.3 36.2]% syn/n=10.22 (4.7m)
  gen 0 # 7 F=0.3495 acc=[35.3 35.1 36.3]% syn/n=19.27 (4.7m)
  gen 0 # 8 F=0.3508 acc=[34.9 36.5 35.7]% syn/n=12.82 (4.8m)
  gen 0 # 9 F=0.3454 acc=[34.9 34.9 34.9]% syn/n=16.58 (4.8m)
  gen 0 #10 F=0.3482 acc=[36.5 34.9 35.2]% syn/n=19.07 (4.9m)
  gen 0 #11 F=0.3439 acc=[34.9 34.8 34.9]% syn/n=21.94 (5.5m)
  gen 0 #12 F=0.3458 acc=[34.9 35.0 35.1]% syn/n=17.57 (5.6m)
  gen 0 #13 F=0.3445 acc=[34.9 34.9 34.9]% syn/n=20.62 (5.6m)
  gen 0 #14 F=0.3376 acc=[34.8 34.7 33.9]% syn/n=26.66 (7.6m)
  gen 0 #15 F=0.3439 acc=[35.6 34.5 35.1]% syn/n=22.05 (10.0m)
gen 0: best F=0.3508 acc=[34.9 36.5 35.7]% mean F=0.3449 · {"inhib_frac":0.32787311288993803,"ff_fan":7,"rec_fan":6,"skip_fan":5,"fb_fan":2,"inh_fan":8,"w_exc":0.21692286180332304,"w_inh":0.9251050604972988,"rec_gain":0.43649627212435005,"fb_gain":0.5210587332374417,"delay_scale":0.5488880638265983}
  gen 1 # 0 F=0.3958 acc=[39.9 39.6 40.8]% syn/n=12.8 (10.1m)
  gen 1 # 1 F=0.3842 acc=[38.5 39.1 39.5]% syn/n=18.96 (10.1m)
  gen 1 # 2 F=0.3852 acc=[39.9 39.9 38.1]% syn/n=18.92 (10.2m)
  gen 1 # 3 F=0.3948 acc=[39.9 39.8 39.9]% syn/n=17.52 (10.3m)
  gen 1 # 4 F=0.3902 acc=[39.9 39.9 39.1]% syn/n=19.43 (10.4m)
  gen 1 # 5 F=0.3916 acc=[39.9 39.9 39.3]% syn/n=21 (10.5m)
  gen 1 # 6 F=0.3891 acc=[39.9 39.1 39.5]% syn/n=22.76 (10.5m)
  gen 1 # 7 F=0.3845 acc=[38.9 39.5 38.6]% syn/n=18.47 (10.6m)
  gen 1 # 8 F=0.3904 acc=[39.5 39.0 41.1]% syn/n=19.66 (10.7m)
  gen 1 # 9 F=0.3981 acc=[39.9 40.1 40.5]% syn/n=10.13 (10.7m)
  gen 1 #10 F=0.3908 acc=[39.9 38.9 39.9]% syn/n=12.97 (10.9m)
  gen 1 #11 F=0.3958 acc=[39.9 39.6 40.5]% syn/n=10.72 (10.9m)
  gen 1 #12 F=0.3871 acc=[39.5 40.4 38.5]% syn/n=19.98 (11.0m)
  gen 1 #13 F=0.3920 acc=[39.5 39.6 40.6]% syn/n=23.35 (11.0m)
  gen 1 #14 F=0.3884 acc=[39.4 38.9 40.2]% syn/n=18.69 (11.1m)
  gen 1 #15 F=0.3908 acc=[39.9 39.5 39.6]% syn/n=23.9 (11.2m)
gen 1: best F=0.3981 acc=[39.9 40.1 40.5]% mean F=0.3906 · {"inhib_frac":0.32787311288993803,"ff_fan":7,"rec_fan":2,"skip_fan":5,"fb_fan":2,"inh_fan":8,"w_exc":0.21692286180332304,"w_inh":0.8088489476618814,"rec_gain":0.43649627212435005,"fb_gain":0.5210587332374417,"delay_scale":0.5488880638265983}
  gen 2 # 0 F=0.3519 acc=[35.5 35.1 36.7]% syn/n=10.18 (11.2m)
  gen 2 # 1 F=0.3534 acc=[35.9 36.3 35.2]% syn/n=10.78 (11.3m)
  gen 2 # 2 F=0.3506 acc=[35.3 35.2 36.1]% syn/n=12.87 (11.3m)
  gen 2 # 3 F=0.3488 acc=[35.2 35.2 35.5]% syn/n=17.53 (11.4m)
  gen 2 # 4 F=0.3489 acc=[35.4 34.9 35.9]% syn/n=15.99 (11.5m)
  gen 2 # 5 F=0.3426 acc=[33.6 35.2 36.1]% syn/n=9.95 (11.8m)
  gen 2 # 6 F=0.3434 acc=[35.5 35.2 34.2]% syn/n=17.21 (13.2m)
  gen 2 # 7 F=0.3428 acc=[35.0 35.7 34.1]% syn/n=15.34 (13.3m)
  gen 2 # 8 F=0.3552 acc=[36.3 35.1 36.8]% syn/n=10 (13.4m)
  gen 2 # 9 F=0.3512 acc=[35.2 35.2 36.7]% syn/n=11.4 (13.4m)
  gen 2 #10 F=0.3501 acc=[35.2 35.2 36.4]% syn/n=15.58 (13.5m)
  gen 2 #11 F=0.3529 acc=[35.5 35.7 35.5]% syn/n=11.32 (13.6m)
  gen 2 #12 F=0.3524 acc=[35.2 35.5 35.9]% syn/n=8.45 (13.6m)
  gen 2 #13 F=0.3544 acc=[35.5 35.7 35.9]% syn/n=9.15 (13.6m)
  gen 2 #14 F=0.3577 acc=[35.5 36.3 37.3]% syn/n=11.65 (13.7m)
  gen 2 #15 F=0.3474 acc=[35.2 35.1 34.7]% syn/n=8.87 (13.7m)
gen 2: best F=0.3577 acc=[35.5 36.3 37.3]% mean F=0.3502 · {"inhib_frac":0.33715911736489573,"ff_fan":7,"rec_fan":6,"skip_fan":4,"fb_fan":1,"inh_fan":7,"w_exc":0.2201852775452806,"w_inh":1.1767895342683155,"rec_gain":0.43649627212435005,"fb_gain":0.5210587332374417,"delay_scale":0.5488880638265983}
  gen 3 # 0 F=0.3320 acc=[33.2 33.4 34.7]% syn/n=11.64 (13.8m)
  gen 3 # 1 F=0.3289 acc=[33.2 32.9 33.8]% syn/n=10.04 (13.8m)
  gen 3 # 2 F=0.3370 acc=[33.5 34.0 35.4]% syn/n=9.15 (13.8m)
  gen 3 # 3 F=0.3344 acc=[33.2 34.7 34.0]% syn/n=10.78 (13.9m)
  gen 3 # 4 F=0.3326 acc=[33.3 34.6 33.4]% syn/n=9.97 (13.9m)
  gen 3 # 5 F=0.3284 acc=[33.2 33.5 32.8]% syn/n=8.75 (14.0m)
  gen 3 # 6 F=0.3267 acc=[33.2 32.7 33.1]% syn/n=10.36 (14.0m)
  gen 3 # 7 F=0.3269 acc=[33.2 33.3 32.7]% syn/n=11.04 (14.1m)
  gen 3 # 8 F=0.3309 acc=[33.2 34.4 33.3]% syn/n=12.73 (14.1m)
  gen 3 # 9 F=0.3362 acc=[33.2 34.4 34.7]% syn/n=8.2 (14.2m)
  gen 3 #10 F=0.3311 acc=[33.2 33.5 33.5]% syn/n=10.87 (14.2m)
  gen 3 #11 F=0.3316 acc=[33.2 33.3 34.3]% syn/n=10.39 (14.2m)
  gen 3 #12 F=0.3325 acc=[33.2 33.8 33.7]% syn/n=8.82 (14.2m)
  gen 3 #13 F=0.3312 acc=[33.2 33.7 33.5]% syn/n=12.21 (14.3m)
  gen 3 #14 F=0.3369 acc=[33.8 34.5 33.9]% syn/n=11.43 (14.3m)
  gen 3 #15 F=0.3314 acc=[33.2 33.1 34.7]% syn/n=8.71 (14.3m)
gen 3: best F=0.3370 acc=[33.5 34.0 35.4]% mean F=0.3318 · {"inhib_frac":0.3473258504819252,"ff_fan":4,"rec_fan":1,"skip_fan":7,"fb_fan":3,"inh_fan":8,"w_exc":0.21887049028645483,"w_inh":1.017343383289788,"rec_gain":0.40668021083858363,"fb_gain":0.4323221742078051,"delay_scale":0.7315361212974256}
  gen 4 # 0 F=0.3626 acc=[35.3 37.7 38.2]% syn/n=9.16 (14.3m)
  gen 4 # 1 F=0.3584 acc=[35.5 36.9 36.9]% syn/n=11.46 (14.4m)
  gen 4 # 2 F=0.3555 acc=[35.5 35.7 36.5]% syn/n=8.18 (14.4m)
  gen 4 # 3 F=0.3552 acc=[35.5 36.3 35.9]% syn/n=10.81 (14.4m)
  gen 4 # 4 F=0.3570 acc=[35.5 35.9 38.0]% syn/n=10.86 (14.4m)
  gen 4 # 5 F=0.3540 acc=[35.4 35.5 37.3]% syn/n=12.26 (14.4m)
  gen 4 # 6 F=0.3611 acc=[35.3 37.1 38.3]% syn/n=9.16 (14.5m)
  gen 4 # 7 F=0.3623 acc=[35.5 37.3 38.2]% syn/n=10.79 (14.5m)
  gen 4 # 8 F=0.3528 acc=[35.6 35.8 35.3]% syn/n=8.18 (14.5m)
  gen 4 # 9 F=0.3529 acc=[35.7 35.4 35.9]% syn/n=13.49 (14.5m)
  gen 4 #10 F=0.3627 acc=[35.5 38.5 37.6]% syn/n=16.22 (14.6m)
  gen 4 #11 F=0.3557 acc=[35.5 35.6 37.7]% syn/n=10.48 (14.6m)
  gen 4 #12 F=0.3576 acc=[35.5 36.0 37.9]% syn/n=10.3 (14.6m)
  gen 4 #13 F=0.3630 acc=[35.5 37.1 39.1]% syn/n=11.17 (14.7m)
  gen 4 #14 F=0.3705 acc=[37.0 37.3 39.3]% syn/n=14.57 (14.7m)
  gen 4 #15 F=0.3562 acc=[35.7 35.6 37.1]% syn/n=7.94 (14.7m)
gen 4: best F=0.3705 acc=[37.0 37.3 39.3]% mean F=0.3586 · {"inhib_frac":0.35,"ff_fan":6,"rec_fan":6,"skip_fan":5,"fb_fan":1,"inh_fan":16,"w_exc":0.15,"w_inh":0.8242793539320272,"rec_gain":0.43649627212435005,"fb_gain":0.5075710800427853,"delay_scale":0.9601865175576667}
  gen 5 # 0 F=0.3591 acc=[36.3 36.1 36.3]% syn/n=14.54 (14.7m)
  gen 5 # 1 F=0.3500 acc=[35.9 35.9 34.7]% syn/n=11.13 (14.7m)
  gen 5 # 2 F=0.3555 acc=[35.9 35.8 36.3]% syn/n=16.14 (14.8m)
  gen 5 # 3 F=0.3631 acc=[36.9 36.1 37.1]% syn/n=9.14 (14.9m)
  gen 5 # 4 F=0.3684 acc=[37.3 36.9 37.1]% syn/n=9.98 (14.9m)
  gen 5 # 5 F=0.3602 acc=[36.1 36.7 36.6]% syn/n=17.2 (14.9m)
  gen 5 # 6 F=0.3549 acc=[35.9 35.9 35.7]% syn/n=13.23 (14.9m)
  gen 5 # 7 F=0.3508 acc=[36.3 34.7 36.5]% syn/n=16.49 (14.9m)
  gen 5 # 8 F=0.3582 acc=[35.9 36.1 36.5]% syn/n=10.7 (15.0m)
  gen 5 # 9 F=0.3608 acc=[35.7 36.9 37.3]% syn/n=10.51 (15.0m)
  gen 5 #10 F=0.3565 acc=[35.9 35.8 36.9]% syn/n=14.48 (15.1m)
  gen 5 #11 F=0.3576 acc=[35.9 36.5 36.1]% syn/n=12.75 (15.2m)
  gen 5 #12 F=0.3616 acc=[37.1 36.2 36.5]% syn/n=12.24 (15.2m)
  gen 5 #13 F=0.3693 acc=[37.3 38.0 36.8]% syn/n=10.21 (15.3m)
  gen 5 #14 F=0.3590 acc=[36.5 36.0 36.3]% syn/n=13.35 (15.3m)
  gen 5 #15 F=0.3605 acc=[36.1 36.7 36.6]% syn/n=15.5 (15.3m)
gen 5: best F=0.3693 acc=[37.3 38.0 36.8]% mean F=0.3591 · {"inhib_frac":0.32164762865119395,"ff_fan":6,"rec_fan":1,"skip_fan":7,"fb_fan":3,"inh_fan":8,"w_exc":0.21887049028645483,"w_inh":1.017343383289788,"rec_gain":0.40668021083858363,"fb_gain":0.3043616564794352,"delay_scale":0.7315361212974256}
  gen 6 # 0 F=0.4246 acc=[41.7 43.8 44.2]% syn/n=10.22 (15.3m)
  gen 6 # 1 F=0.4298 acc=[43.6 45.3 42.4]% syn/n=10.01 (15.4m)
  gen 6 # 2 F=0.4254 acc=[41.9 43.7 44.1]% syn/n=9.16 (15.4m)
  gen 6 # 3 F=0.4197 acc=[41.7 42.8 43.1]% syn/n=12.3 (15.5m)
  gen 6 # 4 F=0.4307 acc=[43.0 43.5 44.1]% syn/n=12.52 (15.5m)
  gen 6 # 5 F=0.4162 acc=[41.7 41.7 43.5]% syn/n=11.62 (15.6m)
  gen 6 # 6 F=0.4183 acc=[42.7 41.5 43.3]% syn/n=14.78 (15.7m)
  gen 6 # 7 F=0.4337 acc=[42.2 45.9 44.9]% syn/n=8.6 (15.7m)
  gen 6 # 8 F=0.4273 acc=[42.5 43.3 43.8]% syn/n=8.9 (15.7m)
  gen 6 # 9 F=0.4283 acc=[43.1 43.5 42.9]% syn/n=10.63 (15.8m)
  gen 6 #10 F=0.4287 acc=[41.7 45.3 44.5]% syn/n=7.85 (15.8m)
  gen 6 #11 F=0.4182 acc=[41.7 42.5 42.3]% syn/n=8.83 (15.8m)
  gen 6 #12 F=0.4148 acc=[41.7 41.7 42.4]% syn/n=13.11 (15.8m)
  gen 6 #13 F=0.4267 acc=[42.2 44.1 43.5]% syn/n=9.03 (15.9m)
  gen 6 #14 F=0.4233 acc=[42.7 43.2 42.3]% syn/n=12.65 (15.9m)
  gen 6 #15 F=0.4215 acc=[41.7 43.1 43.6]% syn/n=11.86 (16.0m)
gen 6: best F=0.4337 acc=[42.2 45.9 44.9]% mean F=0.4242 · {"inhib_frac":0.35,"ff_fan":4,"rec_fan":3,"skip_fan":7,"fb_fan":2,"inh_fan":4,"w_exc":0.21821407289892053,"w_inh":1.2,"rec_gain":0.21952122137223162,"fb_gain":0.25704749407221333,"delay_scale":0.3}
  gen 7 # 0 F=0.3668 acc=[36.5 37.3 37.3]% syn/n=8.51 (16.0m)
  gen 7 # 1 F=0.3613 acc=[35.8 36.9 37.4]% syn/n=12.45 (16.0m)
  gen 7 # 2 F=0.3521 acc=[36.6 36.2 34.7]% syn/n=9.94 (16.1m)
  gen 7 # 3 F=0.3632 acc=[36.7 36.4 36.5]% syn/n=7.78 (16.1m)
  gen 7 # 4 F=0.3624 acc=[36.0 37.2 36.9]% syn/n=9.78 (16.1m)
  gen 7 # 5 F=0.3613 acc=[36.3 36.5 36.9]% syn/n=15.74 (16.1m)
  gen 7 # 6 F=0.3409 acc=[36.7 35.2 33.4]% syn/n=16.45 (16.2m)
  gen 7 # 7 F=0.3641 acc=[36.5 36.6 37.1]% syn/n=10.73 (16.3m)
  gen 7 # 8 F=0.3617 acc=[36.3 36.5 36.7]% syn/n=11.75 (16.3m)
  gen 7 # 9 F=0.3630 acc=[36.7 36.5 36.5]% syn/n=12.2 (16.3m)
  gen 7 #10 F=0.3659 acc=[36.2 38.0 37.3]% syn/n=9.84 (16.3m)
  gen 7 #11 F=0.3639 acc=[36.5 37.0 36.5]% syn/n=8.02 (16.4m)
  gen 7 #12 F=0.3601 acc=[36.3 36.8 35.9]% syn/n=8.2 (16.4m)
  gen 7 #13 F=0.3525 acc=[35.0 36.0 36.3]% syn/n=12.13 (16.4m)
  gen 7 #14 F=0.3645 acc=[36.5 36.9 36.8]% syn/n=10.77 (16.5m)
  gen 7 #15 F=0.3645 acc=[36.5 36.7 37.1]% syn/n=8.94 (16.5m)
gen 7: best F=0.3668 acc=[36.5 37.3 37.3]% mean F=0.3605 · {"inhib_frac":0.35,"ff_fan":4,"rec_fan":3,"skip_fan":7,"fb_fan":2,"inh_fan":4,"w_exc":0.21821407289892053,"w_inh":1.2,"rec_gain":0.21952122137223162,"fb_gain":0.25704749407221333,"delay_scale":0.3}
  gen 8 # 0 F=0.3595 acc=[35.9 36.0 37.5]% syn/n=8.57 (16.5m)
  gen 8 # 1 F=0.3567 acc=[36.0 35.8 35.9]% syn/n=9.9 (16.5m)
  gen 8 # 2 F=0.3592 acc=[35.8 36.5 36.5]% syn/n=9.01 (16.6m)
  gen 8 # 3 F=0.3579 acc=[35.9 36.0 36.3]% syn/n=10.73 (16.6m)
  gen 8 # 4 F=0.3591 acc=[35.6 36.3 37.4]% syn/n=8.35 (16.6m)
  gen 8 # 5 F=0.3557 acc=[36.0 36.5 35.5]% syn/n=12.57 (16.6m)
  gen 8 # 6 F=0.3564 acc=[36.0 35.7 36.3]% syn/n=12.98 (16.6m)
  gen 8 # 7 F=0.3584 acc=[36.0 36.0 37.2]% syn/n=13.89 (16.7m)
  gen 8 # 8 F=0.3579 acc=[36.0 35.9 36.0]% syn/n=8.8 (16.7m)
  gen 8 # 9 F=0.3604 acc=[36.0 36.3 37.6]% syn/n=11.51 (16.7m)
  gen 8 #10 F=0.3585 acc=[35.9 36.1 36.2]% syn/n=6.46 (16.7m)
  gen 8 #11 F=0.3574 acc=[36.0 36.1 35.9]% syn/n=10.3 (16.7m)
  gen 8 #12 F=0.3571 acc=[35.3 36.4 36.9]% syn/n=8.3 (16.8m)
  gen 8 #13 F=0.3606 acc=[36.0 36.2 37.9]% syn/n=10.69 (16.8m)
  gen 8 #14 F=0.3620 acc=[36.0 36.4 37.9]% syn/n=8.24 (16.8m)
  gen 8 #15 F=0.3572 acc=[36.0 36.0 35.7]% syn/n=6.46 (16.8m)
gen 8: best F=0.3620 acc=[36.0 36.4 37.9]% mean F=0.3584 · {"inhib_frac":0.3254577869630212,"ff_fan":4,"rec_fan":3,"skip_fan":7,"fb_fan":1,"inh_fan":4,"w_exc":0.21821407289892053,"w_inh":1.2,"rec_gain":0.21952122137223162,"fb_gain":0.25704749407221333,"delay_scale":0.3}
  gen 9 # 0 F=0.3091 acc=[30.1 32.5 32.3]% syn/n=8.18 (16.9m)
  gen 9 # 1 F=0.3028 acc=[30.1 30.6 32.1]% syn/n=10.59 (16.9m)
  gen 9 # 2 F=0.3030 acc=[30.3 30.3 32.9]% syn/n=11.44 (16.9m)
  gen 9 # 3 F=0.3019 acc=[30.1 30.1 32.8]% syn/n=8.5 (16.9m)
  gen 9 # 4 F=0.3020 acc=[30.1 29.9 33.7]% syn/n=8.35 (17.0m)
  gen 9 # 5 F=0.3036 acc=[30.1 30.7 32.6]% syn/n=10.56 (17.0m)
  gen 9 # 6 F=0.3074 acc=[30.3 31.2 33.3]% syn/n=10.45 (17.0m)
  gen 9 # 7 F=0.3075 acc=[30.1 32.7 31.5]% syn/n=7.69 (17.0m)
  gen 9 # 8 F=0.3070 acc=[31.3 30.5 31.9]% syn/n=11.15 (17.1m)
  gen 9 # 9 F=0.2995 acc=[29.9 30.1 32.2]% syn/n=12.85 (17.1m)
  gen 9 #10 F=0.3006 acc=[30.3 30.5 30.3]% syn/n=11.45 (17.1m)
  gen 9 #11 F=0.3027 acc=[30.3 30.3 31.3]% syn/n=7.81 (17.1m)
  gen 9 #12 F=0.2996 acc=[30.1 30.0 32.4]% syn/n=15.28 (17.2m)
  gen 9 #13 F=0.2998 acc=[30.1 30.0 31.8]% syn/n=11.07 (17.2m)
  gen 9 #14 F=0.3004 acc=[30.1 30.1 32.4]% syn/n=12.66 (17.3m)
  gen 9 #15 F=0.3009 acc=[30.1 30.1 32.1]% syn/n=8.47 (17.3m)
gen 9: best F=0.3091 acc=[30.1 32.5 32.3]% mean F=0.303 · {"inhib_frac":0.3254577869630212,"ff_fan":4,"rec_fan":3,"skip_fan":7,"fb_fan":1,"inh_fan":4,"w_exc":0.21821407289892053,"w_inh":1.2,"rec_gain":0.21952122137223162,"fb_gain":0.25704749407221333,"delay_scale":0.3}
  gen 10 # 0 F=0.3222 acc=[32.3 32.5 32.7]% syn/n=8.24 (17.3m)
  gen 10 # 1 F=0.3206 acc=[32.3 32.4 32.1]% syn/n=7.74 (17.3m)
  gen 10 # 2 F=0.3231 acc=[32.2 32.6 33.7]% syn/n=10.49 (17.3m)
  gen 10 # 3 F=0.3288 acc=[33.2 33.5 32.9]% syn/n=11.2 (17.4m)
  gen 10 # 4 F=0.3239 acc=[32.3 32.7 33.1]% syn/n=7.28 (17.4m)
  gen 10 # 5 F=0.3247 acc=[32.9 33.0 32.6]% syn/n=14.45 (17.4m)
  gen 10 # 6 F=0.3251 acc=[32.2 33.4 33.3]% syn/n=8.75 (17.5m)
  gen 10 # 7 F=0.3230 acc=[32.2 32.3 34.4]% syn/n=7.46 (17.5m)
  gen 10 # 8 F=0.3250 acc=[32.8 33.6 32.5]% syn/n=12.69 (17.5m)
  gen 10 # 9 F=0.3212 acc=[32.2 32.3 32.7]% syn/n=9.59 (17.6m)
  gen 10 #10 F=0.3235 acc=[32.3 32.3 34.5]% syn/n=8.32 (17.6m)
  gen 10 #11 F=0.3306 acc=[32.3 34.3 34.6]% syn/n=6.97 (17.6m)
  gen 10 #12 F=0.3190 acc=[32.0 32.4 32.1]% syn/n=9.73 (17.6m)
  gen 10 #13 F=0.3255 acc=[32.4 32.7 34.3]% syn/n=8.67 (17.6m)
  gen 10 #14 F=0.3220 acc=[32.2 32.4 33.6]% syn/n=11.46 (17.7m)
  gen 10 #15 F=0.3261 acc=[32.2 33.7 33.7]% syn/n=12.63 (17.7m)
gen 10: best F=0.3306 acc=[32.3 34.3 34.6]% mean F=0.324 · {"inhib_frac":0.35,"ff_fan":4,"rec_fan":2,"skip_fan":7,"fb_fan":0,"inh_fan":4,"w_exc":0.21821407289892053,"w_inh":1.2,"rec_gain":0.1,"fb_gain":0.25704749407221333,"delay_scale":0.35083915488559897}
  gen 11 # 0 F=0.3111 acc=[30.9 31.5 32.3]% syn/n=6.98 (17.8m)
  gen 11 # 1 F=0.3134 acc=[31.7 31.5 31.7]% syn/n=11.21 (17.8m)
  gen 11 # 2 F=0.3126 acc=[31.7 31.4 31.7]% syn/n=12.72 (17.8m)
  gen 11 # 3 F=0.3136 acc=[31.5 31.5 31.5]% syn/n=8.67 (17.9m)
  gen 11 # 4 F=0.3062 acc=[30.9 31.0 30.8]% syn/n=12.6 (17.9m)
  gen 11 # 5 F=0.3116 acc=[31.3 31.9 31.5]% syn/n=12.36 (17.9m)
  gen 11 # 6 F=0.3103 acc=[31.1 31.5 31.2]% syn/n=8.13 (18.0m)
  gen 11 # 7 F=0.3096 acc=[31.3 31.2 31.5]% syn/n=15.18 (18.0m)
  gen 11 # 8 F=0.3047 acc=[31.3 30.7 30.8]% syn/n=16.04 (18.0m)
  gen 11 # 9 F=0.3118 acc=[31.3 31.6 31.6]% syn/n=11.53 (18.0m)
  gen 11 #10 F=0.3138 acc=[31.3 32.0 31.8]% syn/n=7.7 (18.1m)
  gen 11 #11 F=0.3093 acc=[31.5 30.9 31.1]% syn/n=7.48 (18.1m)
  gen 11 #12 F=0.3150 acc=[31.6 31.5 32.4]% syn/n=5.99 (18.1m)
  gen 11 #13 F=0.3129 acc=[31.3 31.7 31.6]% syn/n=6.65 (18.1m)
  gen 11 #14 F=0.3068 acc=[31.2 30.4 31.7]% syn/n=7.68 (18.1m)
  gen 11 #15 F=0.3114 acc=[31.5 31.5 31.3]% syn/n=11.21 (18.2m)
gen 11: best F=0.3150 acc=[31.6 31.5 32.4]% mean F=0.3109 · {"inhib_frac":0.35,"ff_fan":2,"rec_fan":2,"skip_fan":7,"fb_fan":0,"inh_fan":4,"w_exc":0.21821407289892053,"w_inh":1.1252453606489703,"rec_gain":0.1,"fb_gain":0.25704749407221333,"delay_scale":0.5053195715018541}
v12-hand      F=0.3560 acc=[36.3 36.3 35.8]% syn/n=19.83
gen0-best     F=0.3666 acc=[36.8 37.2 37.0]% syn/n=12.89
evolved-best  F=0.3635 acc=[36.2 36.5 37.5]% syn/n=5.94

checkpoint: /Users/marycarrigan/coding/morpho-snn/snn/experiments/results/evolve-seed99.json
next: npm run experiment:evolve -- transfer /Users/marycarrigan/coding/morpho-snn/snn/experiments/results/evolve-seed99.json
