v17 memory-selected evolution · seed 7 · pop 16 · gens 12 · scales [2000,8000] · tasks [recall2,recall4,parity3] · taps+bias readout only
  gen 0 # 0 F=0.1921 skill=0.215 recall4=[0.222,0.265] L=5 rec=6 (0.2m)
  gen 0 # 1 F=0.0451 skill=0.090 recall4=[0.281,0.133] L=5 rec=3 (0.5m)
  gen 0 # 2 F=0.0059 skill=0.011 recall4=[0.135,0.133] L=2 rec=15 (0.8m)
  gen 0 # 3 F=0.2252 skill=0.273 recall4=[0.272,0.272] L=4 rec=15 (0.8m)
  gen 0 # 4 F=0.2611 skill=0.302 recall4=[0.262,0.301] L=4 rec=8 (0.9m)
  gen 0 # 5 F=0.1664 skill=0.176 recall4=[0.245,0.27] L=5 rec=12 (1.3m)
  gen 0 # 6 F=0.0029 skill=0.011 recall4=[0.135,0.133] L=4 rec=10 (2.0m)
  gen 0 # 7 F=0.0572 skill=0.080 recall4=[0.145,0.212] L=5 rec=12 (2.1m)
  gen 0 # 8 F=0.0466 skill=0.090 recall4=[0.135,0.162] L=4 rec=9 (3.6m)
  gen 0 # 9 F=0.2262 skill=0.242 recall4=[0.299,0.247] L=3 rec=9 (3.6m)
  gen 0 #10 F=0.3050 skill=0.319 recall4=[0.292,0.261] L=3 rec=15 (3.7m)
  gen 0 #11 F=0.2096 skill=0.248 recall4=[0.257,0.133] L=2 rec=14 (3.9m)
  gen 0 #12 F=0.0057 skill=0.016 recall4=[0.143,0.133] L=6 rec=2 (5.4m)
  gen 0 #13 F=0.0160 skill=0.031 recall4=[0.134,0.164] L=3 rec=11 (7.0m)
  gen 0 #14 F=0.2352 skill=0.287 recall4=[0.296,0.287] L=3 rec=9 (7.1m)
  gen 0 #15 F=0.0906 skill=0.173 recall4=[0.292,0.133] L=2 rec=10 (7.3m)
gen 0: best F=0.3050 skill=0.319 tasks={"recall2":[0.411,0.441],"recall4":[0.292,0.261],"parity3":[0.689,0.752]} · {"n_layers":3,"inhib_frac":0.3676864262204617,"ff_fan":2,"rec_fan":15,"skip_fan":10,"fb_fan":6,"inh_fan":13,"w_exc":0.3592911466490477,"w_inh":0.7322674798895605,"rec_gain":0.22830130702350288,"fb_gain":0.223484297003597,"delay_scale":0.38591718840179967}
  gen 1 # 0 F=0.3074 skill=0.319 recall4=[0.29,0.302] L=3 rec=15 (7.4m)
  gen 1 # 1 F=0.3025 skill=0.338 recall4=[0.277,0.295] L=4 rec=8 (7.5m)
  gen 1 # 2 F=0.3070 skill=0.341 recall4=[0.261,0.294] L=3 rec=9 (7.5m)
  gen 1 # 3 F=0.2048 skill=0.212 recall4=[0.27,0.294] L=3 rec=9 (7.6m)
  gen 1 # 4 F=0.2873 skill=0.312 recall4=[0.266,0.272] L=3 rec=9 (7.6m)
  gen 1 # 5 F=0.3323 skill=0.342 recall4=[0.275,0.275] L=3 rec=14 (7.7m)
  gen 1 # 6 F=0.2377 skill=0.269 recall4=[0.27,0.279] L=4 rec=8 (7.8m)
  gen 1 # 7 F=0.3227 skill=0.338 recall4=[0.252,0.292] L=3 rec=6 (7.8m)
  gen 1 # 8 F=0.0443 skill=0.078 recall4=[0.151,0.196] L=4 rec=8 (7.8m)
  gen 1 # 9 F=0.2326 skill=0.241 recall4=[0.249,0.275] L=4 rec=16 (8.0m)
  gen 1 #10 F=0.2994 skill=0.320 recall4=[0.301,0.31] L=3 rec=15 (8.1m)
  gen 1 #11 F=0.3358 skill=0.351 recall4=[0.272,0.285] L=3 rec=14 (8.2m)
  gen 1 #12 F=0.2493 skill=0.281 recall4=[0.28,0.296] L=3 rec=9 (8.2m)
  gen 1 #13 F=0.1648 skill=0.169 recall4=[0.27,0.22] L=3 rec=6 (8.3m)
  gen 1 #14 F=0.2980 skill=0.305 recall4=[0.267,0.288] L=3 rec=15 (8.4m)
  gen 1 #15 F=0.2599 skill=0.288 recall4=[0.31,0.301] L=3 rec=9 (8.5m)
gen 1: best F=0.3358 skill=0.351 tasks={"recall2":[0.465,0.459],"recall4":[0.272,0.285],"parity3":[0.715,0.778]} · {"n_layers":3,"inhib_frac":0.354236153734563,"ff_fan":2,"rec_fan":14,"skip_fan":8,"fb_fan":6,"inh_fan":20,"w_exc":0.3592911466490477,"w_inh":0.40291977454371564,"rec_gain":0.22830130702350288,"fb_gain":0.223484297003597,"delay_scale":0.38591718840179967}
  gen 2 # 0 F=0.3136 skill=0.344 recall4=[0.28,0.245] L=3 rec=14 (8.6m)
  gen 2 # 1 F=0.3032 skill=0.335 recall4=[0.284,0.258] L=3 rec=14 (8.6m)
  gen 2 # 2 F=0.3208 skill=0.336 recall4=[0.303,0.27] L=3 rec=6 (8.7m)
  gen 2 # 3 F=0.2618 skill=0.279 recall4=[0.294,0.294] L=3 rec=15 (8.8m)
  gen 2 # 4 F=0.2782 skill=0.284 recall4=[0.301,0.258] L=3 rec=15 (8.9m)
  gen 2 # 5 F=0.3022 skill=0.314 recall4=[0.289,0.245] L=3 rec=10 (8.9m)
  gen 2 # 6 F=0.2965 skill=0.330 recall4=[0.288,0.276] L=3 rec=15 (9.0m)
  gen 2 # 7 F=0.0515 skill=0.109 recall4=[0.218,0.104] L=3 rec=14 (9.2m)
  gen 2 # 8 F=0.2575 skill=0.266 recall4=[0.286,0.267] L=3 rec=14 (9.2m)
  gen 2 # 9 F=0.2984 skill=0.326 recall4=[0.298,0.243] L=3 rec=14 (9.3m)
  gen 2 #10 F=0.2685 skill=0.285 recall4=[0.268,0.27] L=2 rec=12 (9.4m)
  gen 2 #11 F=0.3420 skill=0.366 recall4=[0.303,0.264] L=4 rec=3 (9.5m)
  gen 2 #12 F=0.2523 skill=0.281 recall4=[0.284,0.258] L=3 rec=9 (9.6m)
  gen 2 #13 F=0.3108 skill=0.329 recall4=[0.277,0.262] L=3 rec=15 (9.6m)
  gen 2 #14 F=0.3228 skill=0.329 recall4=[0.309,0.277] L=3 rec=12 (9.7m)
  gen 2 #15 F=0.3047 skill=0.327 recall4=[0.297,0.284] L=3 rec=14 (9.8m)
gen 2: best F=0.3420 skill=0.366 tasks={"recall2":[0.426,0.37],"recall4":[0.303,0.264],"parity3":[0.836,0.768]} · {"n_layers":4,"inhib_frac":0.2416862718188802,"ff_fan":3,"rec_fan":3,"skip_fan":12,"fb_fan":3,"inh_fan":26,"w_exc":0.30120248431969177,"w_inh":0.15,"rec_gain":0.4010493331165885,"fb_gain":0.5443476137307381,"delay_scale":0.6205035579465921}
  gen 3 # 0 F=0.2750 skill=0.279 recall4=[0.258,0.248] L=4 rec=3 (10.0m)
  gen 3 # 1 F=0.3680 skill=0.374 recall4=[0.274,0.29] L=3 rec=12 (10.1m)
  gen 3 # 2 F=0.3331 skill=0.359 recall4=[0.276,0.291] L=3 rec=6 (10.1m)
  gen 3 # 3 F=0.3409 skill=0.351 recall4=[0.316,0.269] L=3 rec=14 (10.2m)
  gen 3 # 4 F=0.2945 skill=0.318 recall4=[0.296,0.278] L=3 rec=6 (10.3m)
  gen 3 # 5 F=0.2396 skill=0.250 recall4=[0.264,0.243] L=4 rec=6 (10.4m)
  gen 3 # 6 F=0.3468 skill=0.370 recall4=[0.304,0.296] L=3 rec=12 (10.4m)
  gen 3 # 7 F=0.3013 skill=0.321 recall4=[0.293,0.312] L=3 rec=6 (10.5m)
  gen 3 # 8 F=0.3375 skill=0.349 recall4=[0.27,0.302] L=3 rec=14 (10.6m)
  gen 3 # 9 F=0.3239 skill=0.342 recall4=[0.28,0.277] L=3 rec=14 (10.7m)
  gen 3 #10 F=0.2721 skill=0.292 recall4=[0.237,0.283] L=4 rec=3 (10.8m)
  gen 3 #11 F=0.0058 skill=0.018 recall4=[0.129,0.147] L=2 rec=15 (14.9m)
  gen 3 #12 F=0.3534 skill=0.357 recall4=[0.279,0.284] L=3 rec=6 (15.0m)
  gen 3 #13 F=0.3351 skill=0.348 recall4=[0.277,0.297] L=3 rec=9 (15.1m)
  gen 3 #14 F=0.3613 skill=0.376 recall4=[0.331,0.285] L=3 rec=4 (15.1m)
  gen 3 #15 F=0.2900 skill=0.295 recall4=[0.278,0.29] L=4 rec=3 (15.2m)
gen 3: best F=0.3680 skill=0.374 tasks={"recall2":[0.443,0.42],"recall4":[0.274,0.29],"parity3":[0.788,0.804]} · {"n_layers":3,"inhib_frac":0.23569510232191532,"ff_fan":2,"rec_fan":12,"skip_fan":12,"fb_fan":6,"inh_fan":13,"w_exc":0.28590000673212923,"w_inh":0.8125047963639018,"rec_gain":0.05,"fb_gain":0.16699857527608275,"delay_scale":0.6963264428195544}
  gen 4 # 0 F=0.2740 skill=0.309 recall4=[0.281,0.266] L=3 rec=12 (15.3m)
  gen 4 # 1 F=0.2865 skill=0.331 recall4=[0.326,0.301] L=3 rec=4 (15.4m)
  gen 4 # 2 F=0.2997 skill=0.334 recall4=[0.297,0.272] L=3 rec=6 (15.4m)
  gen 4 # 3 F=0.2652 skill=0.296 recall4=[0.267,0.269] L=3 rec=12 (15.5m)
  gen 4 # 4 F=0.3101 skill=0.317 recall4=[0.296,0.302] L=3 rec=3 (15.5m)
  gen 4 # 5 F=0.2789 skill=0.314 recall4=[0.32,0.254] L=3 rec=6 (15.6m)
  gen 4 # 6 F=0.2648 skill=0.280 recall4=[0.259,0.327] L=4 rec=4 (15.7m)
  gen 4 # 7 F=0.2841 skill=0.327 recall4=[0.284,0.246] L=3 rec=6 (15.7m)
  gen 4 # 8 F=0.2794 skill=0.301 recall4=[0.29,0.276] L=3 rec=12 (15.8m)
  gen 4 # 9 F=0.1674 skill=0.212 recall4=[0.232,0.245] L=4 rec=8 (15.9m)
  gen 4 #10 F=0.2801 skill=0.304 recall4=[0.316,0.251] L=3 rec=12 (16.0m)
  gen 4 #11 F=0.2623 skill=0.280 recall4=[0.288,0.252] L=3 rec=14 (16.0m)
  gen 4 #12 F=0.2826 skill=0.317 recall4=[0.287,0.279] L=3 rec=6 (16.1m)
  gen 4 #13 F=0.2815 skill=0.320 recall4=[0.292,0.288] L=3 rec=12 (16.1m)
  gen 4 #14 F=0.2764 skill=0.304 recall4=[0.289,0.264] L=3 rec=12 (16.2m)
  gen 4 #15 F=0.2624 skill=0.285 recall4=[0.285,0.249] L=3 rec=4 (16.2m)
gen 4: best F=0.3101 skill=0.317 tasks={"recall2":[0.403,0.419],"recall4":[0.296,0.302],"parity3":[0.73,0.694]} · {"n_layers":3,"inhib_frac":0.354236153734563,"ff_fan":2,"rec_fan":3,"skip_fan":9,"fb_fan":6,"inh_fan":15,"w_exc":0.300495377948893,"w_inh":0.9242774771341207,"rec_gain":0.06546565891861442,"fb_gain":0.7999844960993556,"delay_scale":0.8399073430704107}
  gen 5 # 0 F=0.3456 skill=0.365 recall4=[0.3,0.324] L=3 rec=3 (16.3m)
  gen 5 # 1 F=0.3162 skill=0.330 recall4=[0.276,0.279] L=3 rec=6 (16.4m)
  gen 5 # 2 F=0.3054 skill=0.316 recall4=[0.304,0.294] L=3 rec=4 (16.4m)
  gen 5 # 3 F=0.3368 skill=0.349 recall4=[0.289,0.264] L=3 rec=6 (16.5m)
  gen 5 # 4 F=0.2786 skill=0.296 recall4=[0.257,0.267] L=3 rec=6 (16.5m)
  gen 5 # 5 F=0.2099 skill=0.223 recall4=[0.168,0.292] L=3 rec=4 (17.3m)
  gen 5 # 6 F=0.3371 skill=0.350 recall4=[0.322,0.276] L=3 rec=6 (17.4m)
  gen 5 # 7 F=0.2281 skill=0.267 recall4=[0.25,0.268] L=4 rec=8 (17.4m)
  gen 5 # 8 F=0.3318 skill=0.356 recall4=[0.29,0.264] L=3 rec=6 (17.5m)
  gen 5 # 9 F=0.0763 skill=0.100 recall4=[0.158,0.264] L=4 rec=4 (17.9m)
  gen 5 #10 F=0.3235 skill=0.336 recall4=[0.316,0.273] L=3 rec=6 (17.9m)
  gen 5 #11 F=0.3122 skill=0.326 recall4=[0.313,0.289] L=3 rec=8 (18.0m)
  gen 5 #12 F=0.2535 skill=0.279 recall4=[0.256,0.285] L=4 rec=3 (18.0m)
  gen 5 #13 F=0.2973 skill=0.302 recall4=[0.318,0.256] L=3 rec=5 (18.1m)
  gen 5 #14 F=0.2290 skill=0.251 recall4=[0.308,0.278] L=3 rec=7 (18.1m)
  gen 5 #15 F=0.3096 skill=0.318 recall4=[0.292,0.263] L=3 rec=4 (18.2m)
gen 5: best F=0.3456 skill=0.365 tasks={"recall2":[0.422,0.41],"recall4":[0.3,0.324],"parity3":[0.727,0.822]} · {"n_layers":3,"inhib_frac":0.354236153734563,"ff_fan":2,"rec_fan":3,"skip_fan":9,"fb_fan":6,"inh_fan":15,"w_exc":0.300495377948893,"w_inh":0.9242774771341207,"rec_gain":0.06546565891861442,"fb_gain":0.7999844960993556,"delay_scale":0.8399073430704107}
  gen 6 # 0 F=0.3104 skill=0.329 recall4=[0.305,0.288] L=3 rec=3 (18.3m)
  gen 6 # 1 F=0.3480 skill=0.353 recall4=[0.323,0.256] L=3 rec=6 (18.3m)
  gen 6 # 2 F=0.3245 skill=0.329 recall4=[0.255,0.26] L=3 rec=6 (18.4m)
  gen 6 # 3 F=0.3155 skill=0.333 recall4=[0.272,0.256] L=3 rec=6 (18.4m)
  gen 6 # 4 F=0.3558 skill=0.365 recall4=[0.316,0.272] L=3 rec=6 (18.5m)
  gen 6 # 5 F=0.3410 skill=0.359 recall4=[0.285,0.253] L=3 rec=7 (18.5m)
  gen 6 # 6 F=0.2964 skill=0.315 recall4=[0.304,0.293] L=3 rec=6 (18.6m)
  gen 6 # 7 F=0.2508 skill=0.287 recall4=[0.274,0.29] L=4 rec=6 (18.7m)
  gen 6 # 8 F=0.3252 skill=0.331 recall4=[0.311,0.238] L=3 rec=6 (18.7m)
  gen 6 # 9 F=0.3578 skill=0.361 recall4=[0.309,0.287] L=3 rec=5 (18.8m)
  gen 6 #10 F=0.3163 skill=0.325 recall4=[0.27,0.251] L=3 rec=6 (18.8m)
  gen 6 #11 F=0.2113 skill=0.255 recall4=[0.322,0.272] L=2 rec=7 (18.9m)
  gen 6 #12 F=0.2909 skill=0.301 recall4=[0.296,0.306] L=3 rec=6 (19.0m)
  gen 6 #13 F=0.3057 skill=0.320 recall4=[0.294,0.311] L=3 rec=4 (19.0m)
  gen 6 #14 F=0.3179 skill=0.339 recall4=[0.286,0.256] L=3 rec=7 (19.1m)
  gen 6 #15 F=0.2215 skill=0.244 recall4=[0.256,0.225] L=4 rec=9 (19.1m)
gen 6: best F=0.3578 skill=0.361 tasks={"recall2":[0.433,0.458],"recall4":[0.309,0.287],"parity3":[0.758,0.761]} · {"n_layers":3,"inhib_frac":0.3523927525491011,"ff_fan":2,"rec_fan":5,"skip_fan":7,"fb_fan":3,"inh_fan":15,"w_exc":0.300495377948893,"w_inh":0.16629043445311803,"rec_gain":0.05,"fb_gain":0.8,"delay_scale":0.41078557083405154}
  gen 7 # 0 F=0.3623 skill=0.376 recall4=[0.296,0.269] L=3 rec=5 (19.2m)
  gen 7 # 1 F=0.3232 skill=0.354 recall4=[0.313,0.294] L=3 rec=6 (19.2m)
  gen 7 # 2 F=0.3130 skill=0.344 recall4=[0.296,0.307] L=3 rec=6 (19.3m)
  gen 7 # 3 F=0.3258 skill=0.348 recall4=[0.255,0.275] L=3 rec=7 (19.3m)
  gen 7 # 4 F=0.3217 skill=0.346 recall4=[0.311,0.323] L=3 rec=6 (19.4m)
  gen 7 # 5 F=0.3002 skill=0.328 recall4=[0.253,0.3] L=3 rec=7 (19.5m)
  gen 7 # 6 F=0.3271 skill=0.335 recall4=[0.31,0.274] L=3 rec=5 (19.5m)
  gen 7 # 7 F=0.2684 skill=0.323 recall4=[0.317,0.313] L=3 rec=6 (19.6m)
  gen 7 # 8 F=0.3070 skill=0.320 recall4=[0.328,0.278] L=3 rec=6 (19.6m)
  gen 7 # 9 F=0.3299 skill=0.362 recall4=[0.328,0.294] L=3 rec=0 (19.7m)
  gen 7 #10 F=0.2182 skill=0.281 recall4=[0.257,0.281] L=4 rec=4 (19.7m)
  gen 7 #11 F=0.2888 skill=0.317 recall4=[0.26,0.276] L=3 rec=6 (19.8m)
  gen 7 #12 F=0.3370 skill=0.349 recall4=[0.268,0.267] L=5 rec=9 (20.0m)
  gen 7 #13 F=0.3159 skill=0.331 recall4=[0.303,0.284] L=3 rec=7 (20.0m)
  gen 7 #14 F=0.3596 skill=0.365 recall4=[0.35,0.263] L=3 rec=6 (20.1m)
  gen 7 #15 F=0.0577 skill=0.064 recall4=[0.188,0.227] L=3 rec=7 (20.1m)
gen 7: best F=0.3623 skill=0.376 tasks={"recall2":[0.46,0.446],"recall4":[0.296,0.269],"parity3":[0.741,0.832]} · {"n_layers":3,"inhib_frac":0.3523927525491011,"ff_fan":2,"rec_fan":5,"skip_fan":7,"fb_fan":3,"inh_fan":15,"w_exc":0.300495377948893,"w_inh":0.16629043445311803,"rec_gain":0.05,"fb_gain":0.8,"delay_scale":0.41078557083405154}
  gen 8 # 0 F=0.3339 skill=0.368 recall4=[0.326,0.313] L=3 rec=5 (20.2m)
  gen 8 # 1 F=0.3489 skill=0.354 recall4=[0.341,0.281] L=3 rec=6 (20.3m)
  gen 8 # 2 F=0.2910 skill=0.312 recall4=[0.291,0.276] L=5 rec=9 (20.4m)
  gen 8 # 3 F=0.3636 skill=0.377 recall4=[0.344,0.272] L=3 rec=0 (20.5m)
  gen 8 # 4 F=0.3254 skill=0.347 recall4=[0.261,0.273] L=4 rec=9 (20.6m)
  gen 8 # 5 F=0.4476 skill=0.454 recall4=[0.341,0.283] L=3 rec=5 (20.7m)
  gen 8 # 6 F=0.3994 skill=0.404 recall4=[0.32,0.295] L=3 rec=0 (20.7m)
  gen 8 # 7 F=0.2682 skill=0.302 recall4=[0.305,0.309] L=6 rec=9 (21.0m)
  gen 8 # 8 F=0.2915 skill=0.324 recall4=[0.31,0.227] L=2 rec=4 (21.1m)
  gen 8 # 9 F=0.1474 skill=0.155 recall4=[0.237,0.264] L=3 rec=5 (21.9m)
  gen 8 #10 F=0.0388 skill=0.075 recall4=[0.224,0.133] L=5 rec=0 (22.0m)
  gen 8 #11 F=0.3252 skill=0.337 recall4=[0.28,0.26] L=3 rec=2 (22.1m)
  gen 8 #12 F=0.3121 skill=0.327 recall4=[0.357,0.223] L=3 rec=1 (22.2m)
  gen 8 #13 F=0.3577 skill=0.362 recall4=[0.329,0.272] L=3 rec=3 (22.2m)
  gen 8 #14 F=0.3249 skill=0.356 recall4=[0.31,0.281] L=3 rec=5 (22.3m)
  gen 8 #15 F=0.3839 skill=0.402 recall4=[0.324,0.297] L=3 rec=1 (22.3m)
gen 8: best F=0.4476 skill=0.454 tasks={"recall2":[0.503,0.457],"recall4":[0.341,0.283],"parity3":[0.83,0.912]} · {"n_layers":3,"inhib_frac":0.3523927525491011,"ff_fan":2,"rec_fan":5,"skip_fan":6,"fb_fan":3,"inh_fan":15,"w_exc":0.4198103804088692,"w_inh":0.16629043445311803,"rec_gain":0.06902863683861829,"fb_gain":0.8,"delay_scale":1.1332092712951674}
  gen 9 # 0 F=0.3152 skill=0.326 recall4=[0.341,0.237] L=3 rec=5 (22.8m)
  gen 9 # 1 F=0.3218 skill=0.337 recall4=[0.296,0.305] L=3 rec=0 (22.8m)
  gen 9 # 2 F=0.3403 skill=0.353 recall4=[0.315,0.283] L=3 rec=1 (22.9m)
  gen 9 # 3 F=0.3312 skill=0.335 recall4=[0.334,0.273] L=3 rec=0 (22.9m)
  gen 9 # 4 F=0.0788 skill=0.139 recall4=[0.138,0.208] L=3 rec=6 (23.3m)
  gen 9 # 5 F=0.3500 skill=0.365 recall4=[0.329,0.246] L=3 rec=0 (23.4m)
  gen 9 # 6 F=0.2767 skill=0.303 recall4=[0.275,0.261] L=2 rec=0 (23.4m)
  gen 9 # 7 F=0.4007 skill=0.404 recall4=[0.349,0.297] L=3 rec=0 (23.4m)
  gen 9 # 8 F=0.3363 skill=0.342 recall4=[0.299,0.261] L=3 rec=0 (23.5m)
  gen 9 # 9 F=0.3312 skill=0.360 recall4=[0.33,0.222] L=3 rec=5 (23.5m)
  gen 9 #10 F=0.2629 skill=0.285 recall4=[0.234,0.29] L=2 rec=0 (23.6m)
  gen 9 #11 F=0.0960 skill=0.146 recall4=[0.195,0.276] L=2 rec=0 (23.6m)
  gen 9 #12 F=0.2314 skill=0.272 recall4=[0.352,0.327] L=3 rec=1 (23.7m)
  gen 9 #13 F=0.3292 skill=0.335 recall4=[0.276,0.258] L=3 rec=0 (23.7m)
  gen 9 #14 F=0.3363 skill=0.351 recall4=[0.313,0.284] L=3 rec=1 (23.8m)
  gen 9 #15 F=0.3079 skill=0.350 recall4=[0.343,0.285] L=2 rec=0 (23.8m)
gen 9: best F=0.4007 skill=0.404 tasks={"recall2":[0.439,0.428],"recall4":[0.349,0.297],"parity3":[0.795,0.838]} · {"n_layers":3,"inhib_frac":0.49523537943495943,"ff_fan":2,"rec_fan":0,"skip_fan":8,"fb_fan":3,"inh_fan":15,"w_exc":0.3677211548509425,"w_inh":0.16629043445311803,"rec_gain":0.2673556867355909,"fb_gain":0.8,"delay_scale":0.586655063329004}
  gen 10 # 0 F=0.3244 skill=0.358 recall4=[0.329,0.292] L=3 rec=0 (23.9m)
  gen 10 # 1 F=0.3827 skill=0.390 recall4=[0.297,0.259] L=3 rec=0 (23.9m)
  gen 10 # 2 F=0.4380 skill=0.441 recall4=[0.331,0.282] L=3 rec=1 (24.0m)
  gen 10 # 3 F=0.4020 skill=0.412 recall4=[0.294,0.259] L=3 rec=1 (24.1m)
  gen 10 # 4 F=0.3892 skill=0.392 recall4=[0.295,0.282] L=3 rec=1 (24.1m)
  gen 10 # 5 F=0.3674 skill=0.377 recall4=[0.33,0.277] L=3 rec=2 (24.2m)
  gen 10 # 6 F=0.3183 skill=0.335 recall4=[0.287,0.246] L=3 rec=1 (24.2m)
  gen 10 # 7 F=0.2103 skill=0.233 recall4=[0.282,0.225] L=4 rec=0 (24.3m)
  gen 10 # 8 F=0.3691 skill=0.376 recall4=[0.288,0.261] L=3 rec=1 (24.4m)
  gen 10 # 9 F=0.3153 skill=0.347 recall4=[0.299,0.317] L=3 rec=0 (24.4m)
  gen 10 #10 F=0.3021 skill=0.324 recall4=[0.302,0.259] L=2 rec=5 (24.5m)
  gen 10 #11 F=0.3000 skill=0.332 recall4=[0.303,0.269] L=3 rec=1 (24.5m)
  gen 10 #12 F=0.3237 skill=0.337 recall4=[0.289,0.266] L=3 rec=3 (24.6m)
  gen 10 #13 F=0.2778 skill=0.290 recall4=[0.266,0.302] L=4 rec=4 (24.8m)
  gen 10 #14 F=0.3286 skill=0.361 recall4=[0.363,0.292] L=3 rec=0 (24.9m)
  gen 10 #15 F=0.2959 skill=0.302 recall4=[0.298,0.243] L=2 rec=2 (24.9m)
gen 10: best F=0.4380 skill=0.441 tasks={"recall2":[0.476,0.475],"recall4":[0.331,0.282],"parity3":[0.846,0.869]} · {"n_layers":3,"inhib_frac":0.34269626664954345,"ff_fan":2,"rec_fan":1,"skip_fan":7,"fb_fan":3,"inh_fan":17,"w_exc":0.300495377948893,"w_inh":0.16629043445311803,"rec_gain":0.09083960364502444,"fb_gain":0.8,"delay_scale":0.5459816277368766}
  gen 11 # 0 F=0.3488 skill=0.372 recall4=[0.323,0.289] L=3 rec=1 (24.9m)
  gen 11 # 1 F=0.3260 skill=0.340 recall4=[0.322,0.265] L=3 rec=1 (25.0m)
  gen 11 # 2 F=0.3704 skill=0.377 recall4=[0.317,0.269] L=3 rec=1 (25.0m)
  gen 11 # 3 F=0.3649 skill=0.379 recall4=[0.318,0.242] L=3 rec=0 (25.1m)
  gen 11 # 4 F=0.1972 skill=0.242 recall4=[0.322,0.226] L=3 rec=1 (25.1m)
  gen 11 # 5 F=0.3673 skill=0.375 recall4=[0.339,0.265] L=3 rec=1 (25.2m)
  gen 11 # 6 F=0.3472 skill=0.354 recall4=[0.305,0.234] L=2 rec=1 (25.2m)
  gen 11 # 7 F=0.2692 skill=0.293 recall4=[0.316,0.265] L=2 rec=2 (25.3m)
  gen 11 # 8 F=0.2898 skill=0.299 recall4=[0.304,0.27] L=3 rec=1 (25.3m)
  gen 11 # 9 F=0.3005 skill=0.324 recall4=[0.303,0.238] L=2 rec=1 (25.3m)
  gen 11 #10 F=0.3560 skill=0.358 recall4=[0.311,0.207] L=2 rec=0 (25.4m)
  gen 11 #11 F=0.3304 skill=0.339 recall4=[0.288,0.241] L=3 rec=0 (25.4m)
  gen 11 #12 F=0.3637 skill=0.370 recall4=[0.335,0.295] L=3 rec=1 (25.5m)
  gen 11 #13 F=0.3643 skill=0.375 recall4=[0.308,0.221] L=3 rec=1 (25.5m)
  gen 11 #14 F=0.2105 skill=0.240 recall4=[0.28,0.235] L=3 rec=1 (25.7m)
  gen 11 #15 F=0.2270 skill=0.240 recall4=[0.208,0.177] L=3 rec=1 (25.7m)
gen 11: best F=0.3704 skill=0.377 tasks={"recall2":[0.45,0.407],"recall4":[0.317,0.269],"parity3":[0.756,0.837]} · {"n_layers":3,"inhib_frac":0.34269626664954345,"ff_fan":2,"rec_fan":1,"skip_fan":7,"fb_fan":3,"inh_fan":17,"w_exc":0.300495377948893,"w_inh":0.43743492813993,"rec_gain":0.09083960364502444,"fb_gain":0.5063414309691908,"delay_scale":1.2131727757717605}
v12-hand      F=0.2236 skill=0.280 tasks={"recall2":[0.42,0.363],"recall4":[0.29,0.273],"parity3":[0.495,0.856]} rec_fan=6
v14-winner    F=0.4270 skill=0.431 tasks={"recall2":[0.546,0.451],"recall4":[0.288,0.284],"parity3":[0.805,0.878]} rec_fan=1
gen0-best     F=0.3237 skill=0.341 tasks={"recall2":[0.424,0.398],"recall4":[0.279,0.301],"parity3":[0.713,0.794]} rec_fan=15
evolved-best  F=0.3563 skill=0.380 tasks={"recall2":[0.422,0.436],"recall4":[0.318,0.306],"parity3":[0.725,0.854]} rec_fan=1

checkpoint: /Users/marycarrigan/coding/morpho-snn/snn/experiments/results/evolve3-seed7.json
