v14 structural evolution · seed 99 · pop 24 · gens 20 · scales [2000,4000,8000] · 12 genes (incl n_layers) · test 3000
  gen 0 # 0 F=0.3239 acc=[33.0 33.0 32.5]% L=4 syn/n=14.78 (1.6m)
  gen 0 # 1 F=0.3281 acc=[33.0 34.3 33.7]% L=2 syn/n=29.08 (1.8m)
  gen 0 # 2 F=0.3191 acc=[33.0 33.0 31.9]% L=6 syn/n=23.6 (4.0m)
  gen 0 # 3 F=0.3248 acc=[32.9 33.0 34.6]% L=2 syn/n=30.57 (4.6m)
  gen 0 # 4 F=0.3193 acc=[32.9 31.8 33.1]% L=5 syn/n=19.59 (6.3m)
  gen 0 # 5 F=0.3249 acc=[33.0 33.2 33.0]% L=5 syn/n=27.24 (6.4m)
  gen 0 # 6 F=0.3254 acc=[33.1 32.9 32.9]% L=3 syn/n=18.9 (9.0m)
  gen 0 # 7 F=0.3243 acc=[33.0 32.9 33.0]% L=6 syn/n=24.72 (9.1m)
  gen 0 # 8 F=0.3146 acc=[33.0 32.1 31.5]% L=3 syn/n=22.08 (12.1m)
  gen 0 # 9 F=0.3291 acc=[33.0 36.1 32.9]% L=3 syn/n=16.21 (12.3m)
  gen 0 #10 F=0.3245 acc=[33.3 33.6 32.8]% L=5 syn/n=30.75 (18.1m)
  gen 0 #11 F=0.3248 acc=[32.2 33.0 34.6]% L=5 syn/n=13.82 (18.7m)
  gen 0 #12 F=0.3287 acc=[32.8 35.1 34.0]% L=3 syn/n=32.23 (19.0m)
  gen 0 #13 F=0.3257 acc=[33.0 33.1 33.0]% L=3 syn/n=20.44 (19.2m)
  gen 0 #14 F=0.3218 acc=[33.0 33.0 32.8]% L=5 syn/n=35.4 (19.7m)
  gen 0 #15 F=0.3320 acc=[34.2 33.9 33.6]% L=5 syn/n=29.42 (19.8m)
  gen 0 #16 F=0.3430 acc=[34.4 34.7 35.4]% L=2 syn/n=17.05 (19.9m)
  gen 0 #17 F=0.3238 acc=[33.0 33.1 32.9]% L=3 syn/n=28.2 (20.1m)
  gen 0 #18 F=0.3250 acc=[32.9 32.8 32.7]% L=6 syn/n=14.52 (20.1m)
  gen 0 #19 F=0.3329 acc=[33.0 35.6 34.4]% L=4 syn/n=25.21 (20.2m)
  gen 0 #20 F=0.3244 acc=[32.9 33.0 32.6]% L=4 syn/n=15.8 (22.4m)
  gen 0 #21 F=0.3249 acc=[33.0 33.0 33.5]% L=4 syn/n=27.21 (22.7m)
  gen 0 #22 F=0.3265 acc=[33.0 33.0 33.0]% L=5 syn/n=15.98 (22.8m)
  gen 0 #23 F=0.3213 acc=[32.6 32.6 33.0]% L=2 syn/n=25.12 (24.6m)
gen 0: best F=0.3430 acc=[34.4 34.7 35.4]% mean F=0.3255 · {"n_layers":2,"inhib_frac":0.23694179027806966,"ff_fan":26,"rec_fan":3,"skip_fan":4,"fb_fan":2,"inh_fan":17,"w_exc":0.20618310642894358,"w_inh":1.2941277417121455,"rec_gain":0.32467631420586257,"fb_gain":0.6423006268567406,"delay_scale":1.7118365735746919}
  gen 1 # 0 F=0.3731 acc=[36.9 38.6 38.7]% L=2 syn/n=16.95 (24.7m)
  gen 1 # 1 F=0.3723 acc=[37.6 38.8 37.6]% L=4 syn/n=25.11 (25.0m)
  gen 1 # 2 F=0.3645 acc=[36.2 38.3 38.1]% L=5 syn/n=29.35 (25.2m)
  gen 1 # 3 F=0.3744 acc=[37.6 37.7 38.9]% L=3 syn/n=16.24 (25.3m)
  gen 1 # 4 F=0.3705 acc=[37.6 37.6 38.2]% L=3 syn/n=32.17 (25.4m)
  gen 1 # 5 F=0.3582 acc=[36.0 36.9 37.0]% L=2 syn/n=28.99 (25.5m)
  gen 1 # 6 F=0.3724 acc=[37.6 39.0 37.8]% L=3 syn/n=29.9 (25.6m)
  gen 1 # 7 F=0.3674 acc=[36.6 37.7 38.2]% L=2 syn/n=22.65 (25.7m)
  gen 1 # 8 F=0.3694 acc=[37.6 37.6 37.8]% L=4 syn/n=35.5 (26.1m)
  gen 1 # 9 F=0.3572 acc=[36.6 36.4 36.3]% L=3 syn/n=32.66 (26.2m)
  gen 1 #10 F=0.3592 acc=[36.4 36.7 36.8]% L=2 syn/n=30.93 (26.4m)
  gen 1 #11 F=0.3669 acc=[37.7 36.3 38.2]% L=3 syn/n=14.49 (26.9m)
  gen 1 #12 F=0.3664 acc=[37.0 37.6 37.5]% L=5 syn/n=29.35 (27.1m)
  gen 1 #13 F=0.3623 acc=[36.7 37.6 36.8]% L=5 syn/n=30.1 (27.2m)
  gen 1 #14 F=0.3599 acc=[37.1 37.0 36.4]% L=3 syn/n=33.91 (27.4m)
  gen 1 #15 F=0.3700 acc=[37.6 37.6 37.6]% L=3 syn/n=30.17 (27.6m)
  gen 1 #16 F=0.3529 acc=[36.6 35.6 36.1]% L=5 syn/n=29.49 (27.8m)
  gen 1 #17 F=0.3688 acc=[36.6 37.8 38.5]% L=2 syn/n=17.21 (27.8m)
  gen 1 #18 F=0.3617 acc=[36.4 37.9 37.0]% L=5 syn/n=31.23 (28.0m)
  gen 1 #19 F=0.3714 acc=[37.6 37.6 38.0]% L=4 syn/n=26.86 (28.1m)
  gen 1 #20 F=0.3699 acc=[37.3 37.6 37.8]% L=2 syn/n=24.98 (28.2m)
  gen 1 #21 F=0.3564 acc=[37.1 36.2 36.2]% L=2 syn/n=32.56 (28.3m)
  gen 1 #22 F=0.3671 acc=[37.6 37.4 36.9]% L=4 syn/n=23.72 (28.5m)
  gen 1 #23 F=0.3637 acc=[36.9 37.3 36.9]% L=5 syn/n=29.1 (28.6m)
gen 1: best F=0.3744 acc=[37.6 37.7 38.9]% mean F=0.3657 · {"n_layers":3,"inhib_frac":0.22680052458308636,"ff_fan":5,"rec_fan":11,"skip_fan":11,"fb_fan":2,"inh_fan":6,"w_exc":0.5899995015002787,"w_inh":0.4036363628343679,"rec_gain":0.23469375560525801,"fb_gain":0.11084640586050228,"delay_scale":2.1016611853265204}
  gen 2 # 0 F=0.3574 acc=[35.9 37.3 35.9]% L=3 syn/n=16.3 (28.7m)
  gen 2 # 1 F=0.3640 acc=[36.3 37.2 37.5]% L=2 syn/n=16.91 (28.7m)
  gen 2 # 2 F=0.3570 acc=[35.9 37.1 36.6]% L=3 syn/n=29.89 (28.8m)
  gen 2 # 3 F=0.3564 acc=[35.9 37.8 36.0]% L=4 syn/n=25.12 (28.9m)
  gen 2 # 4 F=0.3519 acc=[35.9 35.7 35.7]% L=4 syn/n=26.87 (29.0m)
  gen 2 # 5 F=0.3513 acc=[35.9 35.5 36.3]% L=3 syn/n=32.16 (29.0m)
  gen 2 # 6 F=0.3576 acc=[35.9 35.9 37.7]% L=3 syn/n=16.92 (29.1m)
  gen 2 # 7 F=0.3550 acc=[35.9 35.8 35.8]% L=4 syn/n=16.44 (29.2m)
  gen 2 # 8 F=0.3534 acc=[35.7 36.0 36.9]% L=4 syn/n=29.35 (29.2m)
  gen 2 # 9 F=0.3615 acc=[36.0 36.9 37.3]% L=2 syn/n=16.52 (29.3m)
  gen 2 #10 F=0.3553 acc=[35.9 36.4 36.1]% L=3 syn/n=24.94 (29.4m)
  gen 2 #11 F=0.3497 acc=[35.9 36.5 34.7]% L=3 syn/n=17.46 (31.2m)
  gen 2 #12 F=0.3540 acc=[35.7 36.6 36.4]% L=3 syn/n=30.74 (31.3m)
  gen 2 #13 F=0.3562 acc=[35.9 36.1 36.6]% L=3 syn/n=23.05 (31.5m)
  gen 2 #14 F=0.3567 acc=[37.0 36.8 35.8]% L=3 syn/n=29.34 (31.6m)
resuming from /Users/marycarrigan/coding/morpho-snn/snn/experiments/results/evolve2-seed99.json at generation 2
v14 structural evolution · seed 99 · pop 24 · gens 20 · scales [2000,4000,8000] · 12 genes (incl n_layers) · test 3000
  gen 2 # 0 F=0.3574 acc=[35.9 37.3 35.9]% L=3 syn/n=16.3 (0.2m)
  gen 2 # 1 F=0.3640 acc=[36.3 37.2 37.5]% L=2 syn/n=16.91 (0.3m)
  gen 2 # 2 F=0.3570 acc=[35.9 37.1 36.6]% L=3 syn/n=29.89 (0.4m)
  gen 2 # 3 F=0.3564 acc=[35.9 37.8 36.0]% L=4 syn/n=25.12 (0.6m)
  gen 2 # 4 F=0.3519 acc=[35.9 35.7 35.7]% L=4 syn/n=26.87 (0.7m)
  gen 2 # 5 F=0.3513 acc=[35.9 35.5 36.3]% L=3 syn/n=32.16 (0.8m)
  gen 2 # 6 F=0.3576 acc=[35.9 35.9 37.7]% L=3 syn/n=16.92 (0.8m)
  gen 2 # 7 F=0.3550 acc=[35.9 35.8 35.8]% L=4 syn/n=16.44 (1.0m)
  gen 2 # 8 F=0.3534 acc=[35.7 36.0 36.9]% L=4 syn/n=29.35 (1.1m)
  gen 2 # 9 F=0.3615 acc=[36.0 36.9 37.3]% L=2 syn/n=16.52 (1.2m)
  gen 2 #10 F=0.3553 acc=[35.9 36.4 36.1]% L=3 syn/n=24.94 (1.3m)
  gen 2 #11 F=0.3497 acc=[35.9 36.5 34.7]% L=3 syn/n=17.46 (3.3m)
  gen 2 #12 F=0.3540 acc=[35.7 36.6 36.4]% L=3 syn/n=30.74 (3.4m)
  gen 2 #13 F=0.3562 acc=[35.9 36.1 36.6]% L=3 syn/n=23.05 (3.5m)
  gen 2 #14 F=0.3567 acc=[37.0 36.8 35.8]% L=3 syn/n=29.34 (3.7m)
  gen 2 #15 F=0.3537 acc=[35.7 35.9 37.4]% L=3 syn/n=28.42 (3.8m)
  gen 2 #16 F=0.3551 acc=[35.9 36.5 36.2]% L=3 syn/n=29.9 (3.9m)
  gen 2 #17 F=0.3517 acc=[35.9 35.7 36.0]% L=3 syn/n=31.96 (4.3m)
  gen 2 #18 F=0.3540 acc=[36.4 35.6 35.9]% L=3 syn/n=20.24 (4.4m)
  gen 2 #19 F=0.3530 acc=[35.9 35.6 36.6]% L=3 syn/n=27.52 (4.5m)
  gen 2 #20 F=0.3612 acc=[36.7 36.9 36.3]% L=2 syn/n=18.31 (4.5m)
  gen 2 #21 F=0.3543 acc=[35.9 35.5 37.4]% L=3 syn/n=23.15 (4.6m)
  gen 2 #22 F=0.3617 acc=[36.0 36.8 37.8]% L=2 syn/n=16.93 (4.7m)
  gen 2 #23 F=0.3562 acc=[35.9 36.7 36.3]% L=3 syn/n=26.44 (4.7m)
gen 2: best F=0.3640 acc=[36.3 37.2 37.5]% mean F=0.3558 · {"n_layers":2,"inhib_frac":0.23694179027806966,"ff_fan":26,"rec_fan":3,"skip_fan":4,"fb_fan":2,"inh_fan":17,"w_exc":0.20618310642894358,"w_inh":1.2941277417121455,"rec_gain":0.32467631420586257,"fb_gain":0.6423006268567406,"delay_scale":1.7118365735746919}
  gen 3 # 0 F=0.3546 acc=[35.2 36.6 36.6]% L=2 syn/n=17.05 (4.8m)
  gen 3 # 1 F=0.3564 acc=[35.8 36.0 36.8]% L=2 syn/n=17.06 (4.9m)
  gen 3 # 2 F=0.3554 acc=[35.4 36.2 36.9]% L=2 syn/n=16.67 (5.0m)
  gen 3 # 3 F=0.3509 acc=[35.1 36.0 35.8]% L=2 syn/n=18.46 (5.0m)
  gen 3 # 4 F=0.3547 acc=[35.9 36.6 35.6]% L=3 syn/n=16.95 (5.1m)
  gen 3 # 5 F=0.3545 acc=[35.9 35.8 35.8]% L=3 syn/n=16.32 (5.1m)
  gen 3 # 6 F=0.3528 acc=[35.6 35.4 36.2]% L=3 syn/n=14.41 (5.2m)
  gen 3 # 7 F=0.3461 acc=[35.8 34.7 35.0]% L=3 syn/n=16.76 (5.8m)
  gen 3 # 8 F=0.2842 acc=[36.6 35.7 23.1]% L=4 syn/n=13.98 (6.1m)
  gen 3 # 9 F=0.3530 acc=[35.2 36.0 36.5]% L=2 syn/n=16.71 (6.1m)
  gen 3 #10 F=0.3540 acc=[35.2 36.0 36.8]% L=2 syn/n=14.47 (6.2m)
  gen 3 #11 F=0.3598 acc=[37.1 35.7 37.2]% L=2 syn/n=17.07 (6.3m)
  gen 3 #12 F=0.3539 acc=[36.4 35.7 35.8]% L=3 syn/n=20.81 (6.3m)
  gen 3 #13 F=0.3502 acc=[35.1 35.8 35.8]% L=2 syn/n=19.3 (6.8m)
  gen 3 #14 F=0.3582 acc=[35.7 36.5 37.6]% L=2 syn/n=20.18 (6.9m)
  gen 3 #15 F=0.3640 acc=[36.1 37.8 37.3]% L=3 syn/n=14.19 (7.0m)
  gen 3 #16 F=0.3451 acc=[36.1 34.3 35.7]% L=3 syn/n=23.77 (7.1m)
  gen 3 #17 F=0.3565 acc=[35.8 36.3 36.1]% L=3 syn/n=15.03 (7.2m)
  gen 3 #18 F=0.3455 acc=[35.7 35.2 34.6]% L=2 syn/n=18.46 (7.4m)
  gen 3 #19 F=0.3384 acc=[35.9 33.8 34.4]% L=3 syn/n=21.58 (7.5m)
  gen 3 #20 F=0.3572 acc=[36.2 35.8 37.1]% L=3 syn/n=19.26 (7.6m)
  gen 3 #21 F=0.3567 acc=[35.9 36.2 36.4]% L=2 syn/n=18.31 (7.7m)
  gen 3 #22 F=0.3507 acc=[36.0 35.3 35.1]% L=3 syn/n=9.76 (7.8m)
  gen 3 #23 F=0.3460 acc=[35.7 34.8 35.4]% L=3 syn/n=24.64 (7.9m)
gen 3: best F=0.3640 acc=[36.1 37.8 37.3]% mean F=0.35 · {"n_layers":3,"inhib_frac":0.24408495786440187,"ff_fan":6,"rec_fan":5,"skip_fan":4,"fb_fan":2,"inh_fan":22,"w_exc":0.20618310642894358,"w_inh":0.15,"rec_gain":0.05,"fb_gain":0.11084640586050228,"delay_scale":0.4261551187168696}
  gen 4 # 0 F=0.3615 acc=[37.0 35.8 37.7]% L=3 syn/n=14.23 (7.9m)
  gen 4 # 1 F=0.3643 acc=[36.3 37.8 37.1]% L=2 syn/n=17.03 (8.0m)
  gen 4 # 2 F=0.3562 acc=[34.2 37.9 39.0]% L=2 syn/n=20.22 (8.1m)
  gen 4 # 3 F=0.3488 acc=[35.1 35.0 37.4]% L=3 syn/n=19.27 (8.2m)
  gen 4 # 4 F=0.3543 acc=[35.8 37.5 35.5]% L=2 syn/n=18.31 (8.3m)
  gen 4 # 5 F=0.3415 acc=[34.2 35.0 34.6]% L=3 syn/n=15.05 (8.4m)
  gen 4 # 6 F=0.3510 acc=[38.5 34.5 36.2]% L=3 syn/n=24.48 (8.5m)
  gen 4 # 7 F=0.3511 acc=[36.0 35.1 35.8]% L=2 syn/n=17.5 (8.6m)
  gen 4 # 8 F=0.3563 acc=[35.0 37.1 37.1]% L=3 syn/n=14.23 (8.6m)
  gen 4 # 9 F=0.3489 acc=[34.6 35.2 37.5]% L=3 syn/n=12.87 (8.7m)
  gen 4 #10 F=0.3353 acc=[34.2 34.9 33.3]% L=4 syn/n=15.05 (10.1m)
  gen 4 #11 F=0.3508 acc=[35.0 36.4 35.9]% L=2 syn/n=21.05 (10.2m)
  gen 4 #12 F=0.3662 acc=[36.9 38.2 36.9]% L=2 syn/n=19.58 (10.2m)
  gen 4 #13 F=0.3641 acc=[37.5 37.2 36.5]% L=2 syn/n=22.31 (10.3m)
  gen 4 #14 F=0.3523 acc=[35.7 35.7 35.1]% L=3 syn/n=5.26 (10.3m)
  gen 4 #15 F=0.3323 acc=[33.0 34.2 34.2]% L=3 syn/n=13.51 (10.6m)
  gen 4 #16 F=0.3625 acc=[36.1 36.9 37.6]% L=2 syn/n=15.52 (10.7m)
  gen 4 #17 F=0.3712 acc=[38.2 36.9 38.1]% L=2 syn/n=16.32 (10.8m)
  gen 4 #18 F=0.3491 acc=[34.6 35.3 39.1]% L=3 syn/n=21.95 (10.9m)
  gen 4 #19 F=0.3339 acc=[34.1 33.4 34.2]% L=3 syn/n=16.08 (11.8m)
  gen 4 #20 F=0.3621 acc=[36.2 38.1 36.7]% L=2 syn/n=19.54 (11.9m)
  gen 4 #21 F=0.3508 acc=[35.6 35.0 37.6]% L=3 syn/n=22.27 (11.9m)
  gen 4 #22 F=0.3395 acc=[35.8 34.3 34.4]% L=3 syn/n=27.24 (12.0m)
  gen 4 #23 F=0.3474 acc=[35.7 34.2 37.3]% L=3 syn/n=19.17 (12.0m)
gen 4: best F=0.3712 acc=[38.2 36.9 38.1]% mean F=0.3521 · {"n_layers":2,"inhib_frac":0.23694179027806966,"ff_fan":26,"rec_fan":6,"skip_fan":2,"fb_fan":1,"inh_fan":6,"w_exc":0.1945647193885359,"w_inh":1.5,"rec_gain":0.32467631420586257,"fb_gain":0.8,"delay_scale":1.7118365735746919}
  gen 5 # 0 F=0.3689 acc=[36.6 37.8 38.5]% L=2 syn/n=16.25 (12.1m)
  gen 5 # 1 F=0.3614 acc=[35.7 37.3 38.2]% L=2 syn/n=19.61 (12.2m)
  gen 5 # 2 F=0.3671 acc=[37.3 36.6 38.2]% L=2 syn/n=16.97 (12.3m)
  gen 5 # 3 F=0.3645 acc=[36.1 37.5 38.6]% L=2 syn/n=22.32 (12.4m)
  gen 5 # 4 F=0.3653 acc=[36.8 36.6 38.0]% L=2 syn/n=15.54 (12.5m)
  gen 5 # 5 F=0.3636 acc=[36.8 36.5 37.9]% L=2 syn/n=19.55 (12.5m)
  gen 5 # 6 F=0.3670 acc=[36.5 37.4 38.4]% L=2 syn/n=17.83 (12.6m)
  gen 5 # 7 F=0.3638 acc=[36.6 36.6 37.5]% L=2 syn/n=15.29 (12.7m)
  gen 5 # 8 F=0.3660 acc=[36.3 37.4 38.7]% L=2 syn/n=18.72 (12.8m)
  gen 5 # 9 F=0.3667 acc=[36.4 37.4 38.6]% L=2 syn/n=17.32 (12.9m)
  gen 5 #10 F=0.3588 acc=[35.6 37.9 37.0]% L=2 syn/n=23.5 (13.0m)
  gen 5 #11 F=0.3620 acc=[35.8 37.1 38.2]% L=2 syn/n=17.35 (13.1m)
  gen 5 #12 F=0.3569 acc=[36.6 35.8 37.3]% L=3 syn/n=27.6 (13.2m)
  gen 5 #13 F=0.3612 acc=[35.7 37.5 37.8]% L=2 syn/n=19.5 (13.2m)
  gen 5 #14 F=0.3600 acc=[35.6 37.3 37.5]% L=2 syn/n=18.07 (13.3m)
  gen 5 #15 F=0.3640 acc=[36.7 37.1 37.0]% L=2 syn/n=22.19 (13.4m)
  gen 5 #16 F=0.3609 acc=[36.2 36.6 36.6]% L=2 syn/n=15.54 (13.4m)
  gen 5 #17 F=0.3623 acc=[36.1 37.4 37.2]% L=2 syn/n=17.82 (13.5m)
  gen 5 #18 F=0.3678 acc=[36.0 38.5 38.8]% L=2 syn/n=18 (13.6m)
  gen 5 #19 F=0.3586 acc=[36.1 36.6 37.0]% L=3 syn/n=26.17 (13.8m)
  gen 5 #20 F=0.3659 acc=[36.6 37.5 37.5]% L=2 syn/n=18.7 (13.9m)
  gen 5 #21 F=0.3588 acc=[35.9 37.1 36.8]% L=3 syn/n=22.27 (14.0m)
  gen 5 #22 F=0.3573 acc=[36.6 36.2 36.1]% L=3 syn/n=22.7 (14.0m)
  gen 5 #23 F=0.3677 acc=[36.5 38.3 37.6]% L=2 syn/n=14.94 (14.1m)
gen 5: best F=0.3689 acc=[36.6 37.8 38.5]% mean F=0.3632 · {"n_layers":2,"inhib_frac":0.23694179027806966,"ff_fan":26,"rec_fan":6,"skip_fan":2,"fb_fan":1,"inh_fan":6,"w_exc":0.1945647193885359,"w_inh":1.5,"rec_gain":0.32467631420586257,"fb_gain":0.8,"delay_scale":1.7118365735746919}
  gen 6 # 0 F=0.3843 acc=[37.8 39.6 40.8]% L=2 syn/n=16.38 (14.2m)
  gen 6 # 1 F=0.3937 acc=[39.4 40.1 40.3]% L=2 syn/n=17.96 (14.3m)
  gen 6 # 2 F=0.3918 acc=[39.8 39.9 39.2]% L=2 syn/n=14.89 (14.4m)
  gen 6 # 3 F=0.3923 acc=[39.0 40.2 40.5]% L=2 syn/n=17.08 (14.5m)
  gen 6 # 4 F=0.3887 acc=[38.5 40.4 40.0]% L=2 syn/n=17.81 (14.6m)
  gen 6 # 5 F=0.3883 acc=[38.5 40.2 40.0]% L=2 syn/n=17.3 (14.7m)
  gen 6 # 6 F=0.3837 acc=[38.0 39.7 39.4]% L=2 syn/n=14.67 (14.8m)
  gen 6 # 7 F=0.3836 acc=[37.8 39.5 40.5]% L=2 syn/n=16.39 (14.8m)
  gen 6 # 8 F=0.4110 acc=[41.4 41.5 41.4]% L=2 syn/n=14.56 (15.0m)
  gen 6 # 9 F=0.3808 acc=[37.8 38.4 41.3]% L=2 syn/n=15.32 (15.0m)
  gen 6 #10 F=0.3803 acc=[38.3 38.5 38.9]% L=3 syn/n=20.01 (15.2m)
  gen 6 #11 F=0.3888 acc=[38.6 39.9 40.8]% L=2 syn/n=21.09 (15.3m)
  gen 6 #12 F=0.3846 acc=[38.3 40.3 39.1]% L=2 syn/n=17.72 (15.3m)
  gen 6 #13 F=0.3848 acc=[38.4 39.8 39.2]% L=2 syn/n=18.02 (15.4m)
  gen 6 #14 F=0.3763 acc=[37.8 38.1 39.1]% L=3 syn/n=21.26 (15.4m)
  gen 6 #15 F=0.3871 acc=[38.6 39.6 39.5]% L=2 syn/n=15.27 (15.5m)
  gen 6 #16 F=0.3941 acc=[39.5 39.9 40.6]% L=2 syn/n=17.08 (15.6m)
  gen 6 #17 F=0.3911 acc=[39.1 39.7 40.3]% L=2 syn/n=17.15 (15.7m)
  gen 6 #18 F=0.3785 acc=[37.9 38.3 40.2]% L=3 syn/n=22.49 (15.8m)
  gen 6 #19 F=0.3940 acc=[39.5 39.9 40.4]% L=2 syn/n=19.03 (15.9m)
  gen 6 #20 F=0.3917 acc=[39.6 39.5 39.5]% L=2 syn/n=17.15 (16.0m)
  gen 6 #21 F=0.3761 acc=[37.8 38.6 38.3]% L=3 syn/n=21.91 (16.1m)
  gen 6 #22 F=0.3939 acc=[39.3 40.5 40.1]% L=2 syn/n=17.11 (16.2m)
  gen 6 #23 F=0.3928 acc=[39.5 39.5 40.3]% L=2 syn/n=15.47 (16.3m)
gen 6: best F=0.4110 acc=[41.4 41.5 41.4]% mean F=0.388 · {"n_layers":2,"inhib_frac":0.156816063519682,"ff_fan":28,"rec_fan":2,"skip_fan":2,"fb_fan":1,"inh_fan":4,"w_exc":0.2009276340243202,"w_inh":1.2212428144820289,"rec_gain":0.16150008674914426,"fb_gain":0.05,"delay_scale":1.9527403015084615}
  gen 7 # 0 F=0.3401 acc=[33.1 35.7 36.2]% L=2 syn/n=14.57 (16.4m)
  gen 7 # 1 F=0.3286 acc=[33.0 33.2 34.1]% L=2 syn/n=16.98 (16.4m)
  gen 7 # 2 F=0.3309 acc=[33.2 33.5 34.5]% L=2 syn/n=18.94 (16.5m)
  gen 7 # 3 F=0.3313 acc=[32.7 34.3 34.9]% L=2 syn/n=17.13 (16.5m)
  gen 7 # 4 F=0.3297 acc=[32.7 33.6 35.5]% L=2 syn/n=17.99 (16.6m)
  gen 7 # 5 F=0.3312 acc=[33.0 33.8 34.3]% L=2 syn/n=15.39 (16.6m)
  gen 7 # 6 F=0.3251 acc=[32.2 34.3 33.5]% L=2 syn/n=19.74 (16.7m)
  gen 7 # 7 F=0.3260 acc=[32.7 32.8 34.6]% L=3 syn/n=16.18 (16.7m)
  gen 7 # 8 F=0.3369 acc=[35.2 32.5 37.0]% L=2 syn/n=15.53 (16.8m)
  gen 7 # 9 F=0.3181 acc=[31.8 33.6 32.4]% L=2 syn/n=21.9 (16.8m)
  gen 7 #10 F=0.3307 acc=[32.9 33.4 35.2]% L=2 syn/n=14.18 (16.9m)
  gen 7 #11 F=0.3265 acc=[32.7 33.2 33.9]% L=3 syn/n=17.75 (16.9m)
  gen 7 #12 F=0.3240 acc=[32.7 32.8 33.1]% L=2 syn/n=19.7 (16.9m)
  gen 7 #13 F=0.3293 acc=[33.0 33.2 34.2]% L=2 syn/n=13.95 (17.0m)
  gen 7 #14 F=0.3359 acc=[32.9 34.8 35.6]% L=2 syn/n=13.35 (17.0m)
  gen 7 #15 F=0.3235 acc=[32.3 33.2 33.6]% L=2 syn/n=19.46 (17.1m)
  gen 7 #16 F=0.3259 acc=[32.7 33.5 33.1]% L=2 syn/n=17.99 (17.1m)
  gen 7 #17 F=0.3247 acc=[32.7 33.2 32.7]% L=2 syn/n=14.15 (17.2m)
  gen 7 #18 F=0.3266 acc=[33.1 32.7 33.9]% L=2 syn/n=16.03 (17.2m)
  gen 7 #19 F=0.3255 acc=[32.7 33.0 33.8]% L=3 syn/n=19.64 (17.3m)
  gen 7 #20 F=0.3227 acc=[32.1 32.3 35.4]% L=2 syn/n=13.39 (17.3m)
  gen 7 #21 F=0.3241 acc=[32.7 32.7 32.8]% L=3 syn/n=16.41 (17.3m)
  gen 7 #22 F=0.3298 acc=[32.9 34.1 33.9]% L=2 syn/n=20.13 (17.4m)
  gen 7 #23 F=0.3275 acc=[32.3 33.1 36.2]% L=2 syn/n=14.22 (17.4m)
gen 7: best F=0.3401 acc=[33.1 35.7 36.2]% mean F=0.3281 · {"n_layers":2,"inhib_frac":0.156816063519682,"ff_fan":28,"rec_fan":2,"skip_fan":2,"fb_fan":1,"inh_fan":4,"w_exc":0.2009276340243202,"w_inh":1.2212428144820289,"rec_gain":0.16150008674914426,"fb_gain":0.05,"delay_scale":1.9527403015084615}
  gen 8 # 0 F=0.3489 acc=[34.7 35.1 37.8]% L=2 syn/n=14.48 (17.4m)
  gen 8 # 1 F=0.3479 acc=[34.9 34.7 37.6]% L=2 syn/n=15.46 (17.5m)
  gen 8 # 2 F=0.3571 acc=[35.7 36.4 36.4]% L=2 syn/n=13.38 (17.5m)
  gen 8 # 3 F=0.3551 acc=[35.5 36.3 36.4]% L=2 syn/n=17.08 (17.5m)
  gen 8 # 4 F=0.3481 acc=[34.7 35.4 36.3]% L=2 syn/n=15.43 (17.6m)
  gen 8 # 5 F=0.3421 acc=[34.4 34.6 35.7]% L=2 syn/n=19.01 (17.6m)
  gen 8 # 6 F=0.3489 acc=[34.9 34.9 37.2]% L=2 syn/n=13.15 (17.7m)
  gen 8 # 7 F=0.3376 acc=[34.9 33.8 34.5]% L=3 syn/n=21.45 (17.7m)
  gen 8 # 8 F=0.3537 acc=[35.0 36.2 36.9]% L=2 syn/n=14.93 (17.8m)
  gen 8 # 9 F=0.3471 acc=[35.0 35.3 34.9]% L=2 syn/n=13.64 (17.8m)
  gen 8 #10 F=0.3517 acc=[35.1 35.4 36.8]% L=2 syn/n=13.01 (17.8m)
  gen 8 #11 F=0.3472 acc=[35.3 34.6 36.7]% L=2 syn/n=18.58 (17.9m)
  gen 8 #12 F=0.3469 acc=[34.9 34.9 36.3]% L=2 syn/n=16.91 (17.9m)
  gen 8 #13 F=0.3501 acc=[34.9 35.3 37.3]% L=2 syn/n=15.9 (17.9m)
  gen 8 #14 F=0.3545 acc=[35.2 36.1 36.8]% L=2 syn/n=14.65 (18.0m)
  gen 8 #15 F=0.3484 acc=[34.9 34.7 38.2]% L=2 syn/n=16.3 (18.0m)
  gen 8 #16 F=0.3434 acc=[34.7 36.0 34.4]% L=2 syn/n=17.5 (18.1m)
  gen 8 #17 F=0.3499 acc=[34.7 35.9 36.6]% L=2 syn/n=16.97 (18.1m)
  gen 8 #18 F=0.3366 acc=[33.6 34.6 34.8]% L=2 syn/n=20.35 (18.1m)
  gen 8 #19 F=0.3496 acc=[34.8 35.6 36.1]% L=2 syn/n=15.05 (18.2m)
  gen 8 #20 F=0.3553 acc=[35.5 36.1 36.6]% L=2 syn/n=15.38 (18.2m)
  gen 8 #21 F=0.3490 acc=[34.9 35.9 35.3]% L=2 syn/n=13.81 (18.2m)
  gen 8 #22 F=0.3501 acc=[34.5 36.1 36.7]% L=2 syn/n=14.46 (18.2m)
  gen 8 #23 F=0.3506 acc=[35.1 35.4 36.5]% L=2 syn/n=14.9 (18.3m)
gen 8: best F=0.3571 acc=[35.7 36.4 36.4]% mean F=0.3487 · {"n_layers":2,"inhib_frac":0.20104806106870154,"ff_fan":26,"rec_fan":1,"skip_fan":0,"fb_fan":1,"inh_fan":9,"w_exc":0.1914129412093718,"w_inh":1.2212428144820289,"rec_gain":0.16150008674914426,"fb_gain":0.7004606977904538,"delay_scale":1.9527403015084615}
  gen 9 # 0 F=0.3218 acc=[30.9 34.2 34.7]% L=2 syn/n=13.4 (18.3m)
  gen 9 # 1 F=0.3142 acc=[30.9 32.2 33.9]% L=2 syn/n=15.41 (18.3m)
  gen 9 # 2 F=0.3096 acc=[30.9 31.0 34.5]% L=2 syn/n=17.09 (18.4m)
  gen 9 # 3 F=0.3132 acc=[30.9 31.4 35.8]% L=2 syn/n=14.65 (18.4m)
  gen 9 # 4 F=0.3145 acc=[30.9 31.9 35.2]% L=2 syn/n=14.92 (18.4m)
  gen 9 # 5 F=0.3217 acc=[31.0 33.9 34.8]% L=2 syn/n=13.04 (18.4m)
  gen 9 # 6 F=0.3087 acc=[30.9 30.9 34.2]% L=2 syn/n=18.73 (18.5m)
  gen 9 # 7 F=0.3257 acc=[32.1 33.8 33.9]% L=2 syn/n=13.65 (18.5m)
  gen 9 # 8 F=0.3177 acc=[31.0 33.1 33.6]% L=2 syn/n=12.86 (18.5m)
  gen 9 # 9 F=0.3359 acc=[34.9 35.5 32.8]% L=2 syn/n=11.53 (18.6m)
  gen 9 #10 F=0.3151 acc=[30.9 33.0 33.0]% L=2 syn/n=15.9 (18.6m)
  gen 9 #11 F=0.3173 acc=[31.0 33.2 34.0]% L=2 syn/n=17.71 (18.6m)
  gen 9 #12 F=0.3277 acc=[34.7 31.4 35.6]% L=2 syn/n=13 (18.7m)
  gen 9 #13 F=0.3125 acc=[30.9 31.5 35.0]% L=2 syn/n=15.71 (18.7m)
  gen 9 #14 F=0.3250 acc=[31.8 33.7 34.7]% L=2 syn/n=14.36 (18.7m)
  gen 9 #15 F=0.3158 acc=[30.9 33.1 33.4]% L=2 syn/n=15.43 (18.7m)
  gen 9 #16 F=0.3174 acc=[31.1 32.8 34.9]% L=2 syn/n=19.85 (18.8m)
  gen 9 #17 F=0.3156 acc=[31.6 31.8 33.2]% L=2 syn/n=14.92 (18.8m)
  gen 9 #18 F=0.3084 acc=[30.9 30.7 34.4]% L=2 syn/n=17.09 (18.8m)
  gen 9 #19 F=0.3231 acc=[30.9 34.8 34.9]% L=2 syn/n=15.44 (18.9m)
  gen 9 #20 F=0.3175 acc=[30.9 32.5 34.6]% L=2 syn/n=9.39 (18.9m)
  gen 9 #21 F=0.3285 acc=[34.5 32.0 34.6]% L=2 syn/n=11.93 (18.9m)
  gen 9 #22 F=0.3143 acc=[30.9 31.8 35.1]% L=2 syn/n=14.14 (18.9m)
  gen 9 #23 F=0.3159 acc=[30.9 32.4 34.6]% L=2 syn/n=15.83 (19.0m)
gen 9: best F=0.3359 acc=[34.9 35.5 32.8]% mean F=0.3182 · {"n_layers":2,"inhib_frac":0.20104806106870154,"ff_fan":26,"rec_fan":1,"skip_fan":0,"fb_fan":0,"inh_fan":2,"w_exc":0.36570699152992414,"w_inh":1.4174285745981197,"rec_gain":0.3101024671156232,"fb_gain":0.7630253903040817,"delay_scale":1.9527403015084615}
  gen 10 # 0 F=0.3329 acc=[32.9 36.2 33.6]% L=2 syn/n=11.64 (19.0m)
  gen 10 # 1 F=0.3363 acc=[32.7 35.7 35.1]% L=2 syn/n=12.04 (19.0m)
  gen 10 # 2 F=0.3346 acc=[35.3 32.4 35.6]% L=2 syn/n=13.02 (19.1m)
  gen 10 # 3 F=0.3300 acc=[32.7 33.8 34.4]% L=2 syn/n=13.71 (19.1m)
  gen 10 # 4 F=0.3244 acc=[31.9 33.6 34.1]% L=2 syn/n=14.44 (19.1m)
  gen 10 # 5 F=0.3337 acc=[32.9 34.2 35.5]% L=2 syn/n=15.47 (19.1m)
  gen 10 # 6 F=0.3340 acc=[33.5 33.6 34.4]% L=2 syn/n=12.43 (19.2m)
  gen 10 # 7 F=0.3318 acc=[32.6 33.8 36.0]% L=2 syn/n=11.38 (19.2m)
  gen 10 # 8 F=0.3174 acc=[32.6 31.7 32.8]% L=3 syn/n=19 (19.2m)
  gen 10 # 9 F=0.3386 acc=[33.3 35.2 35.3]% L=2 syn/n=14.43 (19.3m)
  gen 10 #10 F=0.3259 acc=[32.7 32.6 34.5]% L=3 syn/n=13.19 (19.3m)
  gen 10 #11 F=0.3280 acc=[33.2 33.8 32.9]% L=2 syn/n=16.23 (19.3m)
  gen 10 #12 F=0.3306 acc=[33.1 33.2 35.0]% L=2 syn/n=12.47 (19.3m)
  gen 10 #13 F=0.3359 acc=[34.6 32.9 36.3]% L=2 syn/n=16.55 (19.4m)
  gen 10 #14 F=0.3365 acc=[35.8 33.5 34.0]% L=2 syn/n=12.86 (19.4m)
  gen 10 #15 F=0.3278 acc=[32.7 33.4 33.9]% L=2 syn/n=16.19 (19.5m)
  gen 10 #16 F=0.3341 acc=[34.3 32.9 35.4]% L=2 syn/n=12.7 (19.5m)
  gen 10 #17 F=0.3365 acc=[32.8 35.1 35.5]% L=2 syn/n=11.37 (19.5m)
  gen 10 #18 F=0.3304 acc=[32.6 34.3 34.3]% L=2 syn/n=15.47 (19.6m)
  gen 10 #19 F=0.3440 acc=[35.5 33.7 36.4]% L=2 syn/n=11.97 (19.6m)
  gen 10 #20 F=0.3474 acc=[34.8 34.9 36.0]% L=2 syn/n=10.85 (19.6m)
  gen 10 #21 F=0.3373 acc=[33.2 35.4 34.9]% L=2 syn/n=16.04 (19.7m)
  gen 10 #22 F=0.3321 acc=[33.0 33.2 36.4]% L=2 syn/n=10.53 (19.7m)
  gen 10 #23 F=0.3315 acc=[33.2 33.7 34.3]% L=2 syn/n=16.28 (19.7m)
gen 10: best F=0.3474 acc=[34.8 34.9 36.0]% mean F=0.333 · {"n_layers":2,"inhib_frac":0.20104806106870154,"ff_fan":26,"rec_fan":0,"skip_fan":0,"fb_fan":0,"inh_fan":2,"w_exc":0.1914129412093718,"w_inh":1.2611094539633185,"rec_gain":0.06469358824820376,"fb_gain":0.60897735867606,"delay_scale":2.2714717486786324}
  gen 11 # 0 F=0.3320 acc=[32.9 33.7 34.8]% L=2 syn/n=10.84 (19.8m)
  gen 11 # 1 F=0.3204 acc=[33.2 31.7 33.0]% L=2 syn/n=11.99 (19.8m)
  gen 11 # 2 F=0.3350 acc=[33.6 34.1 33.9]% L=2 syn/n=14.46 (19.8m)
  gen 11 # 3 F=0.3276 acc=[33.3 32.9 33.4]% L=2 syn/n=16.11 (19.9m)
  gen 11 # 4 F=0.3195 acc=[32.0 32.8 32.3]% L=2 syn/n=13.02 (19.9m)
  gen 11 # 5 F=0.3256 acc=[32.2 33.4 33.7]% L=2 syn/n=11.42 (19.9m)
  gen 11 # 6 F=0.3320 acc=[33.3 33.4 34.3]% L=2 syn/n=11.61 (20.0m)
  gen 11 # 7 F=0.3233 acc=[32.7 33.1 32.4]% L=2 syn/n=14 (20.0m)
  gen 11 # 8 F=0.3233 acc=[32.0 33.1 33.6]% L=2 syn/n=11.09 (20.0m)
  gen 11 # 9 F=0.3189 acc=[32.0 32.9 32.2]% L=2 syn/n=13.39 (20.1m)
  gen 11 #10 F=0.3182 acc=[31.8 32.1 32.8]% L=2 syn/n=10.66 (20.1m)
  gen 11 #11 F=0.3322 acc=[33.2 33.7 34.1]% L=2 syn/n=13.17 (20.1m)
  gen 11 #12 F=0.3209 acc=[33.2 32.9 31.7]% L=2 syn/n=9.88 (20.1m)
  gen 11 #13 F=0.3242 acc=[32.1 32.9 33.7]% L=2 syn/n=9.26 (20.2m)
  gen 11 #14 F=0.3232 acc=[32.4 33.2 32.7]% L=2 syn/n=12.49 (20.2m)
  gen 11 #15 F=0.3080 acc=[32.0 31.7 30.6]% L=2 syn/n=16.17 (20.8m)
  gen 11 #16 F=0.3292 acc=[33.2 32.9 34.0]% L=2 syn/n=10.84 (20.8m)
  gen 11 #17 F=0.3173 acc=[32.0 32.2 32.1]% L=3 syn/n=16.41 (20.8m)
  gen 11 #18 F=0.3242 acc=[32.1 33.7 33.1]% L=2 syn/n=10.7 (20.9m)
  gen 11 #19 F=0.3159 acc=[32.0 32.3 32.0]% L=3 syn/n=21.13 (20.9m)
  gen 11 #20 F=0.3151 acc=[32.0 31.5 32.3]% L=2 syn/n=12.1 (20.9m)
  gen 11 #21 F=0.3212 acc=[32.0 33.2 32.5]% L=2 syn/n=9.43 (20.9m)
  gen 11 #22 F=0.3177 acc=[31.7 33.0 32.1]% L=2 syn/n=10.74 (20.9m)
  gen 11 #23 F=0.3192 acc=[32.0 32.4 32.7]% L=2 syn/n=16.24 (21.0m)
gen 11: best F=0.3350 acc=[33.6 34.1 33.9]% mean F=0.3227 · {"n_layers":2,"inhib_frac":0.20104806106870154,"ff_fan":24,"rec_fan":5,"skip_fan":0,"fb_fan":1,"inh_fan":2,"w_exc":0.1914129412093718,"w_inh":1.2611094539633185,"rec_gain":0.06469358824820376,"fb_gain":0.6758944314376486,"delay_scale":1.7912521465862554}
  gen 12 # 0 F=0.3718 acc=[36.1 39.0 39.6]% L=2 syn/n=14.37 (21.0m)
  gen 12 # 1 F=0.3670 acc=[36.5 36.9 39.3]% L=2 syn/n=13.11 (21.0m)
  gen 12 # 2 F=0.3661 acc=[36.5 36.6 39.3]% L=2 syn/n=10.78 (21.1m)
  gen 12 # 3 F=0.3812 acc=[37.3 39.6 39.9]% L=2 syn/n=11.51 (21.1m)
  gen 12 # 4 F=0.3753 acc=[36.7 39.1 39.1]% L=2 syn/n=10.78 (21.1m)
  gen 12 # 5 F=0.3810 acc=[38.3 38.4 38.9]% L=2 syn/n=16.12 (21.2m)
  gen 12 # 6 F=0.3719 acc=[36.1 39.1 39.3]% L=2 syn/n=12.26 (21.2m)
  gen 12 # 7 F=0.3719 acc=[36.2 39.8 38.6]% L=2 syn/n=12.78 (21.2m)
  gen 12 # 8 F=0.3886 acc=[39.1 39.0 39.5]% L=2 syn/n=12.27 (21.3m)
  gen 12 # 9 F=0.3559 acc=[35.7 35.7 38.4]% L=3 syn/n=17.37 (21.3m)
  gen 12 #10 F=0.3556 acc=[35.7 35.7 37.7]% L=3 syn/n=15.2 (21.3m)
  gen 12 #11 F=0.3694 acc=[35.7 39.2 39.4]% L=2 syn/n=15.36 (21.4m)
  gen 12 #12 F=0.3542 acc=[35.6 35.5 38.0]% L=3 syn/n=18.93 (21.6m)
  gen 12 #13 F=0.3672 acc=[36.2 37.3 39.2]% L=2 syn/n=11.57 (21.6m)
  gen 12 #14 F=0.3835 acc=[37.8 39.4 39.9]% L=2 syn/n=11.03 (21.6m)
  gen 12 #15 F=0.3729 acc=[36.0 39.6 39.3]% L=2 syn/n=10.78 (21.6m)
  gen 12 #16 F=0.3663 acc=[35.6 38.5 38.5]% L=2 syn/n=10.39 (21.7m)
  gen 12 #17 F=0.3548 acc=[35.7 35.7 37.4]% L=3 syn/n=18.03 (21.7m)
  gen 12 #18 F=0.3554 acc=[35.7 35.9 37.3]% L=3 syn/n=19.19 (21.7m)
  gen 12 #19 F=0.3701 acc=[35.9 38.9 39.5]% L=2 syn/n=15.97 (21.8m)
  gen 12 #20 F=0.3658 acc=[37.6 36.2 38.4]% L=2 syn/n=18.79 (21.8m)
  gen 12 #21 F=0.3565 acc=[35.7 35.7 38.5]% L=3 syn/n=14.7 (21.8m)
  gen 12 #22 F=0.3655 acc=[35.7 38.0 38.7]% L=2 syn/n=13.58 (21.9m)
  gen 12 #23 F=0.3692 acc=[36.2 38.0 39.1]% L=2 syn/n=11.57 (21.9m)
gen 12: best F=0.3886 acc=[39.1 39.0 39.5]% mean F=0.3682 · {"n_layers":2,"inhib_frac":0.23816330039209044,"ff_fan":26,"rec_fan":1,"skip_fan":0,"fb_fan":3,"inh_fan":2,"w_exc":0.20130906671189192,"w_inh":1.0523873301066524,"rec_gain":0.05,"fb_gain":0.35272404049537304,"delay_scale":1.7912521465862554}
  gen 13 # 0 F=0.3288 acc=[32.3 33.5 35.7]% L=2 syn/n=12.2 (21.9m)
  gen 13 # 1 F=0.3297 acc=[31.8 34.7 35.3]% L=2 syn/n=11.03 (21.9m)
  gen 13 # 2 F=0.3287 acc=[33.9 32.1 35.2]% L=2 syn/n=11.45 (22.0m)
  gen 13 # 3 F=0.3338 acc=[34.0 33.8 33.6]% L=2 syn/n=16.1 (22.0m)
  gen 13 # 4 F=0.3248 acc=[33.6 31.7 34.4]% L=2 syn/n=10.76 (22.0m)
  gen 13 # 5 F=0.3253 acc=[33.6 31.8 34.6]% L=2 syn/n=10.76 (22.1m)
  gen 13 # 6 F=0.3249 acc=[33.8 33.5 32.0]% L=2 syn/n=10.76 (22.1m)
  gen 13 # 7 F=0.3272 acc=[32.9 32.8 33.6]% L=2 syn/n=9.98 (22.1m)
  gen 13 # 8 F=0.3407 acc=[34.4 34.0 35.1]% L=2 syn/n=10.38 (22.2m)
  gen 13 # 9 F=0.3196 acc=[31.6 33.2 33.4]% L=2 syn/n=16.85 (22.2m)
  gen 13 #10 F=0.3229 acc=[33.1 31.8 34.3]% L=2 syn/n=12.17 (22.2m)
  gen 13 #11 F=0.3245 acc=[32.1 33.0 34.4]% L=2 syn/n=13.15 (22.3m)
  gen 13 #12 F=0.3379 acc=[34.7 34.5 33.6]% L=2 syn/n=12.2 (22.3m)
  gen 13 #13 F=0.3263 acc=[34.0 31.6 35.4]% L=2 syn/n=11.87 (22.4m)
  gen 13 #14 F=0.3278 acc=[31.7 34.9 34.4]% L=2 syn/n=9.52 (22.4m)
  gen 13 #15 F=0.3222 acc=[33.4 32.0 32.9]% L=2 syn/n=12.52 (22.4m)
  gen 13 #16 F=0.3346 acc=[33.3 34.1 34.6]% L=2 syn/n=12.78 (22.5m)
  gen 13 #17 F=0.3228 acc=[32.1 32.6 34.3]% L=2 syn/n=12.38 (22.5m)
  gen 13 #18 F=0.3294 acc=[32.1 34.6 34.4]% L=2 syn/n=9.78 (22.5m)
  gen 13 #19 F=0.3247 acc=[31.5 34.6 33.8]% L=2 syn/n=10.09 (22.6m)
  gen 13 #20 F=0.3204 acc=[32.2 34.4 31.9]% L=2 syn/n=10.99 (22.6m)
  gen 13 #21 F=0.3175 acc=[31.7 31.9 33.8]% L=3 syn/n=13.69 (22.6m)
  gen 13 #22 F=0.3179 acc=[31.7 32.1 33.9]% L=2 syn/n=13.35 (22.6m)
  gen 13 #23 F=0.3264 acc=[34.4 31.7 34.4]% L=2 syn/n=10.76 (22.7m)
gen 13: best F=0.3407 acc=[34.4 34.0 35.1]% mean F=0.3266 · {"n_layers":2,"inhib_frac":0.1195048404584702,"ff_fan":21,"rec_fan":0,"skip_fan":0,"fb_fan":2,"inh_fan":2,"w_exc":0.16852554118690644,"w_inh":1.1957912379285303,"rec_gain":0.5607840728138045,"fb_gain":0.06151452828456001,"delay_scale":1.959249374352305}
  gen 14 # 0 F=0.3285 acc=[32.2 34.0 34.3]% L=2 syn/n=10.34 (22.7m)
  gen 14 # 1 F=0.3288 acc=[32.2 34.3 34.3]% L=2 syn/n=12.34 (22.7m)
  gen 14 # 2 F=0.3269 acc=[32.2 35.1 33.3]% L=2 syn/n=12.75 (22.8m)
  gen 14 # 3 F=0.3305 acc=[33.7 33.1 33.8]% L=2 syn/n=16.07 (22.8m)
  gen 14 # 4 F=0.3284 acc=[32.2 34.2 34.1]% L=2 syn/n=11.12 (22.8m)
  gen 14 # 5 F=0.3237 acc=[32.2 32.5 34.4]% L=2 syn/n=10 (22.9m)
  gen 14 # 6 F=0.3294 acc=[32.2 34.4 34.4]% L=2 syn/n=10.79 (22.9m)
  gen 14 # 7 F=0.3173 acc=[34.4 31.6 32.0]% L=2 syn/n=15.28 (23.0m)
  gen 14 # 8 F=0.3259 acc=[32.2 34.1 33.5]% L=2 syn/n=14.89 (23.0m)
  gen 14 # 9 F=0.3264 acc=[32.2 33.5 33.8]% L=2 syn/n=10.86 (23.0m)
  gen 14 #10 F=0.3285 acc=[32.2 34.1 34.5]% L=2 syn/n=12.39 (23.1m)
  gen 14 #11 F=0.3292 acc=[32.2 34.9 33.9]% L=2 syn/n=10.54 (23.1m)
  gen 14 #12 F=0.3218 acc=[32.4 32.2 34.2]% L=2 syn/n=13.63 (23.1m)
  gen 14 #13 F=0.3325 acc=[32.2 35.6 34.7]% L=2 syn/n=11.07 (23.2m)
  gen 14 #14 F=0.3190 acc=[32.2 34.5 31.5]% L=2 syn/n=11.25 (23.4m)
  gen 14 #15 F=0.3377 acc=[34.7 33.7 34.1]% L=2 syn/n=10.59 (23.4m)
  gen 14 #16 F=0.3268 acc=[32.2 34.0 33.8]% L=2 syn/n=12.96 (23.5m)
  gen 14 #17 F=0.3225 acc=[32.1 32.7 33.8]% L=2 syn/n=13.24 (23.5m)
  gen 14 #18 F=0.3291 acc=[32.2 34.4 34.1]% L=2 syn/n=9.46 (23.5m)
  gen 14 #19 F=0.3343 acc=[33.9 33.4 34.1]% L=2 syn/n=9.41 (23.5m)
  gen 14 #20 F=0.3293 acc=[32.2 34.2 34.7]% L=2 syn/n=12.31 (23.6m)
  gen 14 #21 F=0.3285 acc=[32.2 33.8 34.7]% L=2 syn/n=10.85 (23.6m)
  gen 14 #22 F=0.3260 acc=[32.2 33.5 34.3]% L=2 syn/n=16.07 (23.6m)
  gen 14 #23 F=0.3191 acc=[32.2 32.9 32.2]% L=2 syn/n=19.39 (23.7m)
gen 14: best F=0.3377 acc=[34.7 33.7 34.1]% mean F=0.3271 · {"n_layers":2,"inhib_frac":0.05,"ff_fan":20,"rec_fan":0,"skip_fan":1,"fb_fan":2,"inh_fan":3,"w_exc":0.16852554118690644,"w_inh":1.0414908684671067,"rec_gain":0.5765627417492303,"fb_gain":0.2527492340401239,"delay_scale":1.7659996627568173}
  gen 15 # 0 F=0.3835 acc=[38.8 38.6 38.5]% L=2 syn/n=10.62 (23.7m)
  gen 15 # 1 F=0.3815 acc=[38.4 38.5 38.2]% L=2 syn/n=9.48 (23.7m)
  gen 15 # 2 F=0.3840 acc=[38.8 38.4 39.0]% L=2 syn/n=11.18 (23.8m)
  gen 15 # 3 F=0.3787 acc=[38.9 37.6 39.0]% L=2 syn/n=16.1 (23.8m)
  gen 15 # 4 F=0.3849 acc=[38.1 40.2 39.2]% L=2 syn/n=10.89 (23.9m)
  gen 15 # 5 F=0.3886 acc=[38.7 39.7 39.7]% L=2 syn/n=12.41 (23.9m)
  gen 15 # 6 F=0.3803 acc=[39.0 37.9 38.9]% L=2 syn/n=15.2 (23.9m)
  gen 15 # 7 F=0.3744 acc=[37.6 37.7 38.3]% L=3 syn/n=14.32 (24.0m)
  gen 15 # 8 F=0.3742 acc=[37.6 37.6 38.6]% L=3 syn/n=15.31 (24.0m)
  gen 15 # 9 F=0.3787 acc=[37.8 38.4 38.6]% L=2 syn/n=10.78 (24.1m)
  gen 15 #10 F=0.3773 acc=[37.4 38.5 38.9]% L=2 syn/n=11.75 (24.1m)
  gen 15 #11 F=0.3788 acc=[38.9 37.6 38.8]% L=2 syn/n=13.72 (24.1m)
  gen 15 #12 F=0.3867 acc=[38.4 39.6 39.6]% L=2 syn/n=11.7 (24.2m)
  gen 15 #13 F=0.3751 acc=[37.6 37.6 38.9]% L=2 syn/n=12.73 (24.2m)
  gen 15 #14 F=0.3795 acc=[37.6 39.2 38.6]% L=2 syn/n=9.28 (24.2m)
  gen 15 #15 F=0.3754 acc=[37.5 38.1 38.5]% L=2 syn/n=14.73 (24.3m)
  gen 15 #16 F=0.3682 acc=[37.6 37.4 36.8]% L=4 syn/n=15.62 (24.4m)
  gen 15 #17 F=0.3781 acc=[38.8 37.4 39.4]% L=2 syn/n=15.62 (24.4m)
  gen 15 #18 F=0.3763 acc=[38.0 37.8 38.4]% L=2 syn/n=15.72 (24.4m)
  gen 15 #19 F=0.3761 acc=[37.4 38.3 38.9]% L=2 syn/n=12.91 (24.5m)
  gen 15 #20 F=0.3821 acc=[40.0 37.7 39.0]% L=2 syn/n=10.57 (24.5m)
  gen 15 #21 F=0.3788 acc=[38.8 37.3 39.2]% L=2 syn/n=8.72 (24.5m)
  gen 15 #22 F=0.3918 acc=[39.1 40.0 39.7]% L=2 syn/n=11.62 (24.6m)
  gen 15 #23 F=0.3861 acc=[39.3 38.5 39.2]% L=2 syn/n=11.18 (24.6m)
gen 15: best F=0.3918 acc=[39.1 40.0 39.7]% mean F=0.38 · {"n_layers":2,"inhib_frac":0.2110870692457648,"ff_fan":28,"rec_fan":0,"skip_fan":0,"fb_fan":0,"inh_fan":2,"w_exc":0.2698441127847543,"w_inh":1.0059411042561872,"rec_gain":0.18018629100553712,"fb_gain":0.60897735867606,"delay_scale":2.219774462459647}
  gen 16 # 0 F=0.3846 acc=[39.6 38.2 39.1]% L=2 syn/n=11.41 (24.6m)
  gen 16 # 1 F=0.3814 acc=[39.3 38.3 38.3]% L=2 syn/n=12.19 (24.7m)
  gen 16 # 2 F=0.3632 acc=[37.0 35.8 38.6]% L=2 syn/n=11.54 (24.7m)
  gen 16 # 3 F=0.3816 acc=[39.2 38.3 38.3]% L=2 syn/n=10.97 (24.7m)
  gen 16 # 4 F=0.3681 acc=[36.2 37.5 39.4]% L=2 syn/n=10.67 (24.8m)
  gen 16 # 5 F=0.3578 acc=[35.5 36.2 37.7]% L=2 syn/n=10.97 (24.8m)
  gen 16 # 6 F=0.3699 acc=[36.6 37.9 37.8]% L=2 syn/n=8.35 (24.8m)
  gen 16 # 7 F=0.3771 acc=[39.0 39.2 37.1]% L=2 syn/n=11.36 (24.9m)
  gen 16 # 8 F=0.3699 acc=[36.5 38.2 38.2]% L=2 syn/n=11.65 (24.9m)
  gen 16 # 9 F=0.3641 acc=[36.9 36.3 37.8]% L=2 syn/n=14.04 (24.9m)
  gen 16 #10 F=0.3635 acc=[36.1 36.8 38.4]% L=2 syn/n=11.86 (25.0m)
  gen 16 #11 F=0.3676 acc=[38.1 36.4 37.8]% L=2 syn/n=13.84 (25.0m)
  gen 16 #12 F=0.3672 acc=[35.5 39.0 38.9]% L=2 syn/n=13.76 (25.0m)
  gen 16 #13 F=0.3699 acc=[37.2 37.1 38.3]% L=2 syn/n=13.48 (25.1m)
  gen 16 #14 F=0.3572 acc=[35.5 38.0 36.1]% L=2 syn/n=13.36 (25.1m)
  gen 16 #15 F=0.3784 acc=[39.4 37.5 38.5]% L=2 syn/n=13.31 (25.1m)
  gen 16 #16 F=0.3622 acc=[36.0 36.8 37.7]% L=2 syn/n=13.36 (25.2m)
  gen 16 #17 F=0.3655 acc=[37.4 35.8 39.2]% L=2 syn/n=11.54 (25.2m)
  gen 16 #18 F=0.3651 acc=[35.5 38.3 38.4]% L=2 syn/n=10.05 (25.2m)
  gen 16 #19 F=0.3520 acc=[35.5 35.5 35.5]% L=3 syn/n=13.57 (25.2m)
  gen 16 #20 F=0.3595 acc=[35.5 37.6 36.9]% L=2 syn/n=12.61 (25.3m)
  gen 16 #21 F=0.3626 acc=[36.2 36.6 37.9]% L=2 syn/n=13.92 (25.3m)
  gen 16 #22 F=0.3587 acc=[35.5 36.2 38.4]% L=2 syn/n=10.97 (25.3m)
  gen 16 #23 F=0.3734 acc=[36.8 38.7 38.4]% L=2 syn/n=11.05 (25.4m)
gen 16: best F=0.3846 acc=[39.6 38.2 39.1]% mean F=0.3675 · {"n_layers":2,"inhib_frac":0.2110870692457648,"ff_fan":28,"rec_fan":0,"skip_fan":0,"fb_fan":0,"inh_fan":2,"w_exc":0.2698441127847543,"w_inh":1.0059411042561872,"rec_gain":0.18018629100553712,"fb_gain":0.60897735867606,"delay_scale":2.219774462459647}
  gen 17 # 0 F=0.3708 acc=[35.8 39.6 39.1]% L=2 syn/n=11.44 (25.4m)
  gen 17 # 1 F=0.3585 acc=[35.8 35.7 39.2]% L=2 syn/n=11 (25.4m)
  gen 17 # 2 F=0.3858 acc=[39.6 39.0 38.5]% L=2 syn/n=12.22 (25.5m)
  gen 17 # 3 F=0.3779 acc=[39.7 37.3 38.6]% L=2 syn/n=13.33 (25.5m)
  gen 17 # 4 F=0.3592 acc=[35.8 36.1 38.1]% L=2 syn/n=11.39 (25.5m)
  gen 17 # 5 F=0.3636 acc=[35.9 36.8 39.2]% L=2 syn/n=11.05 (25.5m)
  gen 17 # 6 F=0.3693 acc=[35.8 38.5 39.7]% L=2 syn/n=11.55 (25.6m)
  gen 17 # 7 F=0.3625 acc=[35.8 37.0 38.4]% L=2 syn/n=12.55 (25.6m)
  gen 17 # 8 F=0.3667 acc=[35.8 38.6 38.0]% L=2 syn/n=8.68 (25.6m)
  gen 17 # 9 F=0.3589 acc=[35.8 36.1 38.0]% L=2 syn/n=11.39 (25.6m)
  gen 17 #10 F=0.3597 acc=[35.8 36.3 38.2]% L=2 syn/n=13.62 (25.7m)
  gen 17 #11 F=0.3559 acc=[35.8 37.1 36.0]% L=3 syn/n=20.54 (25.8m)
  gen 17 #12 F=0.3696 acc=[38.5 36.3 38.4]% L=2 syn/n=13.3 (25.8m)
  gen 17 #13 F=0.3720 acc=[39.1 36.2 39.2]% L=2 syn/n=12.18 (25.8m)
  gen 17 #14 F=0.3632 acc=[35.8 36.6 40.0]% L=2 syn/n=11.39 (25.9m)
  gen 17 #15 F=0.3669 acc=[35.8 37.7 39.5]% L=2 syn/n=10.25 (25.9m)
  gen 17 #16 F=0.3588 acc=[35.7 38.1 36.2]% L=2 syn/n=14.11 (25.9m)
  gen 17 #17 F=0.3672 acc=[35.7 38.4 38.9]% L=2 syn/n=12.22 (25.9m)
  gen 17 #18 F=0.3656 acc=[36.5 37.6 36.9]% L=2 syn/n=9.96 (26.0m)
  gen 17 #19 F=0.3724 acc=[38.9 36.5 38.6]% L=2 syn/n=12.17 (26.0m)
  gen 17 #20 F=0.3420 acc=[35.6 34.2 34.7]% L=3 syn/n=16.01 (26.8m)
  gen 17 #21 F=0.3748 acc=[39.1 36.8 38.8]% L=2 syn/n=11.39 (26.9m)
  gen 17 #22 F=0.3596 acc=[38.0 38.4 34.7]% L=2 syn/n=14.11 (27.1m)
  gen 17 #23 F=0.3621 acc=[35.8 36.7 38.9]% L=2 syn/n=12.68 (27.1m)
gen 17: best F=0.3858 acc=[39.6 39.0 38.5]% mean F=0.3651 · {"n_layers":2,"inhib_frac":0.2110870692457648,"ff_fan":28,"rec_fan":1,"skip_fan":0,"fb_fan":0,"inh_fan":2,"w_exc":0.2698441127847543,"w_inh":1.0059411042561872,"rec_gain":0.18018629100553712,"fb_gain":0.60897735867606,"delay_scale":2.219774462459647}
  gen 18 # 0 F=0.3075 acc=[30.3 31.9 32.0]% L=2 syn/n=12.18 (27.2m)
  gen 18 # 1 F=0.3104 acc=[30.3 33.1 32.4]% L=2 syn/n=13.29 (27.2m)
  gen 18 # 2 F=0.3051 acc=[30.3 30.9 32.3]% L=2 syn/n=11.33 (27.2m)
  gen 18 # 3 F=0.3131 acc=[30.3 33.0 33.5]% L=2 syn/n=12.12 (27.3m)
  gen 18 # 4 F=0.3061 acc=[30.3 31.1 32.6]% L=2 syn/n=12.13 (27.3m)
  gen 18 # 5 F=0.3097 acc=[30.3 32.5 32.4]% L=2 syn/n=11.39 (27.3m)
  gen 18 # 6 F=0.2954 acc=[30.3 30.5 29.6]% L=3 syn/n=18.82 (27.4m)
  gen 18 # 7 F=0.3055 acc=[29.9 32.5 32.0]% L=2 syn/n=18.58 (27.4m)
  gen 18 # 8 F=0.3038 acc=[30.3 31.4 31.0]% L=3 syn/n=14.07 (27.5m)
  gen 18 # 9 F=0.2964 acc=[30.3 30.9 29.5]% L=2 syn/n=14.06 (27.7m)
  gen 18 #10 F=0.2988 acc=[30.3 30.3 30.3]% L=4 syn/n=19.13 (27.8m)
  gen 18 #11 F=0.2993 acc=[30.3 30.2 30.6]% L=3 syn/n=16.33 (27.8m)
  gen 18 #12 F=0.3092 acc=[30.3 32.5 32.2]% L=2 syn/n=11.39 (27.8m)
  gen 18 #13 F=0.3070 acc=[30.3 31.8 32.0]% L=2 syn/n=12.78 (27.9m)
  gen 18 #14 F=0.3036 acc=[30.3 30.8 31.0]% L=2 syn/n=10.61 (27.9m)
  gen 18 #15 F=0.2957 acc=[30.3 29.4 30.9]% L=3 syn/n=14.46 (27.9m)
  gen 18 #16 F=0.3121 acc=[30.3 33.1 33.2]% L=2 syn/n=14.08 (27.9m)
  gen 18 #17 F=0.3073 acc=[30.3 31.5 32.6]% L=2 syn/n=12.13 (27.9m)
  gen 18 #18 F=0.3084 acc=[30.3 31.6 32.8]% L=2 syn/n=10.05 (28.0m)
  gen 18 #19 F=0.3043 acc=[30.3 30.8 32.4]% L=2 syn/n=13.24 (28.0m)
  gen 18 #20 F=0.3031 acc=[30.3 31.1 30.9]% L=2 syn/n=13 (28.0m)
  gen 18 #21 F=0.3067 acc=[30.6 32.0 31.2]% L=2 syn/n=14.35 (28.0m)
  gen 18 #22 F=0.3044 acc=[30.3 31.1 31.7]% L=2 syn/n=14.86 (28.1m)
  gen 18 #23 F=0.3079 acc=[30.3 31.8 32.4]% L=2 syn/n=12.2 (28.1m)
gen 18: best F=0.3131 acc=[30.3 33.0 33.5]% mean F=0.305 · {"n_layers":2,"inhib_frac":0.21572095929662177,"ff_fan":28,"rec_fan":1,"skip_fan":1,"fb_fan":0,"inh_fan":2,"w_exc":0.2698441127847543,"w_inh":1.0059411042561872,"rec_gain":0.05,"fb_gain":0.7410635019094356,"delay_scale":2.0809232313270383}
  gen 19 # 0 F=0.3613 acc=[35.3 37.6 38.1]% L=2 syn/n=12.27 (28.2m)
  gen 19 # 1 F=0.3557 acc=[35.3 35.8 38.9]% L=2 syn/n=14.23 (28.2m)
  gen 19 # 2 F=0.3546 acc=[35.3 35.8 37.7]% L=2 syn/n=13.45 (28.2m)
  gen 19 # 3 F=0.3535 acc=[35.3 35.6 37.2]% L=2 syn/n=11.53 (28.2m)
  gen 19 # 4 F=0.3580 acc=[35.3 36.5 38.1]% L=2 syn/n=11.53 (28.3m)
  gen 19 # 5 F=0.3537 acc=[35.3 35.7 36.7]% L=2 syn/n=10.1 (28.3m)
  gen 19 # 6 F=0.3426 acc=[35.3 37.1 33.3]% L=2 syn/n=9.75 (28.6m)
  gen 19 # 7 F=0.3552 acc=[35.3 36.0 37.5]% L=2 syn/n=12.87 (28.6m)
  gen 19 # 8 F=0.3565 acc=[35.3 36.1 37.9]% L=2 syn/n=11.49 (28.6m)
  gen 19 # 9 F=0.3562 acc=[35.3 36.0 38.2]% L=2 syn/n=11.87 (28.6m)
  gen 19 #10 F=0.3531 acc=[35.3 35.4 37.8]% L=2 syn/n=12.38 (28.6m)
  gen 19 #11 F=0.3541 acc=[35.3 35.7 37.1]% L=2 syn/n=11.95 (28.7m)
  gen 19 #12 F=0.3514 acc=[35.3 35.4 35.9]% L=2 syn/n=11.95 (28.7m)
  gen 19 #13 F=0.3560 acc=[35.3 36.0 37.9]% L=2 syn/n=12.31 (28.7m)
  gen 19 #14 F=0.3559 acc=[35.3 36.2 36.6]% L=2 syn/n=7.87 (28.7m)
  gen 19 #15 F=0.3530 acc=[35.3 35.8 36.2]% L=2 syn/n=13.45 (28.7m)
  gen 19 #16 F=0.3553 acc=[35.3 36.0 36.9]% L=2 syn/n=9.76 (28.8m)
  gen 19 #17 F=0.3578 acc=[35.3 38.1 36.5]% L=2 syn/n=12.45 (28.8m)
  gen 19 #18 F=0.3608 acc=[35.6 37.3 37.3]% L=2 syn/n=12.94 (28.8m)
  gen 19 #19 F=0.3544 acc=[35.3 35.8 38.5]% L=2 syn/n=17.76 (28.9m)
  gen 19 #20 F=0.3557 acc=[35.3 36.1 37.5]% L=2 syn/n=11.88 (28.9m)
  gen 19 #21 F=0.3516 acc=[35.3 35.1 37.4]% L=2 syn/n=12.27 (28.9m)
  gen 19 #22 F=0.3541 acc=[35.3 35.7 36.9]% L=2 syn/n=9.76 (28.9m)
  gen 19 #23 F=0.3513 acc=[35.3 35.3 36.4]% L=2 syn/n=12.49 (28.9m)
gen 19: best F=0.3613 acc=[35.3 37.6 38.1]% mean F=0.3547 · {"n_layers":2,"inhib_frac":0.21572095929662177,"ff_fan":28,"rec_fan":1,"skip_fan":1,"fb_fan":0,"inh_fan":2,"w_exc":0.2698441127847543,"w_inh":1.0059411042561872,"rec_gain":0.05,"fb_gain":0.7410635019094356,"delay_scale":2.0809232313270383}
v12-hand       F=0.3166 acc=[32.1 32.1 32.0]% L=4 syn/n=19.83
v13-winner     F=0.3305 acc=[33.3 33.1 34.0]% L=4 syn/n=11.11
v14-gen0-best  F=0.3385 acc=[33.6 35.2 34.8]% L=2 syn/n=16.92
v14-evolved    F=0.3364 acc=[32.1 36.2 36.2]% L=2 syn/n=12.16

checkpoint: /Users/marycarrigan/coding/morpho-snn/snn/experiments/results/evolve2-seed99.json
