v17 memory-selected evolution · seed 99 · pop 16 · gens 12 · scales [2000,8000] · tasks [recall2,recall4,parity3] · taps+bias readout only
  gen 0 # 0 F=0.0024 skill=0.017 recall4=[0.128,0.11] L=5 rec=14 (1.8m)
  gen 0 # 1 F=0.1550 skill=0.179 recall4=[0.216,0.243] L=4 rec=9 (1.9m)
  gen 0 # 2 F=0.3328 skill=0.363 recall4=[0.272,0.289] L=3 rec=3 (2.0m)
  gen 0 # 3 F=0.0835 skill=0.104 recall4=[0.154,0.212] L=4 rec=15 (2.8m)
  gen 0 # 4 F=0.0042 skill=0.018 recall4=[0.131,0.11] L=4 rec=14 (4.1m)
  gen 0 # 5 F=0.2577 skill=0.300 recall4=[0.245,0.11] L=2 rec=3 (4.3m)
  gen 0 # 6 F=0.0182 skill=0.034 recall4=[0.131,0.183] L=4 rec=11 (4.8m)
  gen 0 # 7 F=0.3136 skill=0.325 recall4=[0.302,0.276] L=3 rec=8 (4.9m)
  gen 0 # 8 F=0.1476 skill=0.164 recall4=[0.24,0.22] L=6 rec=16 (5.5m)
  gen 0 # 9 F=0.1576 skill=0.181 recall4=[0.242,0.285] L=6 rec=14 (6.0m)
  gen 0 #10 F=0.2098 skill=0.217 recall4=[0.284,0.209] L=3 rec=7 (6.1m)
  gen 0 #11 F=0.0836 skill=0.095 recall4=[0.184,0.177] L=6 rec=10 (7.2m)
  gen 0 #12 F=0.3316 skill=0.344 recall4=[0.281,0.248] L=3 rec=2 (7.3m)
  gen 0 #13 F=0.2211 skill=0.254 recall4=[0.237,0.253] L=4 rec=1 (7.4m)
  gen 0 #14 F=0.2349 skill=0.242 recall4=[0.266,0.312] L=5 rec=8 (7.4m)
  gen 0 #15 F=0.2617 skill=0.264 recall4=[0.32,0.262] L=3 rec=1 (7.4m)
gen 0: best F=0.3328 skill=0.363 tasks={"recall2":[0.485,0.436],"recall4":[0.272,0.289],"parity3":[0.672,0.857]} · {"n_layers":3,"inhib_frac":0.4805095204617828,"ff_fan":23,"rec_fan":3,"skip_fan":11,"fb_fan":3,"inh_fan":3,"w_exc":0.15314177612308413,"w_inh":0.20741864161100237,"rec_gain":0.3793599109514616,"fb_gain":0.18231688464293255,"delay_scale":1.2843242471921257}
  gen 1 # 0 F=0.3301 skill=0.355 recall4=[0.275,0.266] L=3 rec=3 (7.5m)
  gen 1 # 1 F=0.2809 skill=0.307 recall4=[0.302,0.268] L=3 rec=2 (7.6m)
  gen 1 # 2 F=0.3062 skill=0.316 recall4=[0.282,0.267] L=3 rec=8 (7.7m)
  gen 1 # 3 F=0.2628 skill=0.269 recall4=[0.286,0.283] L=3 rec=1 (7.7m)
  gen 1 # 4 F=0.2921 skill=0.310 recall4=[0.323,0.268] L=3 rec=6 (7.8m)
  gen 1 # 5 F=0.1971 skill=0.240 recall4=[0.321,0.218] L=3 rec=4 (7.8m)
  gen 1 # 6 F=0.2974 skill=0.301 recall4=[0.303,0.232] L=3 rec=2 (7.9m)
  gen 1 # 7 F=0.2234 skill=0.248 recall4=[0.275,0.267] L=4 rec=1 (7.9m)
  gen 1 # 8 F=0.2524 skill=0.261 recall4=[0.288,0.261] L=3 rec=8 (8.0m)
  gen 1 # 9 F=0.1532 skill=0.177 recall4=[0.282,0.271] L=3 rec=2 (8.1m)
  gen 1 #10 F=0.3140 skill=0.332 recall4=[0.276,0.294] L=3 rec=1 (8.2m)
  gen 1 #11 F=0.2201 skill=0.252 recall4=[0.281,0.227] L=3 rec=8 (8.2m)
  gen 1 #12 F=0.2042 skill=0.231 recall4=[0.231,0.291] L=4 rec=3 (8.3m)
  gen 1 #13 F=0.2092 skill=0.243 recall4=[0.274,0.286] L=4 rec=1 (8.3m)
  gen 1 #14 F=0.2561 skill=0.296 recall4=[0.254,0.258] L=3 rec=5 (8.4m)
  gen 1 #15 F=0.2856 skill=0.307 recall4=[0.317,0.267] L=3 rec=1 (8.5m)
gen 1: best F=0.3301 skill=0.355 tasks={"recall2":[0.492,0.439],"recall4":[0.275,0.266],"parity3":[0.67,0.841]} · {"n_layers":3,"inhib_frac":0.4805095204617828,"ff_fan":23,"rec_fan":3,"skip_fan":11,"fb_fan":3,"inh_fan":3,"w_exc":0.15314177612308413,"w_inh":0.20741864161100237,"rec_gain":0.3793599109514616,"fb_gain":0.18231688464293255,"delay_scale":1.2843242471921257}
  gen 2 # 0 F=0.3344 skill=0.344 recall4=[0.269,0.267] L=3 rec=3 (8.5m)
  gen 2 # 1 F=0.3454 skill=0.352 recall4=[0.289,0.249] L=3 rec=1 (8.6m)
  gen 2 # 2 F=0.2556 skill=0.277 recall4=[0.273,0.27] L=3 rec=8 (8.7m)
  gen 2 # 3 F=0.2627 skill=0.274 recall4=[0.241,0.26] L=3 rec=2 (8.7m)
  gen 2 # 4 F=0.3156 skill=0.333 recall4=[0.241,0.231] L=3 rec=0 (8.7m)
  gen 2 # 5 F=0.2840 skill=0.309 recall4=[0.268,0.254] L=3 rec=8 (8.8m)
  gen 2 # 6 F=0.3588 skill=0.374 recall4=[0.322,0.265] L=3 rec=2 (8.9m)
  gen 2 # 7 F=0.2600 skill=0.276 recall4=[0.312,0.252] L=3 rec=8 (9.0m)
  gen 2 # 8 F=0.2746 skill=0.280 recall4=[0.185,0.261] L=5 rec=1 (9.4m)
  gen 2 # 9 F=0.0365 skill=0.078 recall4=[0.239,0.124] L=3 rec=8 (9.6m)
  gen 2 #10 F=0.1985 skill=0.225 recall4=[0.253,0.215] L=3 rec=3 (9.7m)
  gen 2 #11 F=0.2324 skill=0.250 recall4=[0.246,0.255] L=3 rec=1 (9.8m)
  gen 2 #12 F=0.2781 skill=0.309 recall4=[0.287,0.271] L=3 rec=8 (9.9m)
  gen 2 #13 F=0.2324 skill=0.258 recall4=[0.259,0.214] L=3 rec=1 (9.9m)
  gen 2 #14 F=0.2149 skill=0.245 recall4=[0.279,0.259] L=3 rec=4 (10.0m)
  gen 2 #15 F=0.2684 skill=0.302 recall4=[0.279,0.268] L=3 rec=1 (10.0m)
gen 2: best F=0.3588 skill=0.374 tasks={"recall2":[0.495,0.388],"recall4":[0.322,0.265],"parity3":[0.776,0.791]} · {"n_layers":3,"inhib_frac":0.5482501449957731,"ff_fan":15,"rec_fan":2,"skip_fan":6,"fb_fan":5,"inh_fan":3,"w_exc":0.18981296061002761,"w_inh":0.28231013391086873,"rec_gain":0.8084222321231307,"fb_gain":0.1275651028889086,"delay_scale":1.2843242471921257}
  gen 3 # 0 F=0.3185 skill=0.325 recall4=[0.331,0.267] L=3 rec=2 (10.1m)
  gen 3 # 1 F=0.2611 skill=0.301 recall4=[0.279,0.293] L=3 rec=1 (10.1m)
  gen 3 # 2 F=0.2731 skill=0.281 recall4=[0.284,0.265] L=3 rec=3 (10.2m)
  gen 3 # 3 F=0.2947 skill=0.301 recall4=[0.307,0.262] L=3 rec=0 (10.3m)
  gen 3 # 4 F=0.3360 skill=0.342 recall4=[0.288,0.244] L=2 rec=2 (10.3m)
  gen 3 # 5 F=0.2976 skill=0.309 recall4=[0.296,0.273] L=3 rec=0 (10.3m)
  gen 3 # 6 F=0.2390 skill=0.267 recall4=[0.281,0.226] L=3 rec=1 (10.4m)
  gen 3 # 7 F=0.1960 skill=0.207 recall4=[0.233,0.127] L=3 rec=0 (11.8m)
  gen 3 # 8 F=0.2052 skill=0.245 recall4=[0.303,0.245] L=3 rec=0 (11.9m)
  gen 3 # 9 F=0.2598 skill=0.281 recall4=[0.284,0.266] L=3 rec=0 (11.9m)
  gen 3 #10 F=0.1644 skill=0.178 recall4=[0.117,0.303] L=3 rec=0 (12.8m)
  gen 3 #11 F=0.2077 skill=0.235 recall4=[0.273,0.159] L=4 rec=1 (13.9m)
  gen 3 #12 F=0.1561 skill=0.195 recall4=[0.249,0.222] L=3 rec=0 (13.9m)
  gen 3 #13 F=0.2823 skill=0.297 recall4=[0.279,0.3] L=3 rec=0 (13.9m)
  gen 3 #14 F=0.2290 skill=0.255 recall4=[0.305,0.236] L=3 rec=3 (14.0m)
  gen 3 #15 F=0.2703 skill=0.286 recall4=[0.252,0.268] L=3 rec=1 (14.1m)
gen 3: best F=0.3360 skill=0.342 tasks={"recall2":[0.451,0.391],"recall4":[0.288,0.244],"parity3":[0.748,0.779]} · {"n_layers":2,"inhib_frac":0.5482501449957731,"ff_fan":15,"rec_fan":2,"skip_fan":8,"fb_fan":5,"inh_fan":3,"w_exc":0.18981296061002761,"w_inh":0.28231013391086873,"rec_gain":1.0826641120801468,"fb_gain":0.1275651028889086,"delay_scale":0.7711555787141874}
  gen 4 # 0 F=0.3078 skill=0.325 recall4=[0.266,0.237] L=2 rec=2 (14.1m)
  gen 4 # 1 F=0.3584 skill=0.366 recall4=[0.298,0.256] L=3 rec=2 (14.2m)
  gen 4 # 2 F=0.2463 skill=0.281 recall4=[0.266,0.277] L=3 rec=0 (14.2m)
  gen 4 # 3 F=0.1922 skill=0.236 recall4=[0.223,0.243] L=3 rec=0 (14.2m)
  gen 4 # 4 F=0.2969 skill=0.319 recall4=[0.297,0.274] L=3 rec=2 (14.3m)
  gen 4 # 5 F=0.2959 skill=0.310 recall4=[0.229,0.265] L=2 rec=2 (14.3m)
  gen 4 # 6 F=0.3202 skill=0.328 recall4=[0.257,0.272] L=3 rec=0 (14.4m)
  gen 4 # 7 F=0.2643 skill=0.285 recall4=[0.255,0.245] L=4 rec=2 (14.4m)
  gen 4 # 8 F=0.3511 skill=0.358 recall4=[0.315,0.263] L=2 rec=2 (14.5m)
  gen 4 # 9 F=0.2895 skill=0.308 recall4=[0.289,0.251] L=3 rec=0 (14.5m)
  gen 4 #10 F=0.2905 skill=0.308 recall4=[0.275,0.27] L=3 rec=0 (14.6m)
  gen 4 #11 F=0.3377 skill=0.351 recall4=[0.298,0.258] L=2 rec=2 (14.6m)
  gen 4 #12 F=0.2324 skill=0.258 recall4=[0.247,0.245] L=2 rec=0 (14.6m)
  gen 4 #13 F=0.2561 skill=0.300 recall4=[0.238,0.288] L=3 rec=0 (14.7m)
  gen 4 #14 F=0.2152 skill=0.221 recall4=[0.305,0.259] L=4 rec=0 (14.7m)
  gen 4 #15 F=0.3618 skill=0.378 recall4=[0.312,0.288] L=3 rec=2 (14.8m)
gen 4: best F=0.3618 skill=0.378 tasks={"recall2":[0.533,0.412],"recall4":[0.312,0.288],"parity3":[0.768,0.768]} · {"n_layers":3,"inhib_frac":0.49230785197774607,"ff_fan":15,"rec_fan":2,"skip_fan":7,"fb_fan":5,"inh_fan":3,"w_exc":0.18981296061002761,"w_inh":0.28231013391086873,"rec_gain":0.8084222321231307,"fb_gain":0.11128469302904773,"delay_scale":1.5780476580721143}
  gen 5 # 0 F=0.2777 skill=0.305 recall4=[0.319,0.293] L=3 rec=2 (14.9m)
  gen 5 # 1 F=0.3102 skill=0.325 recall4=[0.323,0.261] L=3 rec=2 (14.9m)
  gen 5 # 2 F=0.3730 skill=0.379 recall4=[0.301,0.283] L=2 rec=2 (14.9m)
  gen 5 # 3 F=0.3737 skill=0.383 recall4=[0.326,0.277] L=2 rec=2 (15.0m)
  gen 5 # 4 F=0.3839 skill=0.386 recall4=[0.314,0.282] L=2 rec=2 (15.0m)
  gen 5 # 5 F=0.3397 skill=0.355 recall4=[0.325,0.266] L=2 rec=2 (15.1m)
  gen 5 # 6 F=0.3329 skill=0.341 recall4=[0.31,0.273] L=2 rec=1 (15.1m)
  gen 5 # 7 F=0.0732 skill=0.113 recall4=[0.284,0.147] L=3 rec=2 (15.1m)
  gen 5 # 8 F=0.3462 skill=0.358 recall4=[0.31,0.25] L=2 rec=3 (15.2m)
  gen 5 # 9 F=0.3447 skill=0.358 recall4=[0.334,0.28] L=2 rec=2 (15.2m)
  gen 5 #10 F=0.3645 skill=0.379 recall4=[0.302,0.297] L=2 rec=6 (15.3m)
  gen 5 #11 F=0.3222 skill=0.329 recall4=[0.322,0.26] L=2 rec=0 (15.3m)
  gen 5 #12 F=0.2792 skill=0.309 recall4=[0.319,0.288] L=3 rec=2 (15.4m)
  gen 5 #13 F=0.3508 skill=0.353 recall4=[0.289,0.251] L=2 rec=2 (15.4m)
  gen 5 #14 F=0.3568 skill=0.363 recall4=[0.297,0.273] L=2 rec=5 (15.4m)
  gen 5 #15 F=0.2770 skill=0.280 recall4=[0.342,0.271] L=3 rec=2 (15.5m)
gen 5: best F=0.3839 skill=0.386 tasks={"recall2":[0.497,0.424],"recall4":[0.314,0.282],"parity3":[0.757,0.82]} · {"n_layers":2,"inhib_frac":0.4566478172950626,"ff_fan":15,"rec_fan":2,"skip_fan":7,"fb_fan":6,"inh_fan":3,"w_exc":0.18981296061002761,"w_inh":0.28231013391086873,"rec_gain":1.0826641120801468,"fb_gain":0.06162372977097055,"delay_scale":1.3632952189464917}
  gen 6 # 0 F=0.3481 skill=0.361 recall4=[0.315,0.281] L=2 rec=2 (15.5m)
  gen 6 # 1 F=0.3395 skill=0.348 recall4=[0.313,0.283] L=2 rec=2 (15.6m)
  gen 6 # 2 F=0.3707 skill=0.378 recall4=[0.308,0.266] L=2 rec=2 (15.6m)
  gen 6 # 3 F=0.3672 skill=0.377 recall4=[0.272,0.28] L=2 rec=6 (15.7m)
  gen 6 # 4 F=0.3251 skill=0.345 recall4=[0.288,0.261] L=2 rec=7 (15.7m)
  gen 6 # 5 F=0.3478 skill=0.358 recall4=[0.315,0.279] L=2 rec=2 (15.8m)
  gen 6 # 6 F=0.3041 skill=0.331 recall4=[0.314,0.265] L=2 rec=4 (15.8m)
  gen 6 # 7 F=0.0884 skill=0.123 recall4=[0.263,0.135] L=2 rec=2 (15.8m)
  gen 6 # 8 F=0.2816 skill=0.287 recall4=[0.298,0.282] L=3 rec=2 (15.9m)
  gen 6 # 9 F=0.3500 skill=0.353 recall4=[0.299,0.277] L=2 rec=7 (15.9m)
  gen 6 #10 F=0.2906 skill=0.307 recall4=[0.319,0.273] L=2 rec=2 (16.0m)
  gen 6 #11 F=0.3726 skill=0.381 recall4=[0.313,0.271] L=2 rec=6 (16.0m)
  gen 6 #12 F=0.3308 skill=0.342 recall4=[0.297,0.278] L=2 rec=0 (16.1m)
  gen 6 #13 F=0.2668 skill=0.293 recall4=[0.289,0.27] L=3 rec=2 (16.1m)
  gen 6 #14 F=0.3293 skill=0.347 recall4=[0.301,0.294] L=2 rec=4 (16.2m)
  gen 6 #15 F=0.3461 skill=0.358 recall4=[0.29,0.268] L=2 rec=1 (16.2m)
gen 6: best F=0.3726 skill=0.381 tasks={"recall2":[0.493,0.395],"recall4":[0.313,0.271],"parity3":[0.733,0.856]} · {"n_layers":2,"inhib_frac":0.55,"ff_fan":15,"rec_fan":6,"skip_fan":7,"fb_fan":6,"inh_fan":2,"w_exc":0.18981296061002761,"w_inh":0.3246348197677488,"rec_gain":0.8084222321231307,"fb_gain":0.22914444915881343,"delay_scale":1.5193579915008393}
  gen 7 # 0 F=0.3423 skill=0.354 recall4=[0.31,0.271] L=2 rec=6 (16.2m)
  gen 7 # 1 F=0.3690 skill=0.372 recall4=[0.315,0.264] L=2 rec=2 (16.3m)
  gen 7 # 2 F=0.3408 skill=0.345 recall4=[0.278,0.277] L=2 rec=6 (16.3m)
  gen 7 # 3 F=0.3403 skill=0.349 recall4=[0.254,0.26] L=2 rec=7 (16.4m)
  gen 7 # 4 F=0.3368 skill=0.349 recall4=[0.331,0.265] L=2 rec=6 (16.4m)
  gen 7 # 5 F=0.3541 skill=0.360 recall4=[0.299,0.267] L=2 rec=2 (16.5m)
  gen 7 # 6 F=0.3407 skill=0.350 recall4=[0.26,0.264] L=2 rec=7 (16.5m)
  gen 7 # 7 F=0.3210 skill=0.327 recall4=[0.291,0.267] L=2 rec=6 (16.5m)
  gen 7 # 8 F=0.2047 skill=0.211 recall4=[0.242,0.214] L=2 rec=6 (16.6m)
  gen 7 # 9 F=0.2386 skill=0.256 recall4=[0.274,0.262] L=2 rec=7 (16.6m)
  gen 7 #10 F=0.3238 skill=0.345 recall4=[0.292,0.234] L=2 rec=7 (16.6m)
  gen 7 #11 F=0.3823 skill=0.387 recall4=[0.276,0.265] L=2 rec=3 (16.7m)
  gen 7 #12 F=0.3424 skill=0.349 recall4=[0.28,0.246] L=2 rec=6 (16.7m)
  gen 7 #13 F=0.0776 skill=0.104 recall4=[0.25,0.193] L=2 rec=6 (16.8m)
  gen 7 #14 F=0.0810 skill=0.097 recall4=[0.233,0.211] L=2 rec=6 (16.8m)
  gen 7 #15 F=0.3492 skill=0.359 recall4=[0.324,0.297] L=2 rec=6 (16.8m)
gen 7: best F=0.3823 skill=0.387 tasks={"recall2":[0.477,0.445],"recall4":[0.276,0.265],"parity3":[0.804,0.808]} · {"n_layers":2,"inhib_frac":0.55,"ff_fan":15,"rec_fan":3,"skip_fan":2,"fb_fan":5,"inh_fan":5,"w_exc":0.22221611141906478,"w_inh":0.17046844939236983,"rec_gain":0.8084222321231307,"fb_gain":0.1275651028889086,"delay_scale":0.9428974520009682}
  gen 8 # 0 F=0.3662 skill=0.381 recall4=[0.281,0.252] L=2 rec=3 (16.9m)
  gen 8 # 1 F=0.3509 skill=0.360 recall4=[0.284,0.26] L=2 rec=2 (16.9m)
  gen 8 # 2 F=0.2952 skill=0.315 recall4=[0.224,0.298] L=2 rec=2 (16.9m)
  gen 8 # 3 F=0.3228 skill=0.333 recall4=[0.282,0.267] L=2 rec=6 (17.0m)
  gen 8 # 4 F=0.3558 skill=0.365 recall4=[0.306,0.265] L=2 rec=3 (17.0m)
  gen 8 # 5 F=0.3642 skill=0.370 recall4=[0.285,0.26] L=2 rec=0 (17.1m)
  gen 8 # 6 F=0.1539 skill=0.199 recall4=[0.249,0.163] L=2 rec=3 (17.1m)
  gen 8 # 7 F=0.3326 skill=0.347 recall4=[0.329,0.276] L=2 rec=0 (17.2m)
  gen 8 # 8 F=0.3538 skill=0.365 recall4=[0.26,0.227] L=2 rec=3 (17.2m)
  gen 8 # 9 F=0.3488 skill=0.357 recall4=[0.304,0.252] L=2 rec=2 (17.2m)
  gen 8 #10 F=0.3590 skill=0.376 recall4=[0.309,0.343] L=2 rec=3 (17.3m)
  gen 8 #11 F=0.2359 skill=0.257 recall4=[0.289,0.303] L=3 rec=11 (17.3m)
  gen 8 #12 F=0.3129 skill=0.333 recall4=[0.272,0.255] L=3 rec=0 (17.4m)
  gen 8 #13 F=0.3215 skill=0.327 recall4=[0.32,0.23] L=2 rec=2 (17.4m)
  gen 8 #14 F=0.3199 skill=0.346 recall4=[0.252,0.263] L=2 rec=6 (17.5m)
  gen 8 #15 F=0.3802 skill=0.391 recall4=[0.302,0.258] L=2 rec=3 (17.6m)
gen 8: best F=0.3802 skill=0.391 tasks={"recall2":[0.411,0.481],"recall4":[0.302,0.258],"parity3":[0.85,0.779]} · {"n_layers":2,"inhib_frac":0.55,"ff_fan":15,"rec_fan":3,"skip_fan":2,"fb_fan":6,"inh_fan":2,"w_exc":0.25734382351913465,"w_inh":0.17046844939236983,"rec_gain":0.8084222321231307,"fb_gain":0.05,"delay_scale":0.9428974520009682}
  gen 9 # 0 F=0.3474 skill=0.358 recall4=[0.267,0.248] L=2 rec=3 (17.6m)
  gen 9 # 1 F=0.3715 skill=0.378 recall4=[0.264,0.269] L=2 rec=3 (17.7m)
  gen 9 # 2 F=0.3415 skill=0.361 recall4=[0.312,0.256] L=2 rec=0 (17.7m)
  gen 9 # 3 F=0.3832 skill=0.405 recall4=[0.336,0.382] L=2 rec=3 (17.8m)
  gen 9 # 4 F=0.4119 skill=0.416 recall4=[0.296,0.291] L=2 rec=1 (17.8m)
  gen 9 # 5 F=0.3894 skill=0.397 recall4=[0.3,0.263] L=2 rec=3 (17.8m)
  gen 9 # 6 F=0.3821 skill=0.387 recall4=[0.265,0.267] L=2 rec=3 (17.9m)
  gen 9 # 7 F=0.3724 skill=0.377 recall4=[0.316,0.274] L=2 rec=3 (17.9m)
  gen 9 # 8 F=0.1639 skill=0.200 recall4=[0.251,0.222] L=2 rec=0 (18.0m)
  gen 9 # 9 F=0.3899 skill=0.394 recall4=[0.325,0.278] L=2 rec=0 (18.0m)
  gen 9 #10 F=0.3703 skill=0.393 recall4=[0.297,0.277] L=2 rec=2 (18.1m)
  gen 9 #11 F=0.3963 skill=0.406 recall4=[0.319,0.295] L=2 rec=1 (18.1m)
  gen 9 #12 F=0.3704 skill=0.373 recall4=[0.297,0.233] L=2 rec=3 (18.2m)
  gen 9 #13 F=0.3115 skill=0.352 recall4=[0.254,0.249] L=3 rec=1 (18.2m)
  gen 9 #14 F=0.3561 skill=0.398 recall4=[0.325,0.227] L=2 rec=3 (18.3m)
  gen 9 #15 F=0.3971 skill=0.400 recall4=[0.314,0.283] L=2 rec=3 (18.3m)
gen 9: best F=0.4119 skill=0.416 tasks={"recall2":[0.516,0.486],"recall4":[0.296,0.291],"parity3":[0.794,0.831]} · {"n_layers":2,"inhib_frac":0.55,"ff_fan":11,"rec_fan":1,"skip_fan":9,"fb_fan":5,"inh_fan":2,"w_exc":0.25947126280653954,"w_inh":0.28231013391086873,"rec_gain":0.799851442347829,"fb_gain":0.08307782366745875,"delay_scale":1.619549049080089}
  gen 10 # 0 F=0.4059 skill=0.408 recall4=[0.317,0.299] L=2 rec=1 (18.4m)
  gen 10 # 1 F=0.3982 skill=0.405 recall4=[0.316,0.272] L=2 rec=3 (18.4m)
  gen 10 # 2 F=0.3469 skill=0.360 recall4=[0.28,0.253] L=2 rec=1 (18.5m)
  gen 10 # 3 F=0.3909 skill=0.395 recall4=[0.337,0.257] L=2 rec=0 (18.5m)
  gen 10 # 4 F=0.1789 skill=0.225 recall4=[0.249,0.228] L=2 rec=0 (18.5m)
  gen 10 # 5 F=0.4181 skill=0.423 recall4=[0.313,0.309] L=2 rec=1 (18.6m)
  gen 10 # 6 F=0.3400 skill=0.393 recall4=[0.314,0.288] L=2 rec=1 (18.6m)
  gen 10 # 7 F=0.3327 skill=0.365 recall4=[0.289,0.234] L=2 rec=0 (18.7m)
  gen 10 # 8 F=0.3805 skill=0.400 recall4=[0.294,0.246] L=2 rec=0 (18.7m)
  gen 10 # 9 F=0.3204 skill=0.359 recall4=[0.282,0.253] L=2 rec=1 (18.7m)
  gen 10 #10 F=0.2659 skill=0.281 recall4=[0.248,0.26] L=3 rec=2 (18.8m)
  gen 10 #11 F=0.3831 skill=0.394 recall4=[0.295,0.265] L=2 rec=0 (18.8m)
  gen 10 #12 F=0.2591 skill=0.287 recall4=[0.229,0.247] L=3 rec=3 (18.9m)
  gen 10 #13 F=0.2421 skill=0.276 recall4=[0.27,0.239] L=2 rec=0 (18.9m)
  gen 10 #14 F=0.2115 skill=0.221 recall4=[0.274,0.244] L=2 rec=4 (19.0m)
  gen 10 #15 F=0.2403 skill=0.288 recall4=[0.251,0.259] L=2 rec=6 (19.0m)
gen 10: best F=0.4181 skill=0.423 tasks={"recall2":[0.544,0.419],"recall4":[0.313,0.309],"parity3":[0.798,0.85]} · {"n_layers":2,"inhib_frac":0.55,"ff_fan":11,"rec_fan":1,"skip_fan":8,"fb_fan":4,"inh_fan":2,"w_exc":0.25947126280653954,"w_inh":0.28231013391086873,"rec_gain":0.799851442347829,"fb_gain":0.11748690742904712,"delay_scale":1.619549049080089}
  gen 11 # 0 F=0.4326 skill=0.435 recall4=[0.296,0.287] L=2 rec=1 (19.1m)
  gen 11 # 1 F=0.4241 skill=0.429 recall4=[0.3,0.283] L=2 rec=1 (19.1m)
  gen 11 # 2 F=0.3560 skill=0.370 recall4=[0.307,0.26] L=2 rec=3 (19.2m)
  gen 11 # 3 F=0.3783 skill=0.390 recall4=[0.323,0.282] L=2 rec=0 (19.2m)
  gen 11 # 4 F=0.3596 skill=0.367 recall4=[0.293,0.269] L=2 rec=0 (19.3m)
  gen 11 # 5 F=0.4065 skill=0.423 recall4=[0.318,0.27] L=2 rec=0 (19.3m)
  gen 11 # 6 F=0.4496 skill=0.457 recall4=[0.347,0.291] L=2 rec=2 (19.3m)
  gen 11 # 7 F=0.4066 skill=0.420 recall4=[0.278,0.293] L=2 rec=1 (19.4m)
  gen 11 # 8 F=0.3908 skill=0.407 recall4=[0.336,0.238] L=2 rec=2 (19.5m)
  gen 11 # 9 F=0.3469 skill=0.366 recall4=[0.324,0.251] L=2 rec=0 (19.5m)
  gen 11 #10 F=0.2616 skill=0.282 recall4=[0.302,0.264] L=3 rec=0 (19.6m)
  gen 11 #11 F=0.3674 skill=0.383 recall4=[0.283,0.256] L=2 rec=0 (19.6m)
  gen 11 #12 F=0.3495 skill=0.356 recall4=[0.215,0.234] L=2 rec=7 (19.8m)
  gen 11 #13 F=0.4078 skill=0.417 recall4=[0.301,0.255] L=2 rec=0 (19.8m)
  gen 11 #14 F=0.3821 skill=0.396 recall4=[0.362,0.294] L=2 rec=4 (19.9m)
  gen 11 #15 F=0.3537 skill=0.370 recall4=[0.307,0.294] L=2 rec=1 (19.9m)
gen 11: best F=0.4496 skill=0.457 tasks={"recall2":[0.486,0.442],"recall4":[0.347,0.291],"parity3":[0.872,0.891]} · {"n_layers":2,"inhib_frac":0.4554134168571308,"ff_fan":6,"rec_fan":2,"skip_fan":0,"fb_fan":5,"inh_fan":7,"w_exc":0.3709572708993395,"w_inh":0.2794161925437068,"rec_gain":0.6992034598365839,"fb_gain":0.05,"delay_scale":1.5350328506217656}
v12-hand      F=0.1888 skill=0.208 tasks={"recall2":[0.422,0.118],"recall4":[0.232,0.118],"parity3":[0.628,0.766]} rec_fan=6
v14-winner    F=0.3864 skill=0.406 tasks={"recall2":[0.511,0.435],"recall4":[0.287,0.273],"parity3":[0.85,0.793]} rec_fan=1
gen0-best     F=0.3540 skill=0.359 tasks={"recall2":[0.531,0.437],"recall4":[0.257,0.297],"parity3":[0.724,0.77]} rec_fan=3
evolved-best  F=0.4044 skill=0.412 tasks={"recall2":[0.455,0.419],"recall4":[0.339,0.296],"parity3":[0.825,0.834]} rec_fan=2

checkpoint: /Users/marycarrigan/coding/morpho-snn/snn/experiments/results/evolve3-seed99.json
