v14 structural evolution · seed 42 · pop 24 · gens 20 · scales [2000,4000,8000] · 12 genes (incl n_layers) · test 3000
  gen 0 # 0 F=0.3225 acc=[32.8 32.6 33.2]% L=4 syn/n=24.91 (7.3m)
  gen 0 # 1 F=0.3236 acc=[32.9 32.9 33.2]% L=4 syn/n=26.79 (11.9m)
  gen 0 # 2 F=0.2945 acc=[27.5 32.9 32.4]% L=5 syn/n=12.76 (14.4m)
  gen 0 # 3 F=0.3242 acc=[33.0 32.5 33.0]% L=5 syn/n=15 (15.2m)
  gen 0 # 4 F=0.3245 acc=[33.0 33.0 33.3]% L=5 syn/n=27.61 (16.5m)
  gen 0 # 5 F=0.3208 acc=[32.5 32.9 32.8]% L=4 syn/n=28.94 (21.7m)
  gen 0 # 6 F=0.3268 acc=[33.0 32.9 33.1]% L=5 syn/n=13.51 (21.7m)
  gen 0 # 7 F=0.3317 acc=[33.4 33.8 33.8]% L=4 syn/n=20.58 (21.7m)
  gen 0 # 8 F=0.3221 acc=[32.9 32.9 32.8]% L=3 syn/n=31.5 (26.2m)
  gen 0 # 9 F=0.3257 acc=[33.4 32.9 33.0]% L=3 syn/n=21.21 (26.2m)
  gen 0 #10 F=0.3222 acc=[32.0 33.2 32.9]% L=3 syn/n=11.4 (28.7m)
  gen 0 #11 F=0.3277 acc=[33.0 33.4 33.9]% L=3 syn/n=22.6 (28.8m)
  gen 0 #12 F=0.3230 acc=[32.4 33.3 33.1]% L=5 syn/n=23.44 (31.7m)
v14 structural evolution · seed 42 · pop 24 · gens 20 · scales [2000,4000,8000] · 12 genes (incl n_layers) · test 3000
  gen 0 # 0 F=0.3225 acc=[32.8 32.6 33.2]% L=4 syn/n=24.91 (1.7m)
  gen 0 # 1 F=0.3236 acc=[32.9 32.9 33.2]% L=4 syn/n=26.79 (2.7m)
  gen 0 # 2 F=0.2945 acc=[27.5 32.9 32.4]% L=5 syn/n=12.76 (3.3m)
  gen 0 # 3 F=0.3242 acc=[33.0 32.5 33.0]% L=5 syn/n=15 (3.6m)
  gen 0 # 4 F=0.3245 acc=[33.0 33.0 33.3]% L=5 syn/n=27.61 (3.9m)
  gen 0 # 5 F=0.3208 acc=[32.5 32.9 32.8]% L=4 syn/n=28.94 (5.3m)
  gen 0 # 6 F=0.3268 acc=[33.0 32.9 33.1]% L=5 syn/n=13.51 (5.3m)
  gen 0 # 7 F=0.3317 acc=[33.4 33.8 33.8]% L=4 syn/n=20.58 (5.3m)
  gen 0 # 8 F=0.3221 acc=[32.9 32.9 32.8]% L=3 syn/n=31.5 (6.8m)
  gen 0 # 9 F=0.3257 acc=[33.4 32.9 33.0]% L=3 syn/n=21.21 (6.8m)
  gen 0 #10 F=0.3222 acc=[32.0 33.2 32.9]% L=3 syn/n=11.4 (7.8m)
  gen 0 #11 F=0.3277 acc=[33.0 33.4 33.9]% L=3 syn/n=22.6 (7.8m)
  gen 0 #12 F=0.3230 acc=[32.4 33.3 33.1]% L=5 syn/n=23.44 (9.0m)
  gen 0 #13 F=0.3254 acc=[32.8 33.0 33.8]% L=4 syn/n=21.38 (9.0m)
  gen 0 #14 F=0.3407 acc=[35.5 35.4 33.5]% L=2 syn/n=14.55 (9.0m)
  gen 0 #15 F=0.3282 acc=[33.2 33.5 33.7]% L=3 syn/n=26.26 (9.1m)
  gen 0 #16 F=0.3246 acc=[32.9 33.0 33.0]% L=6 syn/n=23.26 (9.1m)
  gen 0 #17 F=0.2826 acc=[33.0 27.8 29.0]% L=4 syn/n=27.91 (9.5m)
  gen 0 #18 F=0.3326 acc=[33.0 35.1 34.6]% L=2 syn/n=26.62 (9.5m)
  gen 0 #19 F=0.3288 acc=[33.0 33.8 33.8]% L=3 syn/n=23.43 (9.6m)
  gen 0 #20 F=0.3290 acc=[33.4 33.3 33.4]% L=5 syn/n=22.26 (9.6m)
  gen 0 #21 F=0.3204 acc=[33.0 33.1 31.9]% L=3 syn/n=17.19 (9.7m)
  gen 0 #22 F=0.3292 acc=[33.1 34.3 33.9]% L=3 syn/n=29.57 (9.7m)
  gen 0 #23 F=0.3302 acc=[33.0 33.5 34.6]% L=3 syn/n=17.24 (9.7m)
gen 0: best F=0.3407 acc=[35.5 35.4 33.5]% mean F=0.3234 · {"n_layers":2,"inhib_frac":0.22598087759688495,"ff_fan":8,"rec_fan":8,"skip_fan":2,"fb_fan":6,"inh_fan":13,"w_exc":0.15759555473923684,"w_inh":0.4401922913384624,"rec_gain":0.6225484081194737,"fb_gain":0.7226682099979371,"delay_scale":0.6115058796363882}
  gen 1 # 0 F=0.3749 acc=[37.6 37.9 38.3]% L=2 syn/n=14.55 (9.7m)
  gen 1 # 1 F=0.3726 acc=[37.5 38.2 38.1]% L=2 syn/n=26.58 (9.8m)
  gen 1 # 2 F=0.3743 acc=[38.1 37.9 37.8]% L=4 syn/n=20.41 (9.8m)
  gen 1 # 3 F=0.3753 acc=[37.8 37.7 39.0]% L=3 syn/n=17.19 (9.8m)
  gen 1 # 4 F=0.3709 acc=[37.6 37.7 38.0]% L=3 syn/n=29.52 (9.8m)
  gen 1 # 5 F=0.3667 acc=[37.1 37.6 37.0]% L=5 syn/n=22.21 (9.9m)
  gen 1 # 6 F=0.3685 acc=[37.5 37.7 37.4]% L=3 syn/n=32.26 (9.9m)
  gen 1 # 7 F=0.3703 acc=[37.6 37.6 37.6]% L=3 syn/n=30.22 (9.9m)
  gen 1 # 8 F=0.3718 acc=[37.6 37.3 37.5]% L=2 syn/n=12.33 (9.9m)
  gen 1 # 9 F=0.3714 acc=[37.6 37.4 38.4]% L=3 syn/n=23.62 (10.0m)
  gen 1 #10 F=0.3723 acc=[37.3 37.6 38.5]% L=3 syn/n=15.56 (10.0m)
  gen 1 #11 F=0.3635 acc=[37.0 37.7 36.5]% L=5 syn/n=22.21 (10.0m)
  gen 1 #12 F=0.3695 acc=[36.5 37.8 38.6]% L=2 syn/n=13.49 (10.2m)
  gen 1 #13 F=0.3731 acc=[37.7 37.7 37.7]% L=4 syn/n=19.42 (10.2m)
  gen 1 #14 F=0.3745 acc=[37.6 37.9 37.8]% L=2 syn/n=11.61 (10.2m)
  gen 1 #15 F=0.3689 acc=[37.6 37.6 37.3]% L=4 syn/n=28.46 (10.2m)
  gen 1 #16 F=0.3738 acc=[38.1 37.8 37.5]% L=2 syn/n=15 (10.3m)
  gen 1 #17 F=0.3762 acc=[37.9 37.9 38.0]% L=2 syn/n=13.56 (10.3m)
  gen 1 #18 F=0.3761 acc=[37.6 38.2 38.3]% L=3 syn/n=14.3 (10.3m)
  gen 1 #19 F=0.3682 acc=[37.0 37.6 38.2]% L=2 syn/n=28.42 (10.4m)
  gen 1 #20 F=0.3685 acc=[37.9 37.5 37.0]% L=5 syn/n=21.79 (10.5m)
  gen 1 #21 F=0.3693 acc=[37.8 37.8 36.9]% L=5 syn/n=18.62 (10.6m)
  gen 1 #22 F=0.3661 acc=[37.1 37.5 36.9]% L=4 syn/n=20.41 (10.7m)
  gen 1 #23 F=0.3696 acc=[37.4 37.8 37.2]% L=5 syn/n=20.19 (10.7m)
gen 1: best F=0.3762 acc=[37.9 37.9 38.0]% mean F=0.3711 · {"n_layers":2,"inhib_frac":0.22598087759688495,"ff_fan":3,"rec_fan":8,"skip_fan":2,"fb_fan":5,"inh_fan":19,"w_exc":0.15759555473923684,"w_inh":0.4401922913384624,"rec_gain":0.49319042216963443,"fb_gain":0.6808200867012023,"delay_scale":0.6115058796363882}
  gen 2 # 0 F=0.3573 acc=[35.9 36.3 36.1]% L=2 syn/n=13.58 (10.7m)
  gen 2 # 1 F=0.3612 acc=[35.9 36.4 38.5]% L=3 syn/n=14.29 (10.8m)
  gen 2 # 2 F=0.3596 acc=[35.9 36.5 37.5]% L=3 syn/n=17.19 (10.8m)
  gen 2 # 3 F=0.3611 acc=[36.8 36.5 36.2]% L=2 syn/n=14.55 (10.9m)
  gen 2 # 4 F=0.3599 acc=[37.2 35.6 36.8]% L=2 syn/n=11.61 (10.9m)
  gen 2 # 5 F=0.3565 acc=[36.5 36.1 36.0]% L=4 syn/n=20.39 (10.9m)
  gen 2 # 6 F=0.3601 acc=[35.9 36.8 36.7]% L=3 syn/n=13.08 (11.0m)
  gen 2 # 7 F=0.3582 acc=[36.0 36.5 36.4]% L=3 syn/n=18.15 (11.0m)
  gen 2 # 8 F=0.3524 acc=[35.9 35.6 35.6]% L=4 syn/n=18.04 (11.1m)
  gen 2 # 9 F=0.3584 acc=[35.9 36.2 37.5]% L=3 syn/n=17.48 (11.2m)
  gen 2 #10 F=0.3561 acc=[36.1 35.8 35.8]% L=2 syn/n=11.67 (11.2m)
  gen 2 #11 F=0.3524 acc=[35.7 35.8 36.0]% L=4 syn/n=27.08 (11.2m)
  gen 2 #12 F=0.3605 acc=[35.9 37.0 36.8]% L=3 syn/n=15.36 (11.3m)
  gen 2 #13 F=0.3547 acc=[36.0 35.8 36.1]% L=4 syn/n=20.88 (11.3m)
  gen 2 #14 F=0.3488 acc=[35.9 35.0 35.2]% L=3 syn/n=13.29 (12.7m)
  gen 2 #15 F=0.3654 acc=[36.9 36.7 36.9]% L=2 syn/n=13.16 (12.7m)
  gen 2 #16 F=0.3580 acc=[36.1 37.3 36.0]% L=2 syn/n=17.94 (12.8m)
  gen 2 #17 F=0.3607 acc=[35.9 36.9 37.1]% L=3 syn/n=14.83 (12.8m)
  gen 2 #18 F=0.3566 acc=[36.8 36.0 35.9]% L=2 syn/n=17.62 (12.9m)
  gen 2 #19 F=0.3548 acc=[36.0 35.7 36.2]% L=4 syn/n=19.56 (12.9m)
  gen 2 #20 F=0.3566 acc=[35.9 36.2 35.9]% L=2 syn/n=14.55 (12.9m)
  gen 2 #21 F=0.3577 acc=[36.0 36.1 36.1]% L=2 syn/n=12.18 (12.9m)
  gen 2 #22 F=0.3561 acc=[35.9 35.9 35.9]% L=3 syn/n=14.03 (13.0m)
  gen 2 #23 F=0.3637 acc=[36.0 37.5 37.2]% L=2 syn/n=9.45 (13.0m)
gen 2: best F=0.3654 acc=[36.9 36.7 36.9]% mean F=0.3578 · {"n_layers":2,"inhib_frac":0.22598087759688495,"ff_fan":8,"rec_fan":7,"skip_fan":2,"fb_fan":5,"inh_fan":12,"w_exc":0.1755606501892464,"w_inh":0.6723920093541172,"rec_gain":0.6908139352949805,"fb_gain":0.6717521964328167,"delay_scale":0.6115058796363882}
  gen 3 # 0 F=0.3540 acc=[35.3 36.4 36.0]% L=2 syn/n=13.16 (13.1m)
  gen 3 # 1 F=0.3676 acc=[37.1 36.9 37.0]% L=2 syn/n=9.5 (13.2m)
  gen 3 # 2 F=0.3604 acc=[35.8 36.6 37.9]% L=3 syn/n=14.34 (13.3m)
  gen 3 # 3 F=0.3580 acc=[36.4 36.5 35.8]% L=2 syn/n=14.54 (13.3m)
  gen 3 # 4 F=0.3571 acc=[35.8 36.5 36.2]% L=3 syn/n=14.91 (13.4m)
  gen 3 # 5 F=0.3564 acc=[35.8 36.5 36.0]% L=3 syn/n=15.42 (13.4m)
  gen 3 # 6 F=0.3612 acc=[36.1 36.8 36.8]% L=2 syn/n=12.57 (13.5m)
  gen 3 # 7 F=0.3549 acc=[35.8 35.5 37.3]% L=3 syn/n=14.55 (13.5m)
  gen 3 # 8 F=0.3673 acc=[36.7 38.0 36.9]% L=2 syn/n=8.79 (13.6m)
  gen 3 # 9 F=0.3675 acc=[36.8 37.1 37.1]% L=2 syn/n=9.06 (13.7m)
  gen 3 #10 F=0.3551 acc=[35.8 35.8 36.4]% L=3 syn/n=16.08 (13.7m)
  gen 3 #11 F=0.3568 acc=[35.8 36.0 36.7]% L=3 syn/n=13.83 (13.8m)
  gen 3 #12 F=0.3555 acc=[36.0 36.1 35.7]% L=3 syn/n=16.37 (13.8m)
  gen 3 #13 F=0.3535 acc=[35.2 36.4 36.0]% L=2 syn/n=13.93 (13.9m)
  gen 3 #14 F=0.3533 acc=[35.2 36.2 36.2]% L=2 syn/n=15.1 (14.0m)
  gen 3 #15 F=0.3677 acc=[37.2 36.7 37.5]% L=2 syn/n=10.61 (14.1m)
  gen 3 #16 F=0.3742 acc=[38.2 38.0 37.2]% L=2 syn/n=8.61 (14.1m)
  gen 3 #17 F=0.3559 acc=[35.8 36.0 36.2]% L=3 syn/n=14.69 (14.2m)
  gen 3 #18 F=0.3525 acc=[35.8 35.2 36.3]% L=3 syn/n=12.91 (14.2m)
  gen 3 #19 F=0.3566 acc=[35.8 36.2 36.1]% L=3 syn/n=13.78 (14.3m)
  gen 3 #20 F=0.3603 acc=[36.8 36.3 36.2]% L=3 syn/n=15.44 (14.5m)
  gen 3 #21 F=0.3584 acc=[35.8 37.8 36.1]% L=3 syn/n=14.27 (14.5m)
  gen 3 #22 F=0.3573 acc=[35.7 36.1 36.8]% L=3 syn/n=12.26 (14.6m)
  gen 3 #23 F=0.3573 acc=[35.9 37.1 35.7]% L=2 syn/n=9.45 (14.6m)
gen 3: best F=0.3742 acc=[38.2 38.0 37.2]% mean F=0.3591 · {"n_layers":2,"inhib_frac":0.09190321347277886,"ff_fan":10,"rec_fan":1,"skip_fan":8,"fb_fan":1,"inh_fan":29,"w_exc":0.36620087004756396,"w_inh":0.4175764266484904,"rec_gain":0.2070221437612738,"fb_gain":0.05,"delay_scale":1.4854162304698284}
  gen 4 # 0 F=0.3544 acc=[34.3 36.7 38.4]% L=2 syn/n=8.61 (14.7m)
  gen 4 # 1 F=0.3741 acc=[37.4 37.4 39.7]% L=2 syn/n=10.6 (14.7m)
  gen 4 # 2 F=0.3536 acc=[34.2 37.1 37.6]% L=2 syn/n=9.49 (14.8m)
  gen 4 # 3 F=0.3616 acc=[34.5 39.2 38.4]% L=2 syn/n=9.06 (14.8m)
  gen 4 # 4 F=0.3477 acc=[34.2 35.3 37.1]% L=2 syn/n=8.81 (14.9m)
  gen 4 # 5 F=0.3486 acc=[34.2 37.1 35.8]% L=2 syn/n=12.56 (15.0m)
  gen 4 # 6 F=0.3570 acc=[34.6 37.2 37.9]% L=2 syn/n=8.96 (15.1m)
  gen 4 # 7 F=0.3613 acc=[34.2 38.4 40.0]% L=2 syn/n=9.29 (15.2m)
  gen 4 # 8 F=0.3464 acc=[34.2 34.4 39.5]% L=2 syn/n=9.62 (15.2m)
  gen 4 # 9 F=0.3395 acc=[34.2 34.2 34.2]% L=2 syn/n=14.33 (15.4m)
  gen 4 #10 F=0.3575 acc=[34.1 38.1 38.7]% L=2 syn/n=10.77 (15.5m)
  gen 4 #11 F=0.3472 acc=[34.2 35.0 37.9]% L=2 syn/n=9.51 (15.6m)
  gen 4 #12 F=0.3428 acc=[34.2 37.4 34.2]% L=2 syn/n=12.34 (15.7m)
  gen 4 #13 F=0.3561 acc=[34.3 37.4 37.9]% L=2 syn/n=6.24 (15.8m)
  gen 4 #14 F=0.3621 acc=[34.3 39.3 39.1]% L=2 syn/n=10.41 (15.8m)
  gen 4 #15 F=0.3532 acc=[34.2 36.6 38.0]% L=2 syn/n=9.29 (15.9m)
  gen 4 #16 F=0.3577 acc=[36.1 38.5 35.2]% L=2 syn/n=8.4 (16.0m)
  gen 4 #17 F=0.3396 acc=[34.2 34.6 34.2]% L=2 syn/n=12.84 (16.0m)
  gen 4 #18 F=0.3615 acc=[34.2 39.4 38.9]% L=2 syn/n=9.34 (16.1m)
  gen 4 #19 F=0.3563 acc=[34.2 38.2 37.7]% L=2 syn/n=8.61 (16.2m)
  gen 4 #20 F=0.3527 acc=[34.2 36.4 37.8]% L=2 syn/n=7.02 (16.3m)
  gen 4 #21 F=0.3554 acc=[33.8 38.0 38.9]% L=2 syn/n=14.06 (16.3m)
  gen 4 #22 F=0.3531 acc=[34.2 36.1 39.2]% L=2 syn/n=9.49 (16.4m)
  gen 4 #23 F=0.3518 acc=[34.4 35.7 39.0]% L=2 syn/n=10.41 (16.4m)
gen 4: best F=0.3741 acc=[37.4 37.4 39.7]% mean F=0.3538 · {"n_layers":2,"inhib_frac":0.09190321347277886,"ff_fan":12,"rec_fan":2,"skip_fan":8,"fb_fan":1,"inh_fan":31,"w_exc":0.37421477111056445,"w_inh":0.6813068824890608,"rec_gain":0.27977345130942977,"fb_gain":0.05,"delay_scale":1.5881105542438825}
  gen 5 # 0 F=0.3720 acc=[36.5 38.4 38.9]% L=2 syn/n=10.63 (16.5m)
  gen 5 # 1 F=0.3651 acc=[35.6 38.2 38.1]% L=2 syn/n=10.44 (16.6m)
  gen 5 # 2 F=0.3711 acc=[36.1 38.5 39.4]% L=2 syn/n=9.08 (16.6m)
  gen 5 # 3 F=0.3721 acc=[35.9 40.1 38.8]% L=2 syn/n=9.38 (16.7m)
  gen 5 # 4 F=0.3791 acc=[38.0 37.8 39.9]% L=2 syn/n=9.34 (16.8m)
  gen 5 # 5 F=0.3699 acc=[36.9 38.6 37.1]% L=2 syn/n=8.32 (16.9m)
  gen 5 # 6 F=0.3701 acc=[37.1 37.3 37.6]% L=3 syn/n=11.19 (16.9m)
  gen 5 # 7 F=0.3710 acc=[36.9 37.7 38.1]% L=3 syn/n=11.87 (17.0m)
  gen 5 # 8 F=0.3723 acc=[36.7 38.4 38.3]% L=2 syn/n=8.09 (17.1m)
  gen 5 # 9 F=0.3816 acc=[37.6 39.4 39.3]% L=2 syn/n=9.83 (17.1m)
  gen 5 #10 F=0.3725 acc=[37.0 39.5 37.5]% L=2 syn/n=10.9 (17.2m)
  gen 5 #11 F=0.3657 acc=[35.9 38.0 38.3]% L=2 syn/n=14.71 (17.3m)
  gen 5 #12 F=0.3705 acc=[36.5 39.0 37.7]% L=2 syn/n=10.46 (17.4m)
  gen 5 #13 F=0.3705 acc=[36.9 37.2 39.6]% L=2 syn/n=10.6 (17.5m)
  gen 5 #14 F=0.3682 acc=[37.0 37.0 37.0]% L=2 syn/n=8.69 (17.5m)
  gen 5 #15 F=0.3664 acc=[35.9 37.6 39.6]% L=3 syn/n=13.99 (17.7m)
  gen 5 #16 F=0.3674 acc=[36.0 38.9 37.5]% L=2 syn/n=7.11 (17.7m)
  gen 5 #17 F=0.3622 acc=[36.5 35.5 40.3]% L=2 syn/n=8.67 (17.8m)
  gen 5 #18 F=0.3641 acc=[35.9 38.9 37.1]% L=2 syn/n=13.32 (17.8m)
  gen 5 #19 F=0.3656 acc=[36.3 37.6 38.1]% L=3 syn/n=18.65 (17.9m)
  gen 5 #20 F=0.3569 acc=[35.9 35.8 37.2]% L=3 syn/n=14.04 (18.0m)
  gen 5 #21 F=0.3661 acc=[37.3 35.8 40.1]% L=2 syn/n=13.12 (18.0m)
  gen 5 #22 F=0.3855 acc=[37.8 39.6 40.4]% L=2 syn/n=8.87 (18.1m)
  gen 5 #23 F=0.3673 acc=[35.9 38.3 38.7]% L=3 syn/n=13.26 (18.2m)
gen 5: best F=0.3855 acc=[37.8 39.6 40.4]% mean F=0.3697 · {"n_layers":2,"inhib_frac":0.05,"ff_fan":12,"rec_fan":2,"skip_fan":7,"fb_fan":0,"inh_fan":24,"w_exc":0.3532598337575138,"w_inh":0.7729255224979484,"rec_gain":0.05,"fb_gain":0.10257152831345087,"delay_scale":1.34230805991427}
  gen 6 # 0 F=0.3924 acc=[37.8 41.7 41.4]% L=2 syn/n=8.75 (18.3m)
  gen 6 # 1 F=0.3937 acc=[39.3 39.4 41.9]% L=2 syn/n=9.65 (18.4m)
  gen 6 # 2 F=0.3914 acc=[37.8 41.0 41.6]% L=2 syn/n=9.23 (18.4m)
  gen 6 # 3 F=0.3930 acc=[39.3 40.1 39.6]% L=2 syn/n=10.71 (18.5m)
  gen 6 # 4 F=0.3876 acc=[38.4 40.2 39.3]% L=2 syn/n=7.87 (18.5m)
  gen 6 # 5 F=0.3906 acc=[39.2 38.9 41.3]% L=2 syn/n=9.33 (18.6m)
  gen 6 # 6 F=0.3999 acc=[39.3 41.4 41.3]% L=2 syn/n=10.99 (18.7m)
  gen 6 # 7 F=0.4054 acc=[40.3 41.5 41.1]% L=2 syn/n=9.4 (18.8m)
  gen 6 # 8 F=0.3906 acc=[39.1 39.9 39.3]% L=3 syn/n=9.53 (18.8m)
  gen 6 # 9 F=0.3993 acc=[40.3 42.2 39.4]% L=2 syn/n=6.17 (18.9m)
  gen 6 #10 F=0.4027 acc=[40.8 40.1 41.6]% L=2 syn/n=11.94 (19.0m)
  gen 6 #11 F=0.3913 acc=[38.0 41.1 41.5]% L=2 syn/n=13.16 (19.1m)
  gen 6 #12 F=0.3896 acc=[38.9 39.0 41.0]% L=3 syn/n=10.29 (19.1m)
  gen 6 #13 F=0.4008 acc=[39.8 40.7 41.6]% L=2 syn/n=12.09 (19.2m)
  gen 6 #14 F=0.3948 acc=[38.9 40.1 41.7]% L=2 syn/n=10.18 (19.3m)
  gen 6 #15 F=0.4014 acc=[40.2 40.3 41.4]% L=2 syn/n=11.03 (19.4m)
  gen 6 #16 F=0.3963 acc=[39.7 39.6 40.1]% L=2 syn/n=3.99 (19.4m)
  gen 6 #17 F=0.3870 acc=[39.2 38.6 39.8]% L=3 syn/n=11.86 (19.5m)
  gen 6 #18 F=0.3926 acc=[39.9 39.3 39.3]% L=2 syn/n=3.79 (19.6m)
  gen 6 #19 F=0.3904 acc=[39.8 38.4 41.1]% L=2 syn/n=9.75 (19.6m)
  gen 6 #20 F=0.3972 acc=[39.4 39.8 42.3]% L=2 syn/n=7.13 (19.7m)
  gen 6 #21 F=0.3874 acc=[38.8 39.6 38.8]% L=2 syn/n=7.87 (19.7m)
  gen 6 #22 F=0.3835 acc=[38.6 38.5 40.6]% L=3 syn/n=19.96 (19.9m)
  gen 6 #23 F=0.3923 acc=[40.4 38.5 40.8]% L=2 syn/n=6.65 (19.9m)
gen 6: best F=0.4054 acc=[40.3 41.5 41.1]% mean F=0.3938 · {"n_layers":2,"inhib_frac":0.0687288833054155,"ff_fan":12,"rec_fan":2,"skip_fan":9,"fb_fan":0,"inh_fan":29,"w_exc":0.3075175413992635,"w_inh":0.7394294361390382,"rec_gain":0.05,"fb_gain":0.05,"delay_scale":1.34230805991427}
  gen 7 # 0 F=0.3425 acc=[33.9 34.8 35.7]% L=2 syn/n=9.52 (20.0m)
  gen 7 # 1 F=0.3426 acc=[34.3 34.6 35.0]% L=2 syn/n=12.13 (20.1m)
  gen 7 # 2 F=0.3423 acc=[34.0 35.8 34.7]% L=2 syn/n=11.23 (20.2m)
  gen 7 # 3 F=0.3517 acc=[35.5 35.2 36.0]% L=2 syn/n=12.14 (20.3m)
  gen 7 # 4 F=0.3327 acc=[35.2 32.4 34.7]% L=2 syn/n=11.07 (20.3m)
  gen 7 # 5 F=0.3457 acc=[35.3 35.3 34.2]% L=2 syn/n=6.31 (20.4m)
  gen 7 # 6 F=0.3406 acc=[34.1 34.3 35.5]% L=2 syn/n=13.92 (20.5m)
  gen 7 # 7 F=0.3283 acc=[34.2 32.1 34.0]% L=2 syn/n=7.42 (20.5m)
  gen 7 # 8 F=0.3229 acc=[32.7 31.9 34.7]% L=2 syn/n=11.76 (20.6m)
  gen 7 # 9 F=0.3396 acc=[34.4 33.8 34.9]% L=2 syn/n=10.02 (20.7m)
  gen 7 #10 F=0.3483 acc=[35.5 35.4 34.6]% L=2 syn/n=6.31 (20.7m)
  gen 7 #11 F=0.3356 acc=[33.6 33.6 34.6]% L=2 syn/n=7.98 (20.8m)
  gen 7 #12 F=0.3433 acc=[35.2 35.2 34.1]% L=2 syn/n=12.07 (20.9m)
  gen 7 #13 F=0.3429 acc=[35.2 34.6 34.3]% L=2 syn/n=10.33 (21.0m)
  gen 7 #14 F=0.3342 acc=[32.7 34.8 35.4]% L=3 syn/n=14.9 (21.0m)
  gen 7 #15 F=0.3258 acc=[33.0 32.5 33.9]% L=2 syn/n=11.92 (21.1m)
  gen 7 #16 F=0.3423 acc=[33.7 35.5 35.3]% L=2 syn/n=9.07 (21.2m)
  gen 7 #17 F=0.3400 acc=[34.3 33.9 35.5]% L=2 syn/n=10.83 (21.3m)
  gen 7 #18 F=0.3392 acc=[33.8 34.7 34.3]% L=2 syn/n=8.68 (21.3m)
  gen 7 #19 F=0.3375 acc=[33.1 34.8 35.6]% L=2 syn/n=11.68 (21.4m)
  gen 7 #20 F=0.3391 acc=[33.9 34.7 34.3]% L=2 syn/n=10.78 (21.5m)
  gen 7 #21 F=0.3400 acc=[34.5 34.2 34.5]% L=2 syn/n=17.17 (21.5m)
  gen 7 #22 F=0.3329 acc=[32.7 35.1 34.0]% L=2 syn/n=8.34 (21.6m)
  gen 7 #23 F=0.3338 acc=[32.7 34.3 35.4]% L=2 syn/n=9.58 (21.6m)
gen 7: best F=0.3517 acc=[35.5 35.2 36.0]% mean F=0.3385 · {"n_layers":2,"inhib_frac":0.05,"ff_fan":12,"rec_fan":5,"skip_fan":8,"fb_fan":1,"inh_fan":24,"w_exc":0.3532598337575138,"w_inh":0.34743155989000885,"rec_gain":0.05,"fb_gain":0.15324830938324568,"delay_scale":2.2571078976430003}
  gen 8 # 0 F=0.3515 acc=[34.9 35.9 36.1]% L=2 syn/n=12.12 (21.7m)
  gen 8 # 1 F=0.3539 acc=[35.3 36.4 35.5]% L=2 syn/n=6.23 (21.7m)
  gen 8 # 2 F=0.3575 acc=[35.5 36.6 36.3]% L=2 syn/n=6.23 (21.8m)
  gen 8 # 3 F=0.3502 acc=[34.9 36.1 35.6]% L=2 syn/n=12.21 (21.8m)
  gen 8 # 4 F=0.3465 acc=[34.5 34.8 37.0]% L=2 syn/n=10.27 (21.9m)
  gen 8 # 5 F=0.3492 acc=[34.5 35.8 36.5]% L=2 syn/n=12.07 (21.9m)
  gen 8 # 6 F=0.3426 acc=[36.9 35.3 33.4]% L=2 syn/n=12.12 (23.0m)
  gen 8 # 7 F=0.3560 acc=[35.4 36.6 35.9]% L=2 syn/n=6.22 (23.0m)
  gen 8 # 8 F=0.3591 acc=[35.5 37.2 36.6]% L=2 syn/n=7.18 (23.0m)
  gen 8 # 9 F=0.3552 acc=[35.3 36.6 36.0]% L=2 syn/n=7.18 (23.1m)
  gen 8 #10 F=0.3534 acc=[35.0 36.4 35.8]% L=2 syn/n=4.98 (23.1m)
  gen 8 #11 F=0.3579 acc=[35.0 36.7 38.4]% L=2 syn/n=11.65 (23.2m)
  gen 8 #12 F=0.3529 acc=[35.3 35.6 36.1]% L=2 syn/n=9.08 (23.2m)
  gen 8 #13 F=0.3541 acc=[35.6 37.5 35.2]% L=2 syn/n=9.08 (23.3m)
  gen 8 #14 F=0.3560 acc=[35.6 36.3 35.8]% L=2 syn/n=8.13 (23.4m)
  gen 8 #15 F=0.3491 acc=[35.0 35.2 36.2]% L=2 syn/n=14.32 (23.4m)
  gen 8 #16 F=0.3493 acc=[34.7 36.2 35.5]% L=2 syn/n=12.21 (23.5m)
  gen 8 #17 F=0.3489 acc=[34.9 35.9 35.0]% L=2 syn/n=9.17 (23.5m)
  gen 8 #18 F=0.3523 acc=[36.2 35.0 35.6]% L=2 syn/n=4.79 (23.5m)
  gen 8 #19 F=0.3530 acc=[34.7 36.7 36.4]% L=2 syn/n=8.97 (23.6m)
  gen 8 #20 F=0.3503 acc=[35.0 35.5 35.7]% L=4 syn/n=12.2 (23.6m)
  gen 8 #21 F=0.3551 acc=[35.0 37.2 36.2]% L=2 syn/n=10.05 (23.7m)
  gen 8 #22 F=0.3552 acc=[34.9 36.7 36.4]% L=2 syn/n=5.27 (23.8m)
  gen 8 #23 F=0.3472 acc=[34.5 36.0 35.3]% L=2 syn/n=10.78 (23.8m)
gen 8: best F=0.3591 acc=[35.5 37.2 36.6]% mean F=0.3524 · {"n_layers":2,"inhib_frac":0.05,"ff_fan":9,"rec_fan":0,"skip_fan":8,"fb_fan":2,"inh_fan":40,"w_exc":0.33392422510448405,"w_inh":0.4175764266484904,"rec_gain":0.251157407997735,"fb_gain":0.056757820873532976,"delay_scale":1.177096327651745}
  gen 9 # 0 F=0.3259 acc=[31.4 35.1 34.0]% L=2 syn/n=7.28 (23.9m)
  gen 9 # 1 F=0.3187 acc=[30.8 33.0 35.1]% L=2 syn/n=11.71 (23.9m)
  gen 9 # 2 F=0.3389 acc=[34.9 33.9 34.0]% L=2 syn/n=6.33 (24.0m)
  gen 9 # 3 F=0.3364 acc=[34.7 33.3 34.2]% L=2 syn/n=6.34 (24.0m)
  gen 9 # 4 F=0.3356 acc=[33.4 34.8 33.9]% L=2 syn/n=8.23 (24.1m)
  gen 9 # 5 F=0.3228 acc=[31.5 33.5 33.8]% L=2 syn/n=7.28 (24.2m)
  gen 9 # 6 F=0.3161 acc=[31.1 32.5 33.4]% L=3 syn/n=11.12 (24.2m)
  gen 9 # 7 F=0.3176 acc=[31.1 33.0 33.0]% L=2 syn/n=8.16 (24.3m)
  gen 9 # 8 F=0.3284 acc=[34.7 32.5 33.2]% L=2 syn/n=6.81 (24.3m)
  gen 9 # 9 F=0.3198 acc=[31.5 33.0 32.9]% L=2 syn/n=6.81 (24.4m)
  gen 9 #10 F=0.3239 acc=[31.7 34.0 33.3]% L=2 syn/n=6.85 (24.4m)
  gen 9 #11 F=0.3226 acc=[31.1 33.9 34.6]% L=2 syn/n=10.99 (24.5m)
  gen 9 #12 F=0.3101 acc=[31.0 31.1 33.9]% L=2 syn/n=15.34 (24.5m)
  gen 9 #13 F=0.3469 acc=[34.9 35.4 34.8]% L=2 syn/n=11.55 (24.6m)
  gen 9 #14 F=0.3193 acc=[31.2 32.5 35.7]% L=2 syn/n=12.71 (24.7m)
  gen 9 #15 F=0.3367 acc=[35.1 34.3 33.1]% L=2 syn/n=4.91 (24.7m)
  gen 9 #16 F=0.3251 acc=[31.0 34.5 35.6]% L=2 syn/n=9.29 (24.8m)
  gen 9 #17 F=0.3190 acc=[30.9 33.6 34.0]% L=3 syn/n=11.83 (24.9m)
  gen 9 #18 F=0.3213 acc=[31.2 33.3 34.0]% L=2 syn/n=6.81 (24.9m)
  gen 9 #19 F=0.3239 acc=[31.1 34.1 35.0]% L=2 syn/n=9.77 (25.0m)
  gen 9 #20 F=0.3196 acc=[31.3 34.2 32.6]% L=2 syn/n=7.49 (25.0m)
  gen 9 #21 F=0.3237 acc=[31.1 34.9 34.3]% L=2 syn/n=13.04 (25.1m)
  gen 9 #22 F=0.3363 acc=[36.3 33.4 33.5]% L=2 syn/n=5.87 (25.2m)
  gen 9 #23 F=0.3163 acc=[31.1 33.3 32.5]% L=2 syn/n=11.59 (25.2m)
gen 9: best F=0.3469 acc=[34.9 35.4 34.8]% mean F=0.3252 · {"n_layers":2,"inhib_frac":0.05,"ff_fan":12,"rec_fan":2,"skip_fan":7,"fb_fan":4,"inh_fan":40,"w_exc":0.33392422510448405,"w_inh":0.15,"rec_gain":0.05,"fb_gain":0.06716373577266396,"delay_scale":0.3723366843562853}
  gen 10 # 0 F=0.3408 acc=[33.9 34.5 35.5]% L=2 syn/n=11.44 (25.3m)
  gen 10 # 1 F=0.3384 acc=[33.5 34.6 34.5]% L=2 syn/n=6.2 (25.3m)
  gen 10 # 2 F=0.3366 acc=[33.3 35.3 33.9]% L=2 syn/n=4.77 (25.4m)
  gen 10 # 3 F=0.3356 acc=[33.5 33.9 33.9]% L=2 syn/n=6.2 (25.4m)
  gen 10 # 4 F=0.3422 acc=[33.9 35.0 34.9]% L=2 syn/n=5.77 (25.5m)
  gen 10 # 5 F=0.3430 acc=[33.8 35.7 35.0]% L=2 syn/n=8.1 (25.6m)
  gen 10 # 6 F=0.3375 acc=[33.6 34.7 34.0]% L=2 syn/n=7.99 (25.6m)
  gen 10 # 7 F=0.3385 acc=[33.5 35.0 34.2]% L=2 syn/n=4.3 (25.6m)
  gen 10 # 8 F=0.3449 acc=[34.1 35.5 35.3]% L=2 syn/n=7.44 (25.7m)
  gen 10 # 9 F=0.3392 acc=[33.5 34.6 34.8]% L=2 syn/n=6.2 (25.8m)
  gen 10 #10 F=0.3430 acc=[33.8 35.7 35.0]% L=2 syn/n=8.1 (25.8m)
  gen 10 #11 F=0.3405 acc=[33.8 34.3 35.3]% L=2 syn/n=6.68 (25.9m)
  gen 10 #12 F=0.3432 acc=[35.9 33.8 35.3]% L=2 syn/n=12.41 (25.9m)
  gen 10 #13 F=0.3298 acc=[32.4 34.1 34.1]% L=2 syn/n=8.1 (26.0m)
  gen 10 #14 F=0.3377 acc=[33.2 35.0 34.8]% L=2 syn/n=9.53 (26.1m)
  gen 10 #15 F=0.3280 acc=[32.6 33.4 33.5]% L=3 syn/n=9.54 (26.1m)
  gen 10 #16 F=0.3393 acc=[33.5 35.2 34.7]% L=2 syn/n=8.1 (26.2m)
  gen 10 #17 F=0.3341 acc=[33.3 34.6 33.5]% L=2 syn/n=5.25 (26.2m)
  gen 10 #18 F=0.3342 acc=[32.9 34.6 34.2]% L=2 syn/n=7.13 (26.3m)
  gen 10 #19 F=0.3414 acc=[33.6 35.1 35.3]% L=2 syn/n=7.53 (26.3m)
  gen 10 #20 F=0.3312 acc=[32.7 33.4 35.9]% L=3 syn/n=11.44 (26.4m)
  gen 10 #21 F=0.3401 acc=[33.0 35.3 36.4]% L=2 syn/n=9.44 (26.4m)
  gen 10 #22 F=0.3413 acc=[34.1 34.5 35.0]% L=2 syn/n=10.96 (26.5m)
  gen 10 #23 F=0.3404 acc=[33.5 36.2 34.5]% L=2 syn/n=5.96 (26.5m)
gen 10: best F=0.3449 acc=[34.1 35.5 35.3]% mean F=0.3384 · {"n_layers":2,"inhib_frac":0.05,"ff_fan":8,"rec_fan":0,"skip_fan":8,"fb_fan":4,"inh_fan":36,"w_exc":0.46711550295220783,"w_inh":0.15,"rec_gain":0.05,"fb_gain":0.05,"delay_scale":1.4155363456510597}
  gen 11 # 0 F=0.3248 acc=[32.0 33.2 33.7]% L=2 syn/n=7.6 (26.6m)
  gen 11 # 1 F=0.3290 acc=[33.7 32.7 33.7]% L=2 syn/n=12.32 (26.7m)
  gen 11 # 2 F=0.3218 acc=[32.0 33.0 32.7]% L=2 syn/n=8.29 (26.7m)
  gen 11 # 3 F=0.3218 acc=[32.0 33.0 32.7]% L=2 syn/n=8.29 (26.8m)
  gen 11 # 4 F=0.3209 acc=[32.0 33.4 32.2]% L=2 syn/n=5.91 (26.8m)
  gen 11 # 5 F=0.3242 acc=[32.2 33.6 32.8]% L=2 syn/n=7.65 (26.9m)
  gen 11 # 6 F=0.3210 acc=[31.9 32.6 32.9]% L=2 syn/n=8.29 (26.9m)
  gen 11 # 7 F=0.3187 acc=[32.8 32.6 31.6]% L=2 syn/n=10.18 (27.0m)
  gen 11 # 8 F=0.3216 acc=[32.0 32.8 32.6]% L=2 syn/n=5.7 (27.1m)
  gen 11 # 9 F=0.3221 acc=[32.0 33.0 32.8]% L=2 syn/n=8.29 (27.1m)
  gen 11 #10 F=0.3200 acc=[32.1 33.0 32.1]% L=2 syn/n=7.65 (27.1m)
  gen 11 #11 F=0.3245 acc=[31.9 33.5 33.5]% L=2 syn/n=6.81 (27.2m)
  gen 11 #12 F=0.3227 acc=[32.0 32.4 33.8]% L=2 syn/n=4.29 (27.2m)
  gen 11 #13 F=0.3268 acc=[32.0 34.3 33.4]% L=2 syn/n=5.45 (27.3m)
  gen 11 #14 F=0.3204 acc=[32.0 32.0 34.1]% L=2 syn/n=8.75 (27.3m)
  gen 11 #15 F=0.3322 acc=[34.3 33.0 33.6]% L=2 syn/n=7.6 (27.4m)
  gen 11 #16 F=0.3216 acc=[31.9 34.3 32.3]% L=2 syn/n=7.23 (27.4m)
  gen 11 #17 F=0.3252 acc=[32.0 34.4 33.1]% L=2 syn/n=6.18 (27.5m)
  gen 11 #18 F=0.3221 acc=[32.0 33.1 32.9]% L=2 syn/n=11.17 (27.6m)
  gen 11 #19 F=0.3245 acc=[31.7 34.2 33.5]% L=2 syn/n=8.44 (27.7m)
  gen 11 #20 F=0.3249 acc=[33.6 31.9 33.9]% L=2 syn/n=11.63 (27.8m)
  gen 11 #21 F=0.3237 acc=[32.3 33.1 32.9]% L=2 syn/n=10.33 (27.9m)
  gen 11 #22 F=0.3223 acc=[32.1 33.1 33.3]% L=2 syn/n=17.15 (27.9m)
  gen 11 #23 F=0.3225 acc=[32.1 32.8 33.5]% L=2 syn/n=13.59 (28.0m)
gen 11: best F=0.3322 acc=[34.3 33.0 33.6]% mean F=0.3233 · {"n_layers":2,"inhib_frac":0.05,"ff_fan":8,"rec_fan":0,"skip_fan":5,"fb_fan":4,"inh_fan":36,"w_exc":0.4541385974337938,"w_inh":0.2966908861640041,"rec_gain":0.05,"fb_gain":0.14104662134665663,"delay_scale":1.34230805991427}
  gen 12 # 0 F=0.3691 acc=[35.6 39.0 38.9]% L=2 syn/n=7.47 (28.1m)
  gen 12 # 1 F=0.3643 acc=[35.6 37.2 39.8]% L=2 syn/n=12.38 (28.2m)
  gen 12 # 2 F=0.3736 acc=[36.6 39.5 38.1]% L=2 syn/n=5.29 (28.2m)
  gen 12 # 3 F=0.3855 acc=[39.3 39.2 38.2]% L=2 syn/n=6.04 (28.3m)
  gen 12 # 4 F=0.3670 acc=[35.6 38.0 39.7]% L=2 syn/n=11.67 (28.3m)
  gen 12 # 5 F=0.3800 acc=[39.7 37.0 39.6]% L=2 syn/n=7.47 (28.4m)
  gen 12 # 6 F=0.3663 acc=[35.4 38.9 38.3]% L=2 syn/n=5.67 (28.5m)
  gen 12 # 7 F=0.3668 acc=[35.7 37.8 39.9]% L=2 syn/n=12.38 (28.5m)
  gen 12 # 8 F=0.3901 acc=[39.8 39.7 38.7]% L=2 syn/n=7.33 (28.6m)
  gen 12 # 9 F=0.3622 acc=[35.7 36.6 37.8]% L=2 syn/n=3.66 (28.6m)
  gen 12 #10 F=0.3856 acc=[39.0 39.5 38.4]% L=2 syn/n=10.8 (28.7m)
  gen 12 #11 F=0.3684 acc=[36.3 39.2 37.1]% L=2 syn/n=3.86 (28.7m)
  gen 12 #12 F=0.3669 acc=[35.7 38.1 39.3]% L=2 syn/n=12.38 (28.8m)
  gen 12 #13 F=0.3647 acc=[35.7 37.1 39.9]% L=2 syn/n=10.86 (28.9m)
  gen 12 #14 F=0.3712 acc=[36.0 39.1 38.7]% L=2 syn/n=6.99 (28.9m)
  gen 12 #15 F=0.3924 acc=[39.4 39.4 39.3]% L=2 syn/n=7.04 (29.0m)
  gen 12 #16 F=0.3681 acc=[35.9 38.2 38.9]% L=2 syn/n=9.88 (29.1m)
  gen 12 #17 F=0.3635 acc=[35.7 37.4 38.5]% L=3 syn/n=12.75 (29.1m)
  gen 12 #18 F=0.3652 acc=[35.7 37.9 38.4]% L=2 syn/n=11.59 (29.2m)
  gen 12 #19 F=0.3712 acc=[35.7 39.3 40.0]% L=2 syn/n=13.41 (29.2m)
  gen 12 #20 F=0.3847 acc=[40.2 39.7 37.6]% L=2 syn/n=7.08 (29.3m)
  gen 12 #21 F=0.3720 acc=[35.7 39.2 40.1]% L=2 syn/n=8.48 (29.4m)
  gen 12 #22 F=0.3618 acc=[35.7 37.8 37.6]% L=3 syn/n=18.26 (29.5m)
  gen 12 #23 F=0.3697 acc=[35.9 39.0 38.6]% L=2 syn/n=7.52 (29.5m)
gen 12: best F=0.3924 acc=[39.4 39.4 39.3]% mean F=0.3721 · {"n_layers":2,"inhib_frac":0.05,"ff_fan":7,"rec_fan":0,"skip_fan":8,"fb_fan":4,"inh_fan":37,"w_exc":0.4142271355581739,"w_inh":0.15,"rec_gain":0.12335921085592101,"fb_gain":0.16945402233481519,"delay_scale":0.9331937391965749}
  gen 13 # 0 F=0.3297 acc=[33.1 33.5 33.0]% L=2 syn/n=7.1 (29.6m)
  gen 13 # 1 F=0.3206 acc=[31.2 33.4 33.7]% L=2 syn/n=7.36 (29.7m)
  gen 13 # 2 F=0.3316 acc=[33.1 34.4 33.5]% L=2 syn/n=10.85 (29.8m)
  gen 13 # 3 F=0.3309 acc=[33.1 33.1 34.2]% L=2 syn/n=6.11 (29.9m)
  gen 13 # 4 F=0.3264 acc=[32.0 34.3 33.6]% L=2 syn/n=7.12 (29.9m)
  gen 13 # 5 F=0.3282 acc=[33.8 33.2 32.6]% L=2 syn/n=7.53 (30.0m)
  gen 13 # 6 F=0.3251 acc=[31.6 34.3 33.8]% L=2 syn/n=7.36 (30.1m)
  gen 13 # 7 F=0.3251 acc=[32.8 32.4 33.9]% L=2 syn/n=10.85 (30.1m)
  gen 13 # 8 F=0.3218 acc=[31.8 35.0 32.3]% L=2 syn/n=8.47 (30.2m)
  gen 13 # 9 F=0.3264 acc=[32.0 34.3 33.6]% L=2 syn/n=7.12 (30.3m)
  gen 13 #10 F=0.3260 acc=[33.7 32.5 32.8]% L=2 syn/n=6.56 (30.3m)
  gen 13 #11 F=0.3264 acc=[32.0 34.3 33.6]% L=2 syn/n=7.12 (30.4m)
  gen 13 #12 F=0.3306 acc=[32.7 33.6 34.3]% L=2 syn/n=7.43 (30.4m)
  gen 13 #13 F=0.3202 acc=[31.6 33.0 33.2]% L=2 syn/n=10.58 (30.5m)
  gen 13 #14 F=0.3241 acc=[33.7 32.2 32.9]% L=2 syn/n=11.05 (30.6m)
  gen 13 #15 F=0.3285 acc=[32.7 33.8 33.1]% L=2 syn/n=5.84 (30.6m)
  gen 13 #16 F=0.3234 acc=[32.0 32.9 33.4]% L=2 syn/n=6.84 (30.6m)
  gen 13 #17 F=0.3195 acc=[31.9 33.8 32.4]% L=2 syn/n=16.51 (30.7m)
  gen 13 #18 F=0.3222 acc=[31.8 33.7 32.7]% L=2 syn/n=7.73 (30.7m)
  gen 13 #19 F=0.3288 acc=[33.0 33.4 32.9]% L=2 syn/n=6.3 (30.7m)
  gen 13 #20 F=0.3303 acc=[32.7 34.3 33.6]% L=2 syn/n=7.7 (30.8m)
  gen 13 #21 F=0.3165 acc=[32.1 31.5 32.8]% L=2 syn/n=10.85 (30.8m)
  gen 13 #22 F=0.3218 acc=[32.9 31.8 34.5]% L=2 syn/n=16.66 (30.8m)
  gen 13 #23 F=0.3304 acc=[31.7 34.8 35.7]% L=2 syn/n=8.06 (30.9m)
gen 13: best F=0.3316 acc=[33.1 34.4 33.5]% mean F=0.3256 · {"n_layers":2,"inhib_frac":0.05,"ff_fan":8,"rec_fan":4,"skip_fan":5,"fb_fan":3,"inh_fan":36,"w_exc":0.4152173768881602,"w_inh":0.15,"rec_gain":0.1566209478089651,"fb_gain":0.06757507587635678,"delay_scale":1.352913729612951}
  gen 14 # 0 F=0.3391 acc=[34.5 34.7 33.8]% L=2 syn/n=10.89 (30.9m)
  gen 14 # 1 F=0.3343 acc=[33.7 34.9 33.2]% L=2 syn/n=6.15 (31.0m)
  gen 14 # 2 F=0.3361 acc=[34.2 33.8 33.7]% L=2 syn/n=7.46 (31.0m)
  gen 14 # 3 F=0.3313 acc=[32.2 35.1 34.4]% L=2 syn/n=8.1 (31.1m)
  gen 14 # 4 F=0.3252 acc=[32.3 34.9 32.6]% L=2 syn/n=7.73 (31.1m)
  gen 14 # 5 F=0.3315 acc=[35.3 32.6 33.6]% L=2 syn/n=7.15 (31.1m)
  gen 14 # 6 F=0.3204 acc=[32.3 34.1 32.0]% L=2 syn/n=13.2 (31.5m)
  gen 14 # 7 F=0.3302 acc=[32.8 34.0 33.5]% L=2 syn/n=7.94 (31.6m)
  gen 14 # 8 F=0.3392 acc=[34.7 34.0 34.0]% L=2 syn/n=7.46 (31.6m)
  gen 14 # 9 F=0.3271 acc=[32.1 34.4 33.5]% L=2 syn/n=7.73 (31.6m)
  gen 14 #10 F=0.3326 acc=[32.7 34.8 34.1]% L=2 syn/n=7.07 (31.7m)
  gen 14 #11 F=0.3218 acc=[32.2 32.0 34.7]% L=2 syn/n=9.36 (31.7m)
  gen 14 #12 F=0.3200 acc=[32.0 32.1 32.9]% L=2 syn/n=7.09 (32.1m)
  gen 14 #13 F=0.3305 acc=[32.3 34.7 34.3]% L=2 syn/n=8.36 (32.2m)
  gen 14 #14 F=0.3281 acc=[32.2 34.7 33.4]% L=2 syn/n=7.15 (32.2m)
  gen 14 #15 F=0.3367 acc=[34.2 33.9 33.6]% L=2 syn/n=4.72 (32.2m)
  gen 14 #16 F=0.3265 acc=[32.2 33.0 35.0]% L=2 syn/n=9.64 (32.3m)
  gen 14 #17 F=0.3311 acc=[34.4 33.7 32.8]% L=2 syn/n=9.41 (32.4m)
  gen 14 #18 F=0.3280 acc=[32.0 34.0 34.9]% L=2 syn/n=12.31 (32.4m)
  gen 14 #19 F=0.3190 acc=[32.2 31.5 34.5]% L=2 syn/n=10.31 (32.6m)
  gen 14 #20 F=0.3226 acc=[32.4 32.2 33.3]% L=2 syn/n=8.25 (32.6m)
  gen 14 #21 F=0.3446 acc=[34.9 34.7 34.6]% L=2 syn/n=11.83 (32.7m)
  gen 14 #22 F=0.3237 acc=[32.8 33.3 32.1]% L=2 syn/n=6.86 (32.7m)
  gen 14 #23 F=0.3378 acc=[34.6 34.6 33.6]% L=2 syn/n=10.89 (32.8m)
gen 14: best F=0.3446 acc=[34.9 34.7 34.6]% mean F=0.3299 · {"n_layers":2,"inhib_frac":0.05,"ff_fan":8,"rec_fan":5,"skip_fan":5,"fb_fan":3,"inh_fan":36,"w_exc":0.39324734414336016,"w_inh":0.15,"rec_gain":0.0813883241702295,"fb_gain":0.06757507587635678,"delay_scale":1.1154359254664845}
  gen 15 # 0 F=0.3794 acc=[37.6 39.5 38.7]% L=2 syn/n=11.69 (32.8m)
  gen 15 # 1 F=0.3894 acc=[40.0 39.8 38.5]% L=2 syn/n=7.31 (32.9m)
  gen 15 # 2 F=0.3792 acc=[37.5 40.2 38.4]% L=2 syn/n=10.74 (32.9m)
  gen 15 # 3 F=0.3811 acc=[37.6 39.8 38.9]% L=2 syn/n=10.74 (32.9m)
  gen 15 # 4 F=0.3792 acc=[37.7 38.8 38.1]% L=2 syn/n=4.54 (33.0m)
  gen 15 # 5 F=0.3776 acc=[39.7 37.0 38.6]% L=2 syn/n=7.31 (33.0m)
  gen 15 # 6 F=0.3880 acc=[38.9 38.9 39.4]% L=2 syn/n=8.26 (33.0m)
  gen 15 # 7 F=0.3735 acc=[37.6 37.6 38.9]% L=3 syn/n=18.62 (33.1m)
  gen 15 # 8 F=0.3888 acc=[39.4 39.2 39.0]% L=2 syn/n=10.74 (33.1m)
  gen 15 # 9 F=0.3782 acc=[37.5 38.6 38.7]% L=2 syn/n=7.78 (33.1m)
  gen 15 #10 F=0.3602 acc=[37.5 37.6 35.2]% L=3 syn/n=10.17 (33.4m)
  gen 15 #11 F=0.3760 acc=[37.2 38.6 38.7]% L=2 syn/n=12.04 (33.4m)
  gen 15 #12 F=0.3805 acc=[38.0 38.4 38.4]% L=2 syn/n=7.4 (33.5m)
  gen 15 #13 F=0.3794 acc=[37.6 39.9 38.1]% L=2 syn/n=4.35 (33.5m)
  gen 15 #14 F=0.3828 acc=[38.6 38.2 38.8]% L=2 syn/n=7.66 (33.5m)
  gen 15 #15 F=0.3756 acc=[37.6 37.9 38.7]% L=3 syn/n=15.26 (33.5m)
  gen 15 #16 F=0.3799 acc=[38.5 38.3 38.0]% L=2 syn/n=9.21 (33.6m)
  gen 15 #17 F=0.3872 acc=[38.8 39.2 39.0]% L=2 syn/n=10.04 (33.6m)
  gen 15 #18 F=0.3770 acc=[37.6 38.9 38.7]% L=3 syn/n=21.89 (33.6m)
  gen 15 #19 F=0.3761 acc=[37.5 38.1 37.9]% L=2 syn/n=4.54 (33.6m)
  gen 15 #20 F=0.3732 acc=[37.9 37.0 38.2]% L=2 syn/n=7.31 (33.6m)
  gen 15 #21 F=0.3871 acc=[40.0 38.7 38.9]% L=2 syn/n=9.49 (33.7m)
  gen 15 #22 F=0.3772 acc=[37.5 38.3 38.4]% L=2 syn/n=6.92 (33.7m)
  gen 15 #23 F=0.3770 acc=[37.4 38.9 38.0]% L=2 syn/n=4.73 (33.7m)
gen 15: best F=0.3894 acc=[40.0 39.8 38.5]% mean F=0.3793 · {"n_layers":2,"inhib_frac":0.05,"ff_fan":6,"rec_fan":1,"skip_fan":5,"fb_fan":4,"inh_fan":34,"w_exc":0.25801404419897245,"w_inh":0.15,"rec_gain":0.05,"fb_gain":0.46711600604485,"delay_scale":1.4758939560728608}
  gen 16 # 0 F=0.3646 acc=[35.5 39.0 37.5]% L=2 syn/n=7.38 (33.7m)
  gen 16 # 1 F=0.3830 acc=[38.5 38.5 38.5]% L=2 syn/n=10.8 (33.8m)
  gen 16 # 2 F=0.3643 acc=[35.6 38.9 37.3]% L=2 syn/n=8.33 (33.8m)
  gen 16 # 3 F=0.3621 acc=[35.5 38.2 37.1]% L=2 syn/n=10.07 (33.8m)
  gen 16 # 4 F=0.3593 acc=[35.5 36.4 37.9]% L=2 syn/n=9.57 (33.8m)
  gen 16 # 5 F=0.3644 acc=[35.5 37.7 38.6]% L=2 syn/n=7.75 (33.9m)
  gen 16 # 6 F=0.3610 acc=[37.2 36.9 35.6]% L=2 syn/n=5.07 (33.9m)
  gen 16 # 7 F=0.3641 acc=[35.5 38.3 37.8]% L=2 syn/n=8.92 (33.9m)
  gen 16 # 8 F=0.3621 acc=[35.5 37.3 38.0]% L=2 syn/n=10.34 (33.9m)
  gen 16 # 9 F=0.3641 acc=[35.5 38.2 37.7]% L=2 syn/n=6.43 (33.9m)
  gen 16 #10 F=0.3616 acc=[35.7 37.1 37.3]% L=2 syn/n=10.03 (34.0m)
  gen 16 #11 F=0.3595 acc=[35.5 36.8 37.3]% L=3 syn/n=8.88 (34.0m)
  gen 16 #12 F=0.3804 acc=[38.9 38.3 38.0]% L=2 syn/n=10.31 (34.0m)
  gen 16 #13 F=0.3493 acc=[35.5 35.5 35.0]% L=3 syn/n=12.5 (34.5m)
  gen 16 #14 F=0.3637 acc=[35.9 37.2 37.4]% L=2 syn/n=8.33 (34.5m)
  gen 16 #15 F=0.3520 acc=[35.5 35.5 36.0]% L=3 syn/n=15.81 (34.5m)
  gen 16 #16 F=0.3532 acc=[35.5 35.8 35.5]% L=3 syn/n=8.96 (34.6m)
  gen 16 #17 F=0.3544 acc=[35.5 35.6 36.8]% L=3 syn/n=10.84 (34.6m)
  gen 16 #18 F=0.3644 acc=[37.3 36.9 36.3]% L=2 syn/n=7.96 (34.6m)
  gen 16 #19 F=0.3605 acc=[37.9 36.8 35.5]% L=2 syn/n=9.11 (34.6m)
  gen 16 #20 F=0.3605 acc=[35.5 36.8 37.5]% L=2 syn/n=6.69 (34.6m)
  gen 16 #21 F=0.3573 acc=[35.7 36.6 36.4]% L=2 syn/n=14.51 (34.6m)
  gen 16 #22 F=0.3704 acc=[36.9 37.8 38.2]% L=2 syn/n=14.64 (34.7m)
  gen 16 #23 F=0.3489 acc=[34.6 35.5 35.8]% L=3 syn/n=7.99 (34.8m)
gen 16: best F=0.3830 acc=[38.5 38.5 38.5]% mean F=0.3619 · {"n_layers":2,"inhib_frac":0.05,"ff_fan":8,"rec_fan":4,"skip_fan":5,"fb_fan":3,"inh_fan":36,"w_exc":0.4152173768881602,"w_inh":0.29385020586837596,"rec_gain":0.2684271079458668,"fb_gain":0.05,"delay_scale":1.0826724707262587}
  gen 17 # 0 F=0.3650 acc=[36.4 37.0 37.5]% L=2 syn/n=10.71 (34.8m)
  gen 17 # 1 F=0.3664 acc=[35.9 38.8 37.6]% L=2 syn/n=10.25 (34.8m)
  gen 17 # 2 F=0.3649 acc=[35.9 38.1 37.8]% L=2 syn/n=14.38 (34.9m)
  gen 17 # 3 F=0.3792 acc=[38.1 38.8 37.9]% L=2 syn/n=7.28 (34.9m)
  gen 17 # 4 F=0.3678 acc=[35.7 38.5 38.7]% L=2 syn/n=7.66 (34.9m)
  gen 17 # 5 F=0.3678 acc=[38.3 37.0 36.6]% L=2 syn/n=7.94 (34.9m)
  gen 17 # 6 F=0.3659 acc=[35.9 38.4 37.6]% L=2 syn/n=9.08 (34.9m)
  gen 17 # 7 F=0.3798 acc=[38.6 39.4 37.6]% L=2 syn/n=8.96 (35.0m)
  gen 17 # 8 F=0.3812 acc=[38.1 38.6 38.5]% L=2 syn/n=8.2 (35.0m)
  gen 17 # 9 F=0.3690 acc=[36.6 37.2 39.1]% L=2 syn/n=10.21 (35.0m)
  gen 17 #10 F=0.3710 acc=[37.1 38.0 37.3]% L=2 syn/n=10.24 (35.1m)
  gen 17 #11 F=0.3623 acc=[35.5 37.7 38.0]% L=2 syn/n=14.81 (35.1m)
  gen 17 #12 F=0.3606 acc=[35.8 36.3 38.2]% L=2 syn/n=7.85 (35.1m)
  gen 17 #13 F=0.3582 acc=[35.8 36.1 37.2]% L=2 syn/n=10.85 (35.2m)
  gen 17 #14 F=0.3658 acc=[35.7 38.3 38.0]% L=2 syn/n=8.33 (35.2m)
  gen 17 #15 F=0.3731 acc=[36.2 38.9 39.0]% L=2 syn/n=4.76 (35.2m)
  gen 17 #16 F=0.3561 acc=[35.8 35.8 36.8]% L=3 syn/n=12.97 (35.2m)
  gen 17 #17 F=0.3605 acc=[35.8 36.4 38.6]% L=2 syn/n=13.19 (35.3m)
  gen 17 #18 F=0.3727 acc=[37.4 37.9 37.4]% L=2 syn/n=8.21 (35.3m)
  gen 17 #19 F=0.3591 acc=[35.7 36.6 36.4]% L=2 syn/n=7.94 (35.3m)
  gen 17 #20 F=0.3643 acc=[36.3 37.2 37.6]% L=2 syn/n=15.64 (35.3m)
  gen 17 #21 F=0.3752 acc=[38.4 38.6 37.1]% L=2 syn/n=9.37 (35.3m)
  gen 17 #22 F=0.3761 acc=[38.6 38.0 37.5]% L=2 syn/n=10.42 (35.4m)
  gen 17 #23 F=0.3603 acc=[35.7 37.3 36.5]% L=2 syn/n=6.33 (35.4m)
gen 17: best F=0.3812 acc=[38.1 38.6 38.5]% mean F=0.3676 · {"n_layers":2,"inhib_frac":0.07941789890140165,"ff_fan":6,"rec_fan":1,"skip_fan":6,"fb_fan":5,"inh_fan":29,"w_exc":0.262655966329201,"w_inh":0.5260909226031895,"rec_gain":0.1797279488437733,"fb_gain":0.46711600604485,"delay_scale":1.4758939560728608}
  gen 18 # 0 F=0.3103 acc=[30.8 31.3 32.7]% L=2 syn/n=8.29 (35.4m)
  gen 18 # 1 F=0.3075 acc=[30.5 31.4 31.8]% L=2 syn/n=9.1 (35.4m)
  gen 18 # 2 F=0.3097 acc=[30.4 32.0 32.0]% L=2 syn/n=7.38 (35.4m)
  gen 18 # 3 F=0.3069 acc=[30.5 32.0 31.1]% L=2 syn/n=10.45 (35.4m)
  gen 18 # 4 F=0.3073 acc=[30.1 31.8 32.2]% L=2 syn/n=9.39 (35.5m)
  gen 18 # 5 F=0.3054 acc=[30.6 31.9 30.4]% L=2 syn/n=4.86 (35.5m)
  gen 18 # 6 F=0.3075 acc=[30.4 31.6 32.0]% L=2 syn/n=10.34 (35.5m)
  gen 18 # 7 F=0.3075 acc=[30.0 33.4 31.5]% L=2 syn/n=10.38 (35.5m)
  gen 18 # 8 F=0.2992 acc=[30.3 32.1 29.5]% L=2 syn/n=8.25 (36.0m)
  gen 18 # 9 F=0.3009 acc=[30.3 30.2 31.2]% L=3 syn/n=12.08 (36.0m)
  gen 18 #10 F=0.3068 acc=[30.4 33.4 30.9]% L=2 syn/n=10.33 (36.0m)
  gen 18 #11 F=0.2982 acc=[30.3 31.9 29.3]% L=2 syn/n=7.43 (36.4m)
  gen 18 #12 F=0.3014 acc=[29.9 30.8 31.0]% L=2 syn/n=8.64 (36.4m)
  gen 18 #13 F=0.3019 acc=[30.1 30.4 30.8]% L=2 syn/n=5.41 (36.4m)
  gen 18 #14 F=0.3096 acc=[30.4 32.0 32.1]% L=2 syn/n=7.42 (36.5m)
  gen 18 #15 F=0.3052 acc=[29.9 31.6 31.9]% L=2 syn/n=8.14 (36.5m)
  gen 18 #16 F=0.3034 acc=[30.3 30.7 30.6]% L=2 syn/n=4.77 (36.5m)
  gen 18 #17 F=0.3011 acc=[30.3 30.3 30.9]% L=3 syn/n=10.92 (36.5m)
  gen 18 #18 F=0.3040 acc=[30.2 30.8 31.7]% L=2 syn/n=9.87 (36.5m)
  gen 18 #19 F=0.3045 acc=[30.2 30.9 31.0]% L=2 syn/n=3.9 (36.5m)
  gen 18 #20 F=0.3039 acc=[30.5 30.7 30.9]% L=2 syn/n=10.58 (36.6m)
  gen 18 #21 F=0.3055 acc=[30.7 30.5 31.1]% L=2 syn/n=5.11 (36.6m)
  gen 18 #22 F=0.3024 acc=[30.2 30.6 30.7]% L=2 syn/n=6.03 (36.6m)
  gen 18 #23 F=0.2988 acc=[30.3 29.8 30.2]% L=2 syn/n=6.66 (36.8m)
gen 18: best F=0.3103 acc=[30.8 31.3 32.7]% mean F=0.3045 · {"n_layers":2,"inhib_frac":0.07941789890140165,"ff_fan":6,"rec_fan":1,"skip_fan":6,"fb_fan":5,"inh_fan":29,"w_exc":0.262655966329201,"w_inh":0.5260909226031895,"rec_gain":0.1797279488437733,"fb_gain":0.46711600604485,"delay_scale":1.4758939560728608}
  gen 19 # 0 F=0.3532 acc=[34.9 36.6 36.1]% L=2 syn/n=8.35 (36.8m)
  gen 19 # 1 F=0.3577 acc=[35.1 37.0 36.9]% L=2 syn/n=7.51 (36.8m)
  gen 19 # 2 F=0.3574 acc=[35.2 36.6 36.9]% L=2 syn/n=7.52 (36.8m)
  gen 19 # 3 F=0.3569 acc=[36.8 35.1 37.0]% L=2 syn/n=10.38 (36.8m)
  gen 19 # 4 F=0.3574 acc=[35.3 36.8 36.7]% L=2 syn/n=10.51 (36.9m)
  gen 19 # 5 F=0.3582 acc=[35.4 36.9 36.7]% L=2 syn/n=9.23 (36.9m)
  gen 19 # 6 F=0.3580 acc=[35.4 37.8 36.2]% L=2 syn/n=8.51 (36.9m)
  gen 19 # 7 F=0.3602 acc=[35.2 37.5 37.7]% L=2 syn/n=9.79 (36.9m)
  gen 19 # 8 F=0.3582 acc=[35.7 37.0 35.9]% L=2 syn/n=5.45 (36.9m)
  gen 19 # 9 F=0.3570 acc=[35.1 37.1 36.9]% L=2 syn/n=11.92 (37.0m)
  gen 19 #10 F=0.3524 acc=[35.3 35.1 37.3]% L=3 syn/n=6.59 (37.0m)
  gen 19 #11 F=0.3543 acc=[34.8 36.8 36.7]% L=2 syn/n=11.91 (37.0m)
  gen 19 #12 F=0.3589 acc=[35.4 36.7 36.9]% L=2 syn/n=6.72 (37.0m)
  gen 19 #13 F=0.3536 acc=[35.3 35.8 36.1]% L=2 syn/n=10.68 (37.0m)
  gen 19 #14 F=0.3460 acc=[35.3 35.6 34.4]% L=2 syn/n=10.59 (37.4m)
  gen 19 #15 F=0.3514 acc=[35.3 35.2 36.8]% L=3 syn/n=11.67 (37.5m)
  gen 19 #16 F=0.3569 acc=[35.2 37.9 36.2]% L=2 syn/n=10.19 (37.5m)
  gen 19 #17 F=0.3585 acc=[35.2 37.1 37.1]% L=2 syn/n=7.94 (37.5m)
  gen 19 #18 F=0.3501 acc=[35.3 35.2 35.3]% L=3 syn/n=10.99 (37.6m)
  gen 19 #19 F=0.3547 acc=[35.5 35.7 36.5]% L=2 syn/n=9.92 (37.6m)
  gen 19 #20 F=0.3503 acc=[35.0 35.6 35.4]% L=2 syn/n=9.43 (37.6m)
  gen 19 #21 F=0.3487 acc=[35.3 35.0 35.2]% L=2 syn/n=12.27 (37.7m)
  gen 19 #22 F=0.3610 acc=[35.8 36.7 36.9]% L=2 syn/n=7.52 (37.7m)
  gen 19 #23 F=0.3628 acc=[35.3 38.1 37.8]% L=2 syn/n=7.83 (37.7m)
gen 19: best F=0.3628 acc=[35.3 38.1 37.8]% mean F=0.3556 · {"n_layers":2,"inhib_frac":0.05,"ff_fan":6,"rec_fan":1,"skip_fan":5,"fb_fan":4,"inh_fan":40,"w_exc":0.25801404419897245,"w_inh":0.15,"rec_gain":0.05,"fb_gain":0.5146905190805279,"delay_scale":1.1640179377430198}
v12-hand       F=0.3186 acc=[32.1 32.1 33.4]% L=4 syn/n=19.94
v13-winner     F=0.3310 acc=[33.0 33.6 34.0]% L=4 syn/n=11.19
v14-gen0-best  F=0.3364 acc=[34.3 34.6 33.6]% L=2 syn/n=14.53
v14-evolved    F=0.3382 acc=[32.3 36.3 36.0]% L=2 syn/n=7.89

checkpoint: /Users/marycarrigan/coding/morpho-snn/snn/experiments/results/evolve2-seed42.json
