v17 memory-selected evolution · seed 42 · pop 16 · gens 12 · scales [2000,8000] · tasks [recall2,recall4,parity3] · taps+bias readout only
  gen 0 # 0 F=0.0010 skill=0.007 recall4=[0.144,0.13] L=3 rec=12 (0.7m)
  gen 0 # 1 F=0.1829 skill=0.216 recall4=[0.248,0.163] L=3 rec=5 (1.1m)
  gen 0 # 2 F=0.0692 skill=0.110 recall4=[0.223,0.131] L=4 rec=10 (1.5m)
  gen 0 # 3 F=-0.0053 skill=0.001 recall4=[0.115,0.113] L=5 rec=11 (1.6m)
  gen 0 # 4 F=0.2437 skill=0.271 recall4=[0.219,0.297] L=3 rec=2 (1.7m)
  gen 0 # 5 F=0.1903 skill=0.213 recall4=[0.206,0.304] L=5 rec=13 (1.7m)
  gen 0 # 6 F=0.1463 skill=0.163 recall4=[0.22,0.274] L=5 rec=14 (1.8m)
  gen 0 # 7 F=0.0049 skill=0.014 recall4=[0.15,0.113] L=4 rec=4 (1.9m)
  gen 0 # 8 F=0.2912 skill=0.339 recall4=[0.223,0.288] L=3 rec=4 (2.0m)
  gen 0 # 9 F=0.0789 skill=0.087 recall4=[0.185,0.199] L=5 rec=6 (2.0m)
  gen 0 #10 F=0.1430 skill=0.192 recall4=[0.197,0.188] L=6 rec=13 (3.0m)
  gen 0 #11 F=-0.0036 skill=0.001 recall4=[0.121,0.106] L=2 rec=16 (5.0m)
  gen 0 #12 F=0.1957 skill=0.214 recall4=[0.308,0.224] L=2 rec=15 (5.1m)
  gen 0 #13 F=0.3189 skill=0.326 recall4=[0.305,0.278] L=2 rec=5 (5.1m)
  gen 0 #14 F=0.1295 skill=0.139 recall4=[0.2,0.24] L=5 rec=10 (5.1m)
  gen 0 #15 F=0.0694 skill=0.079 recall4=[0.139,0.197] L=6 rec=0 (5.1m)
gen 0: best F=0.3189 skill=0.326 tasks={"recall2":[0.375,0.403],"recall4":[0.305,0.278],"parity3":[0.756,0.731]} · {"n_layers":2,"inhib_frac":0.36154171063099055,"ff_fan":13,"rec_fan":5,"skip_fan":2,"fb_fan":5,"inh_fan":22,"w_exc":0.21901727959048004,"w_inh":0.7078759034047836,"rec_gain":1.0290387142333202,"fb_gain":0.05702593353344128,"delay_scale":0.781966630963143}
  gen 1 # 0 F=0.2943 skill=0.321 recall4=[0.3,0.289] L=2 rec=5 (5.2m)
  gen 1 # 1 F=0.3049 skill=0.344 recall4=[0.264,0.3] L=3 rec=4 (5.2m)
  gen 1 # 2 F=0.2660 skill=0.278 recall4=[0.245,0.272] L=3 rec=2 (5.3m)
  gen 1 # 3 F=0.2065 skill=0.250 recall4=[0.306,0.204] L=2 rec=15 (5.3m)
  gen 1 # 4 F=0.3035 skill=0.336 recall4=[0.274,0.256] L=3 rec=2 (5.4m)
  gen 1 # 5 F=0.3359 skill=0.352 recall4=[0.332,0.279] L=2 rec=1 (5.4m)
  gen 1 # 6 F=0.3826 skill=0.392 recall4=[0.353,0.305] L=2 rec=2 (5.4m)
  gen 1 # 7 F=0.1572 skill=0.171 recall4=[0.239,0.222] L=3 rec=3 (5.5m)
  gen 1 # 8 F=0.1365 skill=0.176 recall4=[0.284,0.22] L=2 rec=2 (5.5m)
  gen 1 # 9 F=0.1228 skill=0.156 recall4=[0.259,0.169] L=2 rec=15 (5.5m)
  gen 1 #10 F=0.2902 skill=0.300 recall4=[0.282,0.273] L=3 rec=14 (5.6m)
  gen 1 #11 F=0.1388 skill=0.199 recall4=[0.335,0.219] L=2 rec=15 (5.6m)
  gen 1 #12 F=0.3152 skill=0.323 recall4=[0.266,0.265] L=2 rec=4 (5.6m)
  gen 1 #13 F=0.3528 skill=0.374 recall4=[0.259,0.273] L=3 rec=4 (5.7m)
  gen 1 #14 F=0.2899 skill=0.323 recall4=[0.238,0.267] L=3 rec=4 (5.7m)
  gen 1 #15 F=0.1341 skill=0.159 recall4=[0.266,0.216] L=2 rec=1 (5.8m)
gen 1: best F=0.3826 skill=0.392 tasks={"recall2":[0.419,0.433],"recall4":[0.353,0.305],"parity3":[0.769,0.831]} · {"n_layers":2,"inhib_frac":0.36592743744675965,"ff_fan":7,"rec_fan":2,"skip_fan":6,"fb_fan":6,"inh_fan":22,"w_exc":0.446327254554688,"w_inh":0.7078759034047836,"rec_gain":0.8896246616781633,"fb_gain":0.25194137198307404,"delay_scale":0.781966630963143}
  gen 2 # 0 F=0.3435 skill=0.353 recall4=[0.356,0.294] L=2 rec=2 (5.8m)
  gen 2 # 1 F=0.2823 skill=0.325 recall4=[0.314,0.296] L=3 rec=4 (5.9m)
  gen 2 # 2 F=0.3490 skill=0.362 recall4=[0.354,0.285] L=2 rec=1 (5.9m)
  gen 2 # 3 F=0.3398 skill=0.347 recall4=[0.341,0.26] L=2 rec=4 (5.9m)
  gen 2 # 4 F=0.3469 skill=0.352 recall4=[0.342,0.298] L=2 rec=1 (6.0m)
  gen 2 # 5 F=0.2505 skill=0.262 recall4=[0.295,0.226] L=5 rec=4 (6.1m)
  gen 2 # 6 F=0.3006 skill=0.319 recall4=[0.373,0.314] L=2 rec=3 (6.2m)
  gen 2 # 7 F=0.1906 skill=0.224 recall4=[0.303,0.221] L=2 rec=4 (6.2m)
  gen 2 # 8 F=0.3153 skill=0.334 recall4=[0.313,0.26] L=3 rec=0 (6.2m)
  gen 2 # 9 F=0.3755 skill=0.392 recall4=[0.292,0.259] L=3 rec=6 (6.3m)
  gen 2 #10 F=0.1888 skill=0.215 recall4=[0.148,0.278] L=2 rec=4 (6.6m)
  gen 2 #11 F=0.3525 skill=0.361 recall4=[0.356,0.331] L=2 rec=0 (6.7m)
  gen 2 #12 F=0.0117 skill=0.019 recall4=[0.14,0.127] L=3 rec=4 (7.4m)
  gen 2 #13 F=0.3475 skill=0.372 recall4=[0.37,0.306] L=2 rec=0 (7.4m)
  gen 2 #14 F=0.2763 skill=0.303 recall4=[0.325,0.283] L=3 rec=2 (7.5m)
  gen 2 #15 F=0.2309 skill=0.267 recall4=[0.309,0.331] L=3 rec=3 (7.6m)
gen 2: best F=0.3755 skill=0.392 tasks={"recall2":[0.487,0.413],"recall4":[0.292,0.259],"parity3":[0.747,0.885]} · {"n_layers":3,"inhib_frac":0.3254002545677602,"ff_fan":12,"rec_fan":6,"skip_fan":10,"fb_fan":1,"inh_fan":17,"w_exc":0.3638173764407312,"w_inh":0.19284463315255856,"rec_gain":0.31717620812573954,"fb_gain":0.2465427635734701,"delay_scale":1.5465392857363558}
  gen 3 # 0 F=0.2984 skill=0.349 recall4=[0.267,0.289] L=3 rec=6 (7.7m)
  gen 3 # 1 F=0.3466 skill=0.353 recall4=[0.343,0.336] L=2 rec=0 (7.7m)
  gen 3 # 2 F=0.3405 skill=0.345 recall4=[0.311,0.26] L=2 rec=1 (7.7m)
  gen 3 # 3 F=0.3745 skill=0.407 recall4=[0.338,0.32] L=2 rec=0 (7.8m)
  gen 3 # 4 F=0.3802 skill=0.387 recall4=[0.361,0.301] L=2 rec=2 (7.8m)
  gen 3 # 5 F=0.3779 skill=0.389 recall4=[0.359,0.307] L=2 rec=0 (7.9m)
  gen 3 # 6 F=0.3615 skill=0.371 recall4=[0.358,0.28] L=2 rec=0 (7.9m)
  gen 3 # 7 F=0.2973 skill=0.315 recall4=[0.257,0.317] L=4 rec=0 (8.0m)
  gen 3 # 8 F=0.2389 skill=0.257 recall4=[0.252,0.296] L=4 rec=6 (8.1m)
  gen 3 # 9 F=0.3384 skill=0.357 recall4=[0.329,0.289] L=2 rec=1 (8.1m)
  gen 3 #10 F=0.3298 skill=0.348 recall4=[0.316,0.26] L=2 rec=0 (8.2m)
  gen 3 #11 F=0.2280 skill=0.274 recall4=[0.247,0.301] L=3 rec=1 (8.2m)
  gen 3 #12 F=0.3147 skill=0.320 recall4=[0.278,0.246] L=2 rec=1 (8.3m)
  gen 3 #13 F=0.3185 skill=0.340 recall4=[0.354,0.29] L=2 rec=0 (8.3m)
  gen 3 #14 F=0.3764 skill=0.405 recall4=[0.356,0.316] L=2 rec=0 (8.3m)
  gen 3 #15 F=0.3289 skill=0.344 recall4=[0.335,0.313] L=2 rec=0 (8.4m)
gen 3: best F=0.3802 skill=0.387 tasks={"recall2":[0.45,0.418],"recall4":[0.361,0.301],"parity3":[0.747,0.825]} · {"n_layers":2,"inhib_frac":0.30141771118430216,"ff_fan":6,"rec_fan":2,"skip_fan":3,"fb_fan":6,"inh_fan":22,"w_exc":0.5178024742332067,"w_inh":0.5154295055279623,"rec_gain":0.49534590219788793,"fb_gain":0.05,"delay_scale":0.5384108257985524}
  gen 4 # 0 F=0.3945 skill=0.404 recall4=[0.362,0.305] L=2 rec=2 (8.4m)
  gen 4 # 1 F=0.3596 skill=0.362 recall4=[0.373,0.302] L=2 rec=0 (8.5m)
  gen 4 # 2 F=0.3520 skill=0.373 recall4=[0.358,0.292] L=2 rec=0 (8.5m)
  gen 4 # 3 F=0.3528 skill=0.379 recall4=[0.362,0.293] L=2 rec=0 (8.5m)
  gen 4 # 4 F=0.3503 skill=0.365 recall4=[0.352,0.264] L=2 rec=2 (8.6m)
  gen 4 # 5 F=0.3533 skill=0.372 recall4=[0.328,0.3] L=2 rec=1 (8.6m)
  gen 4 # 6 F=0.3775 skill=0.381 recall4=[0.38,0.299] L=2 rec=2 (8.7m)
  gen 4 # 7 F=0.3459 skill=0.352 recall4=[0.312,0.297] L=2 rec=2 (8.7m)
  gen 4 # 8 F=0.3725 skill=0.377 recall4=[0.348,0.308] L=2 rec=0 (8.8m)
  gen 4 # 9 F=0.2704 skill=0.285 recall4=[0.209,0.245] L=2 rec=2 (9.0m)
  gen 4 #10 F=0.3854 skill=0.395 recall4=[0.38,0.277] L=2 rec=0 (9.0m)
  gen 4 #11 F=0.1096 skill=0.174 recall4=[0.288,0.167] L=2 rec=3 (9.2m)
  gen 4 #12 F=0.2675 skill=0.302 recall4=[0.265,0.287] L=3 rec=4 (9.3m)
  gen 4 #13 F=0.3238 skill=0.340 recall4=[0.311,0.335] L=2 rec=0 (9.3m)
  gen 4 #14 F=0.3535 skill=0.369 recall4=[0.347,0.308] L=2 rec=0 (9.3m)
  gen 4 #15 F=0.3484 skill=0.358 recall4=[0.351,0.298] L=2 rec=0 (9.4m)
gen 4: best F=0.3945 skill=0.404 tasks={"recall2":[0.454,0.416],"recall4":[0.362,0.305],"parity3":[0.761,0.859]} · {"n_layers":2,"inhib_frac":0.30141771118430216,"ff_fan":6,"rec_fan":2,"skip_fan":3,"fb_fan":6,"inh_fan":22,"w_exc":0.5178024742332067,"w_inh":0.5154295055279623,"rec_gain":0.49534590219788793,"fb_gain":0.05,"delay_scale":0.5384108257985524}
  gen 5 # 0 F=0.3949 skill=0.399 recall4=[0.349,0.28] L=2 rec=2 (9.4m)
  gen 5 # 1 F=0.3668 skill=0.381 recall4=[0.372,0.268] L=2 rec=0 (9.5m)
  gen 5 # 2 F=0.3634 skill=0.379 recall4=[0.363,0.291] L=2 rec=2 (9.5m)
  gen 5 # 3 F=0.3672 skill=0.371 recall4=[0.346,0.329] L=2 rec=0 (9.5m)
  gen 5 # 4 F=0.4031 skill=0.406 recall4=[0.368,0.269] L=2 rec=2 (9.6m)
  gen 5 # 5 F=0.3429 skill=0.352 recall4=[0.338,0.281] L=2 rec=2 (9.6m)
  gen 5 # 6 F=0.3261 skill=0.347 recall4=[0.336,0.286] L=2 rec=0 (9.7m)
  gen 5 # 7 F=0.3464 skill=0.368 recall4=[0.356,0.273] L=2 rec=0 (9.7m)
  gen 5 # 8 F=0.3516 skill=0.371 recall4=[0.34,0.226] L=2 rec=0 (9.7m)
  gen 5 # 9 F=0.3578 skill=0.360 recall4=[0.323,0.294] L=2 rec=2 (9.8m)
  gen 5 #10 F=0.3645 skill=0.370 recall4=[0.361,0.263] L=2 rec=1 (9.8m)
  gen 5 #11 F=0.3707 skill=0.382 recall4=[0.364,0.279] L=2 rec=2 (9.8m)
  gen 5 #12 F=0.3760 skill=0.386 recall4=[0.321,0.278] L=2 rec=2 (9.9m)
  gen 5 #13 F=0.3661 skill=0.370 recall4=[0.333,0.334] L=2 rec=0 (10.0m)
  gen 5 #14 F=0.0738 skill=0.142 recall4=[0.345,0.116] L=2 rec=3 (10.0m)
  gen 5 #15 F=0.2288 skill=0.279 recall4=[0.33,0.116] L=2 rec=2 (10.1m)
gen 5: best F=0.4031 skill=0.406 tasks={"recall2":[0.496,0.437],"recall4":[0.368,0.269],"parity3":[0.754,0.854]} · {"n_layers":2,"inhib_frac":0.230131568142439,"ff_fan":6,"rec_fan":2,"skip_fan":3,"fb_fan":5,"inh_fan":13,"w_exc":0.5178024742332067,"w_inh":0.3977599558612773,"rec_gain":0.4335463585599146,"fb_gain":0.05,"delay_scale":1.7506001698358993}
  gen 6 # 0 F=0.4068 skill=0.410 recall4=[0.315,0.29] L=2 rec=2 (10.1m)
  gen 6 # 1 F=0.3988 skill=0.404 recall4=[0.354,0.322] L=2 rec=2 (10.2m)
  gen 6 # 2 F=0.3317 skill=0.349 recall4=[0.317,0.178] L=2 rec=2 (10.4m)
  gen 6 # 3 F=0.3847 skill=0.395 recall4=[0.381,0.286] L=2 rec=2 (10.5m)
  gen 6 # 4 F=0.3510 skill=0.356 recall4=[0.333,0.259] L=2 rec=3 (10.5m)
  gen 6 # 5 F=0.3965 skill=0.407 recall4=[0.355,0.319] L=2 rec=2 (10.6m)
  gen 6 # 6 F=0.3653 skill=0.375 recall4=[0.321,0.308] L=3 rec=0 (10.7m)
  gen 6 # 7 F=0.3824 skill=0.386 recall4=[0.335,0.275] L=2 rec=6 (10.7m)
  gen 6 # 8 F=0.3624 skill=0.393 recall4=[0.261,0.302] L=3 rec=4 (10.8m)
  gen 6 # 9 F=0.1970 skill=0.247 recall4=[0.323,0.257] L=2 rec=0 (10.9m)
  gen 6 #10 F=0.4720 skill=0.505 recall4=[0.358,0.43] L=2 rec=2 (10.9m)
  gen 6 #11 F=0.3950 skill=0.400 recall4=[0.324,0.333] L=2 rec=2 (11.0m)
  gen 6 #12 F=0.2816 skill=0.311 recall4=[0.324,0.266] L=2 rec=3 (11.0m)
  gen 6 #13 F=0.3922 skill=0.401 recall4=[0.349,0.307] L=2 rec=2 (11.1m)
  gen 6 #14 F=0.3061 skill=0.350 recall4=[0.378,0.252] L=2 rec=2 (11.1m)
  gen 6 #15 F=0.4039 skill=0.418 recall4=[0.359,0.317] L=2 rec=2 (11.1m)
gen 6: best F=0.4720 skill=0.505 tasks={"recall2":[0.506,0.684],"recall4":[0.358,0.43],"parity3":[0.813,0.858]} · {"n_layers":2,"inhib_frac":0.2187867306798552,"ff_fan":6,"rec_fan":2,"skip_fan":3,"fb_fan":5,"inh_fan":16,"w_exc":0.6,"w_inh":0.3977599558612773,"rec_gain":0.7740930457889015,"fb_gain":0.05,"delay_scale":1.8310350721496371}
  gen 7 # 0 F=0.4676 skill=0.492 recall4=[0.356,0.413] L=2 rec=2 (11.2m)
  gen 7 # 1 F=0.3771 skill=0.391 recall4=[0.338,0.26] L=2 rec=2 (11.2m)
  gen 7 # 2 F=0.4004 skill=0.412 recall4=[0.328,0.314] L=2 rec=2 (11.3m)
  gen 7 # 3 F=0.3961 skill=0.400 recall4=[0.374,0.297] L=2 rec=2 (11.3m)
  gen 7 # 4 F=0.3727 skill=0.382 recall4=[0.359,0.338] L=2 rec=2 (11.4m)
  gen 7 # 5 F=-0.0032 skill=0.000 recall4=[0.107,0.114] L=2 rec=9 (11.5m)
  gen 7 # 6 F=0.2175 skill=0.237 recall4=[0.305,0.114] L=2 rec=5 (11.6m)
  gen 7 # 7 F=0.3365 skill=0.350 recall4=[0.343,0.28] L=2 rec=6 (11.6m)
  gen 7 # 8 F=0.4150 skill=0.437 recall4=[0.358,0.417] L=2 rec=2 (11.7m)
  gen 7 # 9 F=0.1932 skill=0.265 recall4=[0.304,0.223] L=2 rec=0 (11.8m)
  gen 7 #10 F=0.3192 skill=0.349 recall4=[0.296,0.275] L=3 rec=2 (11.8m)
  gen 7 #11 F=0.3941 skill=0.400 recall4=[0.322,0.272] L=2 rec=2 (11.9m)
  gen 7 #12 F=0.3929 skill=0.404 recall4=[0.386,0.302] L=2 rec=0 (11.9m)
  gen 7 #13 F=0.3624 skill=0.386 recall4=[0.348,0.302] L=2 rec=2 (12.0m)
  gen 7 #14 F=0.3583 skill=0.382 recall4=[0.344,0.259] L=3 rec=1 (12.0m)
  gen 7 #15 F=0.3553 skill=0.389 recall4=[0.377,0.288] L=2 rec=2 (12.0m)
gen 7: best F=0.4676 skill=0.492 tasks={"recall2":[0.533,0.66],"recall4":[0.356,0.413],"parity3":[0.805,0.836]} · {"n_layers":2,"inhib_frac":0.2187867306798552,"ff_fan":6,"rec_fan":2,"skip_fan":3,"fb_fan":5,"inh_fan":16,"w_exc":0.6,"w_inh":0.3977599558612773,"rec_gain":0.7740930457889015,"fb_gain":0.05,"delay_scale":1.8310350721496371}
  gen 8 # 0 F=0.4436 skill=0.473 recall4=[0.326,0.391] L=2 rec=2 (12.1m)
  gen 8 # 1 F=0.3879 skill=0.419 recall4=[0.335,0.391] L=2 rec=2 (12.2m)
  gen 8 # 2 F=0.3580 skill=0.366 recall4=[0.341,0.303] L=2 rec=2 (12.2m)
  gen 8 # 3 F=0.3654 skill=0.372 recall4=[0.329,0.277] L=2 rec=2 (12.3m)
  gen 8 # 4 F=0.3334 skill=0.375 recall4=[0.329,0.375] L=2 rec=2 (12.3m)
  gen 8 # 5 F=0.4012 skill=0.425 recall4=[0.311,0.349] L=2 rec=1 (12.4m)
  gen 8 # 6 F=0.3483 skill=0.366 recall4=[0.324,0.283] L=2 rec=0 (12.4m)
  gen 8 # 7 F=0.3371 skill=0.370 recall4=[0.252,0.286] L=2 rec=4 (12.5m)
  gen 8 # 8 F=0.3485 skill=0.354 recall4=[0.323,0.248] L=2 rec=0 (12.5m)
  gen 8 # 9 F=0.2364 skill=0.288 recall4=[0.26,0.245] L=3 rec=2 (12.6m)
  gen 8 #10 F=0.3429 skill=0.358 recall4=[0.322,0.254] L=2 rec=0 (12.6m)
  gen 8 #11 F=0.3750 skill=0.383 recall4=[0.319,0.253] L=2 rec=2 (12.6m)
  gen 8 #12 F=0.4516 skill=0.469 recall4=[0.355,0.396] L=2 rec=2 (12.7m)
  gen 8 #13 F=0.3554 skill=0.359 recall4=[0.341,0.263] L=2 rec=5 (12.8m)
  gen 8 #14 F=0.4346 skill=0.442 recall4=[0.305,0.318] L=2 rec=2 (12.8m)
  gen 8 #15 F=0.0075 skill=0.020 recall4=[0.119,0.176] L=3 rec=5 (12.9m)
gen 8: best F=0.4516 skill=0.469 tasks={"recall2":[0.502,0.553],"recall4":[0.355,0.396],"parity3":[0.812,0.849]} · {"n_layers":2,"inhib_frac":0.22938552696911696,"ff_fan":8,"rec_fan":2,"skip_fan":3,"fb_fan":6,"inh_fan":25,"w_exc":0.6,"w_inh":0.4882817356519572,"rec_gain":0.7740930457889015,"fb_gain":0.05,"delay_scale":1.8310350721496371}
  gen 9 # 0 F=0.3567 skill=0.391 recall4=[0.351,0.285] L=2 rec=2 (13.0m)
  gen 9 # 1 F=0.3860 skill=0.407 recall4=[0.352,0.273] L=2 rec=2 (13.0m)
  gen 9 # 2 F=0.3672 skill=0.381 recall4=[0.342,0.223] L=2 rec=2 (13.1m)
  gen 9 # 3 F=0.4256 skill=0.447 recall4=[0.332,0.334] L=2 rec=1 (13.1m)
  gen 9 # 4 F=0.3569 skill=0.360 recall4=[0.283,0.277] L=2 rec=0 (13.1m)
  gen 9 # 5 F=0.2402 skill=0.308 recall4=[0.118,0.382] L=2 rec=3 (13.2m)
  gen 9 # 6 F=0.3862 skill=0.396 recall4=[0.28,0.273] L=2 rec=0 (13.3m)
  gen 9 # 7 F=0.4031 skill=0.437 recall4=[0.331,0.37] L=2 rec=1 (13.3m)
  gen 9 # 8 F=0.4155 skill=0.437 recall4=[0.393,0.349] L=2 rec=1 (13.4m)
  gen 9 # 9 F=0.3901 skill=0.407 recall4=[0.374,0.294] L=2 rec=0 (13.4m)
  gen 9 #10 F=0.3483 skill=0.363 recall4=[0.36,0.279] L=2 rec=2 (13.5m)
  gen 9 #11 F=0.3295 skill=0.333 recall4=[0.312,0.255] L=2 rec=0 (13.5m)
  gen 9 #12 F=0.4076 skill=0.440 recall4=[0.327,0.36] L=3 rec=1 (13.6m)
  gen 9 #13 F=0.2658 skill=0.322 recall4=[0.118,0.308] L=2 rec=2 (13.7m)
  gen 9 #14 F=0.3496 skill=0.363 recall4=[0.326,0.305] L=2 rec=0 (13.7m)
  gen 9 #15 F=0.4078 skill=0.419 recall4=[0.349,0.312] L=2 rec=1 (13.7m)
gen 9: best F=0.4256 skill=0.447 tasks={"recall2":[0.489,0.522],"recall4":[0.332,0.334],"parity3":[0.786,0.883]} · {"n_layers":2,"inhib_frac":0.2187867306798552,"ff_fan":10,"rec_fan":1,"skip_fan":1,"fb_fan":6,"inh_fan":16,"w_exc":0.6,"w_inh":0.4882817356519572,"rec_gain":0.684172064081644,"fb_gain":0.12695080226936845,"delay_scale":1.8310350721496371}
  gen 10 # 0 F=0.3901 skill=0.410 recall4=[0.329,0.387] L=2 rec=1 (13.8m)
  gen 10 # 1 F=0.4191 skill=0.426 recall4=[0.363,0.355] L=2 rec=1 (13.9m)
  gen 10 # 2 F=0.3869 skill=0.391 recall4=[0.344,0.35] L=2 rec=1 (13.9m)
  gen 10 # 3 F=0.4630 skill=0.486 recall4=[0.315,0.376] L=3 rec=1 (14.1m)
  gen 10 # 4 F=0.3012 skill=0.321 recall4=[0.382,0.404] L=3 rec=6 (14.3m)
  gen 10 # 5 F=0.2799 skill=0.303 recall4=[0.365,0.255] L=2 rec=7 (14.3m)
  gen 10 # 6 F=0.3610 skill=0.394 recall4=[0.336,0.363] L=2 rec=1 (14.4m)
  gen 10 # 7 F=0.3799 skill=0.391 recall4=[0.353,0.392] L=3 rec=2 (14.5m)
  gen 10 # 8 F=0.4541 skill=0.457 recall4=[0.363,0.367] L=2 rec=1 (14.6m)
  gen 10 # 9 F=0.4019 skill=0.406 recall4=[0.382,0.319] L=2 rec=4 (14.6m)
  gen 10 #10 F=0.5047 skill=0.535 recall4=[0.282,0.369] L=2 rec=1 (14.7m)
  gen 10 #11 F=0.3950 skill=0.414 recall4=[0.356,0.348] L=2 rec=3 (14.8m)
  gen 10 #12 F=0.3940 skill=0.415 recall4=[0.314,0.341] L=2 rec=1 (14.9m)
  gen 10 #13 F=0.1661 skill=0.256 recall4=[0.31,0.184] L=3 rec=1 (15.0m)
  gen 10 #14 F=0.3453 skill=0.361 recall4=[0.314,0.339] L=3 rec=0 (15.0m)
  gen 10 #15 F=0.4114 skill=0.420 recall4=[0.34,0.329] L=2 rec=1 (15.1m)
gen 10: best F=0.5047 skill=0.535 tasks={"recall2":[0.508,0.654],"recall4":[0.282,0.369],"parity3":[0.91,0.946]} · {"n_layers":2,"inhib_frac":0.2187867306798552,"ff_fan":16,"rec_fan":1,"skip_fan":0,"fb_fan":6,"inh_fan":16,"w_exc":0.6,"w_inh":0.15,"rec_gain":0.6867886627006511,"fb_gain":0.05252501899198203,"delay_scale":1.4681828285417755}
  gen 11 # 0 F=0.5063 skill=0.531 recall4=[0.262,0.351] L=2 rec=1 (15.2m)
  gen 11 # 1 F=0.4718 skill=0.493 recall4=[0.322,0.374] L=3 rec=1 (15.4m)
  gen 11 # 2 F=0.4508 skill=0.455 recall4=[0.367,0.361] L=2 rec=1 (15.4m)
  gen 11 # 3 F=0.4004 skill=0.411 recall4=[0.375,0.318] L=2 rec=1 (15.5m)
  gen 11 # 4 F=0.3982 skill=0.404 recall4=[0.341,0.317] L=2 rec=1 (15.5m)
  gen 11 # 5 F=0.4037 skill=0.409 recall4=[0.371,0.336] L=2 rec=1 (15.6m)
  gen 11 # 6 F=0.0174 skill=0.035 recall4=[0.131,0.196] L=3 rec=3 (15.7m)
  gen 11 # 7 F=0.4002 skill=0.434 recall4=[0.28,0.355] L=3 rec=1 (15.9m)
  gen 11 # 8 F=0.4558 skill=0.465 recall4=[0.253,0.252] L=2 rec=0 (15.9m)
  gen 11 # 9 F=0.4488 skill=0.451 recall4=[0.25,0.245] L=2 rec=0 (16.0m)
  gen 11 #10 F=0.4009 skill=0.425 recall4=[0.354,0.34] L=3 rec=0 (16.1m)
  gen 11 #11 F=0.5049 skill=0.535 recall4=[0.251,0.358] L=2 rec=1 (16.2m)
  gen 11 #12 F=0.5202 skill=0.543 recall4=[0.289,0.372] L=2 rec=1 (16.3m)
  gen 11 #13 F=0.4437 skill=0.448 recall4=[0.31,0.333] L=2 rec=1 (16.3m)
  gen 11 #14 F=0.4681 skill=0.480 recall4=[0.361,0.395] L=2 rec=1 (16.4m)
  gen 11 #15 F=0.3786 skill=0.386 recall4=[0.361,0.33] L=2 rec=1 (16.5m)
gen 11: best F=0.5202 skill=0.543 tasks={"recall2":[0.496,0.617],"recall4":[0.289,0.372],"parity3":[0.948,0.953]} · {"n_layers":2,"inhib_frac":0.2187867306798552,"ff_fan":16,"rec_fan":1,"skip_fan":0,"fb_fan":6,"inh_fan":16,"w_exc":0.5864071120749439,"w_inh":0.18094545623901329,"rec_gain":0.8840114254909938,"fb_gain":0.05252501899198203,"delay_scale":1.4681828285417755}
v12-hand      F=0.1822 skill=0.229 tasks={"recall2":[0.46,0.12],"recall4":[0.284,0.12],"parity3":[0.69,0.715]} rec_fan=6
v14-winner    F=0.3758 skill=0.386 tasks={"recall2":[0.525,0.43],"recall4":[0.259,0.265],"parity3":[0.799,0.799]} rec_fan=1
gen0-best     F=0.3205 skill=0.326 tasks={"recall2":[0.394,0.413],"recall4":[0.311,0.282],"parity3":[0.722,0.743]} rec_fan=5
evolved-best  F=0.4911 skill=0.527 tasks={"recall2":[0.488,0.609],"recall4":[0.278,0.408],"parity3":[0.896,0.951]} rec_fan=1

checkpoint: /Users/marycarrigan/coding/morpho-snn/snn/experiments/results/evolve3-seed42.json
