v13 evolution · seed 7 · pop 16 · gens 12 · scales [2000,4000,8000] · taps 256 · fit 8000 · F = mean − 0.5·std − 0.02·syn/n/100
  gen 0 # 0 F=0.3467 acc=[34.9 34.9 35.7]% syn/n=13.81 (0.1m)
  gen 0 # 1 F=0.3440 acc=[34.9 34.9 35.5]% syn/n=26.66 (0.2m)
  gen 0 # 2 F=0.3441 acc=[34.9 34.8 34.9]% syn/n=20.96 (0.3m)
  gen 0 # 3 F=0.3457 acc=[35.5 34.8 34.9]% syn/n=16.28 (0.4m)
  gen 0 # 4 F=0.3418 acc=[34.8 34.6 34.8]% syn/n=25.11 (1.4m)
  gen 0 # 5 F=0.3442 acc=[35.2 34.9 34.9]% syn/n=25.6 (1.4m)
  gen 0 # 6 F=0.3433 acc=[34.9 34.9 35.1]% syn/n=28.13 (1.5m)
  gen 0 # 7 F=0.3441 acc=[34.8 34.8 36.0]% syn/n=25.11 (2.1m)
  gen 0 # 8 F=0.3451 acc=[35.3 35.1 34.7]% syn/n=20.86 (2.1m)
  gen 0 # 9 F=0.3423 acc=[34.9 35.7 34.5]% syn/n=25.84 (2.2m)
  gen 0 #10 F=0.3374 acc=[34.9 34.8 34.3]% syn/n=38.41 (3.0m)
  gen 0 #11 F=0.3439 acc=[34.8 34.9 34.9]% syn/n=21.86 (5.3m)
  gen 0 #12 F=0.3474 acc=[35.8 35.3 35.1]% syn/n=24.04 (5.4m)
  gen 0 #13 F=0.3316 acc=[34.9 34.9 33.1]% syn/n=36.03 (8.2m)
  gen 0 #14 F=0.3510 acc=[34.9 37.1 35.7]% syn/n=16.96 (8.3m)
  gen 0 #15 F=0.3468 acc=[34.7 35.1 35.9]% syn/n=14.07 (8.3m)
gen 0: best F=0.3510 acc=[34.9 37.1 35.7]% mean F=0.3437 · {"inhib_frac":0.16549622199963776,"ff_fan":2,"rec_fan":16,"skip_fan":2,"fb_fan":1,"inh_fan":5,"w_exc":0.3927794565446675,"w_inh":0.5576687453314662,"rec_gain":0.11033507164102048,"fb_gain":0.28480431165080516,"delay_scale":0.8347219116985798}
  gen 1 # 0 F=0.3973 acc=[39.9 40.5 40.2]% syn/n=16.93 (8.4m)
  gen 1 # 1 F=0.3783 acc=[38.5 38.1 38.7]% syn/n=23.96 (8.4m)
  gen 1 # 2 F=0.3964 acc=[39.7 40.3 40.2]% syn/n=14.1 (8.5m)
  gen 1 # 3 F=0.3959 acc=[39.9 39.9 39.9]% syn/n=13.76 (8.5m)
  gen 1 # 4 F=0.3829 acc=[39.0 38.3 39.9]% syn/n=23.09 (8.6m)
  gen 1 # 5 F=0.3928 acc=[39.2 40.1 40.1]% syn/n=16.33 (8.6m)
  gen 1 # 6 F=0.3878 acc=[40.8 40.8 38.1]% syn/n=25.18 (8.6m)
  gen 1 # 7 F=0.3985 acc=[40.7 39.9 40.7]% syn/n=18.93 (8.8m)
  gen 1 # 8 F=0.3799 acc=[38.3 38.9 38.6]% syn/n=25.51 (8.9m)
  gen 1 # 9 F=0.3826 acc=[39.3 38.3 39.3]% syn/n=22.65 (8.9m)
  gen 1 #10 F=0.3837 acc=[39.9 39.9 38.1]% syn/n=23.57 (10.9m)
  gen 1 #11 F=0.3965 acc=[39.7 40.3 39.9]% syn/n=10.68 (11.0m)
  gen 1 #12 F=0.3946 acc=[39.3 40.3 40.5]% syn/n=14.56 (11.0m)
  gen 1 #13 F=0.3953 acc=[39.7 41.0 39.9]% syn/n=17.82 (11.1m)
  gen 1 #14 F=0.3941 acc=[39.9 39.9 39.5]% syn/n=13.37 (11.1m)
  gen 1 #15 F=0.3946 acc=[39.9 39.9 39.7]% syn/n=17.18 (11.2m)
gen 1: best F=0.3985 acc=[40.7 39.9 40.7]% mean F=0.3907 · {"inhib_frac":0.09840149172722922,"ff_fan":2,"rec_fan":16,"skip_fan":3,"fb_fan":2,"inh_fan":4,"w_exc":0.3927794565446675,"w_inh":0.8952063781438078,"rec_gain":0.3174802440696205,"fb_gain":0.10941330001223833,"delay_scale":1.1066602499689906}
  gen 2 # 0 F=0.3451 acc=[34.6 35.3 35.3]% syn/n=18.83 (11.7m)
  gen 2 # 1 F=0.3514 acc=[35.2 36.0 35.7]% syn/n=16.91 (11.9m)
  gen 2 # 2 F=0.3525 acc=[35.7 35.2 36.1]% syn/n=10.77 (11.9m)
  gen 2 # 3 F=0.3446 acc=[34.8 35.5 34.5]% syn/n=14.21 (12.0m)
  gen 2 # 4 F=0.3485 acc=[35.2 35.2 35.9]% syn/n=20.77 (12.1m)
  gen 2 # 5 F=0.3498 acc=[35.2 35.1 37.0]% syn/n=16.91 (12.2m)
  gen 2 # 6 F=0.3443 acc=[35.2 34.8 35.2]% syn/n=26.98 (13.2m)
  gen 2 # 7 F=0.3503 acc=[35.2 35.3 37.1]% syn/n=19.11 (13.3m)
  gen 2 # 8 F=0.3483 acc=[35.1 34.9 35.7]% syn/n=11.8 (13.3m)
  gen 2 # 9 F=0.3488 acc=[35.7 34.8 35.3]% syn/n=10.18 (13.4m)
  gen 2 #10 F=0.3501 acc=[35.3 35.4 35.2]% syn/n=13.07 (13.4m)
  gen 2 #11 F=0.3542 acc=[35.1 36.9 36.3]% syn/n=15.25 (13.4m)
  gen 2 #12 F=0.3468 acc=[35.2 35.3 35.1]% syn/n=24.49 (13.4m)
  gen 2 #13 F=0.3483 acc=[35.0 35.1 35.2]% syn/n=10.88 (13.5m)
  gen 2 #14 F=0.3486 acc=[35.2 35.1 36.1]% syn/n=19.7 (13.5m)
  gen 2 #15 F=0.3489 acc=[34.7 35.9 35.9]% syn/n=17.41 (14.0m)
gen 2: best F=0.3542 acc=[35.1 36.9 36.3]% mean F=0.3488 · {"inhib_frac":0.16549622199963776,"ff_fan":2,"rec_fan":13,"skip_fan":4,"fb_fan":1,"inh_fan":5,"w_exc":0.18367580026670577,"w_inh":0.6560574249913276,"rec_gain":0.11033507164102048,"fb_gain":0.18344153310166078,"delay_scale":0.8347219116985798}
  gen 3 # 0 F=0.3302 acc=[33.3 33.2 33.9]% syn/n=15.21 (14.0m)
  gen 3 # 1 F=0.3318 acc=[33.3 34.0 33.3]% syn/n=10.72 (14.0m)
  gen 3 # 2 F=0.3290 acc=[33.2 33.1 33.9]% syn/n=16.87 (14.0m)
  gen 3 # 3 F=0.3321 acc=[33.2 33.9 34.5]% syn/n=18.95 (14.2m)
  gen 3 # 4 F=0.3317 acc=[33.5 33.3 33.7]% syn/n=10.88 (14.2m)
  gen 3 # 5 F=0.3303 acc=[33.2 33.1 33.2]% syn/n=4.85 (14.2m)
  gen 3 # 6 F=0.3292 acc=[33.3 33.3 33.0]% syn/n=10.49 (14.3m)
  gen 3 # 7 F=0.3313 acc=[33.2 34.9 33.3]% syn/n=13.54 (14.3m)
  gen 3 # 8 F=0.3287 acc=[33.2 33.1 33.3]% syn/n=15.06 (14.3m)
  gen 3 # 9 F=0.3281 acc=[33.1 33.1 33.6]% syn/n=15.65 (14.4m)
  gen 3 #10 F=0.3307 acc=[33.2 33.7 33.4]% syn/n=12.99 (14.4m)
  gen 3 #11 F=0.3284 acc=[33.2 33.2 33.3]% syn/n=18.43 (14.7m)
  gen 3 #12 F=0.3287 acc=[33.2 33.1 33.5]% syn/n=15.04 (14.7m)
  gen 3 #13 F=0.3329 acc=[33.3 33.5 34.9]% syn/n=11.55 (14.7m)
  gen 3 #14 F=0.3290 acc=[32.9 33.3 33.6]% syn/n=12.78 (14.7m)
  gen 3 #15 F=0.3293 acc=[33.2 33.5 33.5]% syn/n=19.72 (14.8m)
gen 3: best F=0.3329 acc=[33.3 33.5 34.9]% mean F=0.3301 · {"inhib_frac":0.34493781363125886,"ff_fan":3,"rec_fan":0,"skip_fan":3,"fb_fan":1,"inh_fan":25,"w_exc":0.2214124521072555,"w_inh":0.5427247223397962,"rec_gain":0.9325614836066961,"fb_gain":0.5349140172591433,"delay_scale":1.8319102812924402}
  gen 4 # 0 F=0.3573 acc=[37.3 36.3 35.4]% syn/n=11.51 (14.8m)
  gen 4 # 1 F=0.3531 acc=[35.5 35.5 37.1]% syn/n=19.15 (14.8m)
  gen 4 # 2 F=0.3564 acc=[36.6 36.3 35.4]% syn/n=10.67 (14.9m)
  gen 4 # 3 F=0.3539 acc=[35.7 35.6 35.6]% syn/n=10.82 (14.9m)
  gen 4 # 4 F=0.3510 acc=[35.1 35.5 36.0]% syn/n=12.21 (14.9m)
  gen 4 # 5 F=0.3552 acc=[35.7 35.7 36.1]% syn/n=10.85 (14.9m)
  gen 4 # 6 F=0.3718 acc=[38.1 37.3 37.4]% syn/n=11.27 (14.9m)
  gen 4 # 7 F=0.3523 acc=[35.5 35.4 36.3]% syn/n=15.61 (15.0m)
  gen 4 # 8 F=0.3524 acc=[35.5 35.5 36.4]% syn/n=17.28 (15.0m)
  gen 4 # 9 F=0.3571 acc=[35.5 36.3 38.3]% syn/n=20.22 (15.1m)
  gen 4 #10 F=0.3545 acc=[35.5 35.5 38.3]% syn/n=17.6 (15.2m)
  gen 4 #11 F=0.3575 acc=[35.5 35.8 38.3]% syn/n=8.87 (15.2m)
  gen 4 #12 F=0.3577 acc=[38.7 36.9 34.9]% syn/n=13.01 (15.3m)
  gen 4 #13 F=0.3521 acc=[35.3 35.8 35.5]% syn/n=10.96 (15.3m)
  gen 4 #14 F=0.3513 acc=[35.5 35.7 35.4]% syn/n=17.43 (15.3m)
  gen 4 #15 F=0.3722 acc=[36.9 37.9 38.9]% syn/n=12.1 (15.3m)
gen 4: best F=0.3722 acc=[36.9 37.9 38.9]% mean F=0.3566 · {"inhib_frac":0.34773810513390485,"ff_fan":3,"rec_fan":0,"skip_fan":3,"fb_fan":0,"inh_fan":28,"w_exc":0.29493532155118324,"w_inh":0.5404213497690371,"rec_gain":0.9325614836066961,"fb_gain":0.45977766826738153,"delay_scale":1.881318158796057}
  gen 5 # 0 F=0.3596 acc=[36.9 36.0 36.3]% syn/n=12.03 (15.4m)
  gen 5 # 1 F=0.3582 acc=[36.9 35.5 36.7]% syn/n=11.16 (15.4m)
  gen 5 # 2 F=0.3643 acc=[36.7 36.7 36.9]% syn/n=12.9 (15.4m)
  gen 5 # 3 F=0.3581 acc=[35.9 35.9 37.1]% syn/n=8.81 (15.5m)
  gen 5 # 4 F=0.3593 acc=[37.1 35.7 36.7]% syn/n=12.49 (15.5m)
  gen 5 # 5 F=0.3613 acc=[36.5 36.2 36.6]% syn/n=10.33 (15.5m)
  gen 5 # 6 F=0.3537 acc=[35.4 35.8 35.9]% syn/n=11.43 (15.5m)
  gen 5 # 7 F=0.3604 acc=[36.0 36.4 37.1]% syn/n=11.25 (15.5m)
  gen 5 # 8 F=0.3540 acc=[36.0 35.1 37.1]% syn/n=13.99 (15.6m)
  gen 5 # 9 F=0.3657 acc=[36.9 36.5 37.1]% syn/n=8.65 (15.6m)
  gen 5 #10 F=0.3656 acc=[36.7 36.9 37.2]% syn/n=15.06 (15.6m)
  gen 5 #11 F=0.3549 acc=[36.8 35.2 36.4]% syn/n=15.3 (15.6m)
  gen 5 #12 F=0.3588 acc=[36.6 35.5 37.3]% syn/n=12.08 (15.7m)
  gen 5 #13 F=0.3566 acc=[36.3 35.5 37.1]% syn/n=14.21 (15.7m)
  gen 5 #14 F=0.3573 acc=[35.9 36.5 35.9]% syn/n=11.43 (15.8m)
  gen 5 #15 F=0.3535 acc=[36.2 35.4 35.8]% syn/n=14.46 (15.8m)
gen 5: best F=0.3657 acc=[36.9 36.5 37.1]% mean F=0.3588 · {"inhib_frac":0.27665371835571173,"ff_fan":2,"rec_fan":0,"skip_fan":2,"fb_fan":0,"inh_fan":25,"w_exc":0.21532933069015853,"w_inh":0.30764865690872556,"rec_gain":0.6438257130698231,"fb_gain":0.3175030548070077,"delay_scale":2}
  gen 6 # 0 F=0.4272 acc=[42.6 43.4 43.2]% syn/n=8.84 (15.8m)
  gen 6 # 1 F=0.4245 acc=[43.3 42.0 44.4]% syn/n=15.19 (15.9m)
  gen 6 # 2 F=0.4292 acc=[42.4 43.9 44.6]% syn/n=13.08 (15.9m)
  gen 6 # 3 F=0.4269 acc=[43.0 42.8 43.1]% syn/n=10.58 (15.9m)
  gen 6 # 4 F=0.4225 acc=[42.3 43.5 42.3]% syn/n=6.96 (15.9m)
  gen 6 # 5 F=0.4250 acc=[43.1 42.4 43.1]% syn/n=10.89 (15.9m)
  gen 6 # 6 F=0.4228 acc=[43.1 41.8 43.8]% syn/n=9.68 (15.9m)
  gen 6 # 7 F=0.4185 acc=[41.7 42.6 42.5]% syn/n=10.43 (16.0m)
  gen 6 # 8 F=0.4188 acc=[43.5 41.2 43.3]% syn/n=13.91 (16.0m)
  gen 6 # 9 F=0.4276 acc=[43.0 43.1 43.7]% syn/n=17.04 (16.1m)
  gen 6 #10 F=0.4273 acc=[43.4 42.7 43.3]% syn/n=12.89 (16.1m)
  gen 6 #11 F=0.4226 acc=[42.9 42.1 43.4]% syn/n=13.82 (16.1m)
  gen 6 #12 F=0.4174 acc=[41.7 42.2 43.3]% syn/n=15.51 (16.2m)
  gen 6 #13 F=0.4282 acc=[43.0 42.9 44.1]% syn/n=11.08 (16.2m)
  gen 6 #14 F=0.4251 acc=[42.7 43.8 42.6]% syn/n=13.08 (16.2m)
  gen 6 #15 F=0.4221 acc=[42.3 42.3 43.7]% syn/n=11.52 (16.3m)
gen 6: best F=0.4292 acc=[42.4 43.9 44.6]% mean F=0.4241 · {"inhib_frac":0.34493781363125886,"ff_fan":7,"rec_fan":0,"skip_fan":3,"fb_fan":0,"inh_fan":25,"w_exc":0.21532933069015853,"w_inh":0.33392137535900823,"rec_gain":0.6752631653076966,"fb_gain":0.3175030548070077,"delay_scale":2}
  gen 7 # 0 F=0.3659 acc=[36.5 37.6 37.2]% syn/n=12.98 (16.3m)
  gen 7 # 1 F=0.3596 acc=[36.4 36.3 36.1]% syn/n=10.94 (16.3m)
  gen 7 # 2 F=0.3513 acc=[35.1 36.3 35.7]% syn/n=17.02 (16.3m)
  gen 7 # 3 F=0.3459 acc=[35.3 34.9 34.7]% syn/n=12.76 (16.4m)
  gen 7 # 4 F=0.3607 acc=[37.3 36.1 36.3]% syn/n=12.13 (16.4m)
  gen 7 # 5 F=0.3654 acc=[36.6 37.1 37.1]% syn/n=13.77 (16.4m)
  gen 7 # 6 F=0.3454 acc=[35.4 35.1 34.5]% syn/n=14.89 (16.5m)
  gen 7 # 7 F=0.3629 acc=[36.3 37.0 36.9]% syn/n=15.62 (16.5m)
  gen 7 # 8 F=0.3610 acc=[36.7 36.1 36.7]% syn/n=13.61 (16.5m)
  gen 7 # 9 F=0.3630 acc=[36.4 36.5 37.8]% syn/n=13.36 (16.6m)
  gen 7 #10 F=0.3605 acc=[36.4 36.0 36.6]% syn/n=8.07 (16.6m)
  gen 7 #11 F=0.3632 acc=[36.5 36.5 37.3]% syn/n=12.98 (16.6m)
  gen 7 #12 F=0.3624 acc=[37.3 37.3 35.9]% syn/n=12.39 (16.6m)
  gen 7 #13 F=0.3579 acc=[35.8 37.3 36.2]% syn/n=16.36 (16.7m)
  gen 7 #14 F=0.3591 acc=[35.9 36.5 37.1]% syn/n=16.1 (16.7m)
  gen 7 #15 F=0.3582 acc=[36.1 35.9 36.4]% syn/n=10.4 (16.7m)
gen 7: best F=0.3659 acc=[36.5 37.6 37.2]% mean F=0.3589 · {"inhib_frac":0.34493781363125886,"ff_fan":7,"rec_fan":0,"skip_fan":3,"fb_fan":0,"inh_fan":25,"w_exc":0.21532933069015853,"w_inh":0.33392137535900823,"rec_gain":0.6752631653076966,"fb_gain":0.3175030548070077,"delay_scale":2}
  gen 8 # 0 F=0.3543 acc=[35.9 36.6 35.3]% syn/n=13.11 (16.7m)
  gen 8 # 1 F=0.3536 acc=[35.5 35.7 35.9]% syn/n=13.93 (16.8m)
  gen 8 # 2 F=0.3501 acc=[35.1 35.4 35.5]% syn/n=13.11 (16.8m)
  gen 8 # 3 F=0.3574 acc=[35.9 37.1 35.9]% syn/n=13.59 (16.8m)
  gen 8 # 4 F=0.3530 acc=[35.5 36.1 35.7]% syn/n=16.46 (16.9m)
  gen 8 # 5 F=0.3558 acc=[36.1 35.9 35.7]% syn/n=12.16 (16.9m)
  gen 8 # 6 F=0.3539 acc=[36.3 35.1 36.3]% syn/n=12.49 (16.9m)
  gen 8 # 7 F=0.3607 acc=[36.6 36.8 36.1]% syn/n=13.12 (16.9m)
  gen 8 # 8 F=0.3517 acc=[36.0 34.9 36.7]% syn/n=15.54 (16.9m)
  gen 8 # 9 F=0.3575 acc=[36.2 36.1 35.9]% syn/n=13.11 (17.0m)
  gen 8 #10 F=0.3576 acc=[35.8 36.1 37.2]% syn/n=15.84 (17.0m)
  gen 8 #11 F=0.3532 acc=[35.3 35.7 36.7]% syn/n=14.42 (17.0m)
  gen 8 #12 F=0.3590 acc=[35.7 36.7 36.8]% syn/n=13.27 (17.0m)
  gen 8 #13 F=0.3516 acc=[35.3 35.7 35.6]% syn/n=15.28 (17.1m)
  gen 8 #14 F=0.3580 acc=[36.2 35.7 36.9]% syn/n=12.07 (17.1m)
  gen 8 #15 F=0.3488 acc=[34.7 35.9 35.8]% syn/n=14.57 (17.1m)
gen 8: best F=0.3607 acc=[36.6 36.8 36.1]% mean F=0.3548 · {"inhib_frac":0.35,"ff_fan":4,"rec_fan":1,"skip_fan":3,"fb_fan":0,"inh_fan":27,"w_exc":0.17112032823342663,"w_inh":0.33392137535900823,"rec_gain":0.49317247204849146,"fb_gain":0.3175030548070077,"delay_scale":1.643547164372243}
  gen 9 # 0 F=0.3023 acc=[31.1 30.3 30.5]% syn/n=12.87 (17.1m)
  gen 9 # 1 F=0.3067 acc=[31.3 30.5 31.8]% syn/n=12.92 (17.2m)
  gen 9 # 2 F=0.3086 acc=[30.9 31.1 32.0]% syn/n=11.95 (17.2m)
  gen 9 # 3 F=0.3045 acc=[30.8 30.6 31.4]% syn/n=15.69 (17.2m)
  gen 9 # 4 F=0.3059 acc=[30.9 30.5 32.3]% syn/n=12.63 (17.3m)
  gen 9 # 5 F=0.3062 acc=[30.9 30.6 31.7]% syn/n=10.17 (17.3m)
  gen 9 # 6 F=0.3034 acc=[31.2 30.5 30.6]% syn/n=12.87 (17.3m)
  gen 9 # 7 F=0.3091 acc=[31.1 30.9 32.3]% syn/n=11.95 (17.3m)
  gen 9 # 8 F=0.3065 acc=[31.9 30.7 31.0]% syn/n=13.91 (17.3m)
  gen 9 # 9 F=0.3032 acc=[31.3 30.5 30.5]% syn/n=12.65 (17.3m)
  gen 9 #10 F=0.3038 acc=[31.3 30.5 30.8]% syn/n=15.03 (17.4m)
  gen 9 #11 F=0.3063 acc=[30.7 30.9 32.4]% syn/n=16.37 (17.4m)
  gen 9 #12 F=0.3062 acc=[31.5 30.1 32.4]% syn/n=10.52 (17.5m)
  gen 9 #13 F=0.3056 acc=[30.5 30.7 32.5]% syn/n=11.52 (17.5m)
  gen 9 #14 F=0.3025 acc=[31.1 30.1 31.0]% syn/n=12.19 (17.5m)
  gen 9 #15 F=0.3094 acc=[31.6 31.0 31.5]% syn/n=14.32 (17.6m)
gen 9: best F=0.3094 acc=[31.6 31.0 31.5]% mean F=0.3056 · {"inhib_frac":0.35,"ff_fan":9,"rec_fan":2,"skip_fan":3,"fb_fan":0,"inh_fan":22,"w_exc":0.21532933069015853,"w_inh":0.2,"rec_gain":0.4936810890894796,"fb_gain":0.30118621546709,"delay_scale":2}
  gen 10 # 0 F=0.3249 acc=[32.8 32.3 34.9]% syn/n=14.4 (17.6m)
  gen 10 # 1 F=0.3281 acc=[32.5 33.9 33.8]% syn/n=12.04 (17.6m)
  gen 10 # 2 F=0.3223 acc=[33.0 31.9 33.7]% syn/n=12.04 (17.7m)
  gen 10 # 3 F=0.3220 acc=[33.1 32.3 32.5]% syn/n=13.29 (17.7m)
  gen 10 # 4 F=0.3206 acc=[32.1 32.6 33.0]% syn/n=15.36 (17.7m)
  gen 10 # 5 F=0.3217 acc=[32.1 32.6 32.7]% syn/n=9.6 (17.7m)
  gen 10 # 6 F=0.3237 acc=[32.8 32.5 32.7]% syn/n=13.29 (17.8m)
  gen 10 # 7 F=0.3217 acc=[32.1 32.7 32.7]% syn/n=10.23 (17.8m)
  gen 10 # 8 F=0.3290 acc=[34.5 32.3 34.0]% syn/n=12.04 (17.8m)
  gen 10 # 9 F=0.3234 acc=[32.9 32.6 32.5]% syn/n=10.93 (17.8m)
  gen 10 #10 F=0.3218 acc=[32.8 32.1 33.6]% syn/n=16.33 (17.9m)
  gen 10 #11 F=0.3202 acc=[33.4 32.3 31.9]% syn/n=10.12 (17.9m)
  gen 10 #12 F=0.3218 acc=[32.1 32.4 33.8]% syn/n=11.39 (18.0m)
  gen 10 #13 F=0.3174 acc=[32.2 32.2 31.9]% syn/n=13.46 (18.0m)
  gen 10 #14 F=0.3234 acc=[33.4 32.1 33.3]% syn/n=16 (18.1m)
  gen 10 #15 F=0.3203 acc=[32.9 31.9 33.1]% syn/n=15.21 (18.1m)
gen 10: best F=0.3290 acc=[34.5 32.3 34.0]% mean F=0.3227 · {"inhib_frac":0.34493781363125886,"ff_fan":7,"rec_fan":0,"skip_fan":3,"fb_fan":0,"inh_fan":22,"w_exc":0.2685117683276485,"w_inh":0.33392137535900823,"rec_gain":0.6659095074493356,"fb_gain":0.5849939893350198,"delay_scale":2}
  gen 11 # 0 F=0.3088 acc=[31.4 30.7 32.0]% syn/n=12.01 (18.1m)
  gen 11 # 1 F=0.3155 acc=[32.1 31.4 32.5]% syn/n=12.01 (18.2m)
  gen 11 # 2 F=0.3108 acc=[30.9 31.7 32.4]% syn/n=14.37 (18.2m)
  gen 11 # 3 F=0.3078 acc=[31.3 31.6 30.7]% syn/n=13.19 (18.2m)
  gen 11 # 4 F=0.3076 acc=[31.1 30.7 31.7]% syn/n=11.33 (18.3m)
  gen 11 # 5 F=0.3029 acc=[29.7 31.5 32.0]% syn/n=13.53 (18.3m)
  gen 11 # 6 F=0.3084 acc=[31.3 30.8 31.4]% syn/n=10.35 (18.4m)
  gen 11 # 7 F=0.3009 acc=[30.7 29.9 31.5]% syn/n=14.45 (18.4m)
  gen 11 # 8 F=0.3009 acc=[30.9 30.5 30.2]% syn/n=15.55 (18.5m)
  gen 11 # 9 F=0.3102 acc=[31.3 31.2 31.8]% syn/n=13.19 (18.5m)
  gen 11 #10 F=0.3134 acc=[31.7 31.5 31.7]% syn/n=11.46 (18.5m)
  gen 11 #11 F=0.3061 acc=[31.0 30.9 30.9]% syn/n=16.65 (18.5m)
  gen 11 #12 F=0.3074 acc=[31.1 31.5 30.8]% syn/n=13.19 (18.5m)
  gen 11 #13 F=0.3082 acc=[31.4 31.2 30.9]% syn/n=11.03 (18.6m)
  gen 11 #14 F=0.3050 acc=[30.5 31.7 30.7]% syn/n=11.3 (18.6m)
  gen 11 #15 F=0.3108 acc=[31.3 31.4 32.2]% syn/n=16.96 (18.7m)
gen 11: best F=0.3155 acc=[32.1 31.4 32.5]% mean F=0.3078 · {"inhib_frac":0.34493781363125886,"ff_fan":7,"rec_fan":0,"skip_fan":3,"fb_fan":0,"inh_fan":22,"w_exc":0.21532933069015853,"w_inh":0.35774322232731276,"rec_gain":0.8018827029864426,"fb_gain":0.44640270833728557,"delay_scale":2}
v12-hand      F=0.3593 acc=[36.3 36.3 36.9]% syn/n=19.85
gen0-best     F=0.3605 acc=[36.3 36.3 37.5]% syn/n=16.84
evolved-best  F=0.3585 acc=[36.0 36.1 36.6]% syn/n=12.04

checkpoint: /Users/marycarrigan/coding/morpho-snn/snn/experiments/results/evolve-seed7.json
next: npm run experiment:evolve -- transfer /Users/marycarrigan/coding/morpho-snn/snn/experiments/results/evolve-seed7.json
